cost model: measured NBBO on 15493 of 147196 break rows (10.5%); imputation cells 23, global median 0.345%
== MDE (80% power, two-sided 5%) ==
| population | split | n | per-trade MDE80 (R) | green-week SE | green-week MDE80 (pp) |
| B0 pre-book | TRAIN | 3166 | 0.066 | 6.8 | 19.0 |
| B0 pre-book | VAL | 1775 | 0.088 | 10.3 | 28.9 |
| B1L pre-book | TRAIN | 2594 | 0.073 | 6.5 | 18.2 |
| B1L pre-book | VAL | 1293 | 0.106 | 10.3 | 28.9 |
| B1 pre-book | TRAIN | 3947 | 0.056 | 6.6 | 18.4 |
| B1 pre-book | VAL | 2140 | 0.078 | 10.3 | 28.9 |
| B2 pre-book | TRAIN | 4575 | 0.051 | 6.4 | 18.0 |
| B2 pre-book | VAL | 2452 | 0.071 | 10.3 | 28.9 |
| B3 pre-book | TRAIN | 2194 | 0.072 | 6.1 | 17.0 |
| B3 pre-book | VAL | 1029 | 0.109 | 10.4 | 29.2 |

== ex-tail diagnostics (never a rejection reason) ==
  B0 TRAIN: net -0.088 | ex-top-1% -0.109 | ex-top-5% -0.198
  B0 VAL: net -0.050 | ex-top-1% -0.073 | ex-top-5% -0.158
  B2 TRAIN: net -0.107 | ex-top-1% -0.129 | ex-top-5% -0.218
  B2 VAL: net +0.013 | ex-top-1% -0.010 | ex-top-5% -0.093

== entry_m deciles on B2, TRAIN edges, read in BOTH splits (gross R) ==
  TRAIN [577,578):+0.04(n490) [578,586):-0.07(n429) [586,594):-0.01(n474) [594,605):-0.02(n437) [605,615):-0.36(n585) [615,621):-0.69(n345) [621,649):-0.24(n446) [649,710):+0.09(n458) [710,803):+0.60(n486) [803,840):+0.55(n425)
  VAL   [577,578):+0.14(n382) [578,586):-0.01(n385) [586,594):+0.11(n292) [594,605):+0.13(n297) [605,615):-0.10(n178) [615,621):-0.14(n106) [621,649):-0.04(n327) [649,710):-0.02(n289) [710,803):-0.15(n155) [803,840):-0.25(n41)

== the day filter that looked best on VAL (D-c: SPY 09:30->10:00 up) ==
  TRAIN SPY-up days    days 133  pre-book n  3218 gross +0.046 | booked n  875 gross +0.034 net -0.035 $ -3,077
  TRAIN SPY-down days  days 109  pre-book n  1357 gross -0.114 | booked n  747 gross -0.125 net -0.191 $ -14,268
  VAL   SPY-up days    days  55  pre-book n  1458 gross +0.109 | booked n  372 gross +0.207 net +0.137 $ +5,112
  VAL   SPY-down days  days  47  pre-book n   994 gross -0.122 | booked n  334 gross -0.056 net -0.126 $ -4,219

== weekly dollars at the live $100 risk ==
  B2 TRAIN: +0(0) -289(8) -1442(39) +585(27) -548(36) -98(31) -290(32) -1077(30) -900(31) +757(42) -837(35) +307(24) -495(25) +379(35) -15(58) -1659(23) -2231(29) -507(24) +343(24) -406(30) -1174(39) -1539(24) +466(38) -907(35) -392(31) +751(31) +210(26) -2135(31) -1337(39) -98(30) -1427(29) +9(26) -644(34) +29(30) -444(23) -487(25) +1811(33) +1814(30) -1196(36) -1118(34) -51(44) -2017(49) +590(33) -366(24) -386(31) -462(33) +1379(47) +1271(18) +784(27) -705(41) -645(34) +232(22) -733(12)
    green 17/53  total -17,346  worst -2,231
  B2 VAL: +46(7) -100(32) -125(32) -764(34) -55(46) +193(33) +444(31) -957(33) +215(29) +751(39) -917(31) -781(30) -842(35) +377(24) -259(34) +822(31) -466(38) +1161(31) +1410(36) -517(45) +1371(30) -112(25) +0(0)
    green 10/23  total +893  worst -957
  D-g SPY-up & breadth>=mid TRAIN: +0(0) +0(0) -631(22) +152(23) +126(21) -97(5) -18(20) -461(8) +288(8) -3(17) -1001(17) +88(4) +0(0) +246(4) -660(36) -590(10) -1616(21) +0(0) +178(8) +73(6) -87(5) +52(5) +266(5) +0(0) +35(23) +153(21) +45(8) -384(6) -56(16) -419(5) -447(12) +9(26) -498(18) +0(0) -65(5) +643(6) +1661(19) +1676(18) -671(23) -1028(28) -663(23) -1162(25) +412(23) +0(15) -206(11) +400(11) +935(24) +677(4) +526(19) +270(8) -151(21) -104(10) -107(4)
    green 22/53  total -2,213  worst -1,617
  D-g SPY-up & breadth>=mid VAL: +46(7) +231(18) +141(4) +186(8) +28(22) +41(13) +180(13) +95(21) +313(8) +402(13) -269(15) -893(17) -827(23) +211(20) +243(13) +1076(19) -153(24) +150(19) +1461(28) +675(19) +1003(21) +493(13) +0(0)
    green 18/23  total +4,840  worst -893
