
================ F24 · ORB ================
| arm | split | booked | matched | coverage | ctrl/trade |
|---|---|---|---|---|---|
| sig | TRAIN | 210 | 204 | 97.1 % | 1 |
| sig | VAL | 140 | 136 | 97.1 % | 1 |
| b | TRAIN | 210 | 189 | 90.0 % | 24 |
| b | VAL | 140 | 133 | 95.0 % | 25 |
| a2 | TRAIN | 210 | 204 | 97.1 % | 10 |
| a2 | VAL | 140 | 136 | 97.1 % | 10 |
| u | TRAIN | 210 | 189 | 90.0 % | 19 |
| u | VAL | 140 | 133 | 95.0 % | 20 |

  PARITY (walker vs the book's own R, entered picks): n=340 corr=+0.683 walker mean +0.317 vs book +0.234

| object | split | n | gross R | ctrl mean | p5 | p95 | pctile | paired D | clust t | MDE |
|---|---|---|---|---|---|---|---|---|---|---|
| **the BOOKED signal minute** | TRAIN | 204 | +0.2161 | | | | | | +1.33 | 0.332 |
| b | TRAIN | 4255 | +0.2161 | +0.1094 | -0.0273 | +0.2336 | 92.5 | +0.1527 | +0.93 | 0.346 |
| a2 | TRAIN | 2040 | +0.2161 | +0.0184 | -0.0898 | +0.1098 | 100.0 | +0.1978 | +1.64 | 0.285 |
| u | TRAIN | 3595 | +0.2161 | +0.0696 | -0.0649 | +0.2087 | 95.5 | +0.1866 | +1.06 | 0.366 |
| **the BOOKED signal minute** | VAL | 136 | +0.4695 | | | | | | +1.92 | 0.656 |
| b | VAL | 3105 | +0.4695 | +0.0662 | -0.0859 | +0.2215 | 100.0 | +0.4359 | +1.72 | 0.667 |
| a2 | VAL | 1352 | +0.4695 | +0.1471 | +0.0167 | +0.2890 | 100.0 | +0.3239 | +1.45 | 0.594 |
| u | VAL | 2702 | +0.4695 | +0.0237 | -0.1185 | +0.1679 | 100.0 | +0.4789 | +1.89 | 0.667 |

| object | H1-2025 | H2-2025 | VAL |
|---|---|---|---|
| sig | +0.3569 | +0.1196 | +0.4695 |
| b | +0.2156 | +0.0371 | +0.0662 |
| a2 | +0.0917 | -0.0320 | +0.1471 |
| u | +0.0482 | +0.0838 | +0.0237 |

| arm | split | n | mean R | WR | stop % | lock % | flat % | eod % |
|---|---|---|---|---|---|---|---|---|
| sig | TRAIN | 204 | +0.2161 | 48.5 % | 45.1 % | 23.5 % | 28.4 % | 2.9 % |
| sig | VAL | 136 | +0.4695 | 47.1 % | 46.3 % | 11.8 % | 39.7 % | 2.2 % |
| b | TRAIN | 4255 | +0.1094 | 49.0 % | 33.5 % | 5.4 % | 59.9 % | 1.2 % |
| b | VAL | 3105 | +0.0662 | 47.7 % | 34.2 % | 5.5 % | 59.6 % | 0.6 % |
| a2 | TRAIN | 2040 | +0.0184 | 42.8 % | 33.5 % | 5.2 % | 56.3 % | 5.0 % |
| a2 | VAL | 1352 | +0.1471 | 51.1 % | 24.0 % | 3.8 % | 67.4 % | 4.9 % |
| u | TRAIN | 3595 | +0.0696 | 47.7 % | 32.0 % | 4.9 % | 60.6 % | 2.5 % |
| u | VAL | 2702 | +0.0237 | 47.3 % | 31.8 % | 3.7 % | 63.4 % | 1.1 % |

================ F24 · BF ================
| arm | split | booked | matched | coverage | ctrl/trade |
|---|---|---|---|---|---|
| sig | TRAIN | 34 | 32 | 94.1 % | 1 |
| sig | VAL | 15 | 15 | 100.0 % | 1 |
| b | TRAIN | 34 | 31 | 91.2 % | 21 |
| b | VAL | 15 | 14 | 93.3 % | 18 |
| a2 | TRAIN | 34 | 32 | 94.1 % | 10 |
| a2 | VAL | 15 | 15 | 100.0 % | 10 |
| u | TRAIN | 34 | 31 | 91.2 % | 19 |
| u | VAL | 15 | 14 | 93.3 % | 22 |

  PARITY (walker vs the book's own R, entered picks): n=50 corr=+0.677 walker mean +0.660 vs book +0.777

| object | split | n | gross R | ctrl mean | p5 | p95 | pctile | paired D | clust t | MDE |
|---|---|---|---|---|---|---|---|---|---|---|
| **the BOOKED signal minute** | TRAIN | 33 | +0.6914 | | | | | | +1.94 | 0.945 |
| b | TRAIN | 628 | +0.6914 | +0.1467 | -0.1695 | +0.4270 | 100.0 | +0.5074 | +1.34 | 0.982 |
| a2 | TRAIN | 330 | +0.6914 | +0.0453 | -0.2313 | +0.3314 | 100.0 | +0.6461 | +1.57 | 1.068 |
| u | TRAIN | 667 | +0.6914 | +0.0527 | -0.2208 | +0.4099 | 99.5 | +0.5632 | +1.55 | 0.957 |
| **the BOOKED signal minute** | VAL | 15 | +0.8163 | | | | | | +1.44 | 1.538 |
| b | VAL | 274 | +0.8163 | +0.1339 | -0.2739 | +0.4833 | 99.5 | +0.3487 | +0.58 | 1.587 |
| a2 | VAL | 150 | +0.8163 | +0.1943 | -0.2964 | +0.7193 | 97.5 | +0.6220 | +1.10 | 1.469 |
| u | VAL | 303 | +0.8163 | +0.0101 | -0.4426 | +0.4421 | 99.5 | +0.4815 | +0.88 | 1.511 |

| object | H1-2025 | H2-2025 | VAL |
|---|---|---|---|
| sig | +0.6357 | +0.7670 | +0.8163 |
| b | +0.2346 | +0.0346 | +0.1339 |
| a2 | -0.0544 | +0.1806 | +0.1943 |
| u | +0.1629 | -0.0726 | +0.0101 |

| arm | split | n | mean R | WR | stop % | trail % | flat % | eod % |
|---|---|---|---|---|---|---|---|---|
| sig | TRAIN | 33 | +0.6914 | 51.5 % | 48.5 % | 48.5 % | 3.0 % | 0.0 % |
| sig | VAL | 15 | +0.8163 | 53.3 % | 40.0 % | 53.3 % | 6.7 % | 0.0 % |
| b | TRAIN | 628 | +0.1467 | 49.0 % | 33.1 % | 12.7 % | 53.2 % | 1.0 % |
| b | VAL | 274 | +0.1339 | 49.6 % | 28.5 % | 7.7 % | 60.2 % | 3.6 % |
| a2 | TRAIN | 330 | +0.0453 | 44.5 % | 41.5 % | 23.3 % | 23.6 % | 11.5 % |
| a2 | VAL | 150 | +0.1943 | 50.0 % | 39.3 % | 36.0 % | 15.3 % | 9.3 % |
| u | TRAIN | 667 | +0.0527 | 44.8 % | 36.4 % | 12.0 % | 51.1 % | 0.4 % |
| u | VAL | 303 | +0.0101 | 47.9 % | 35.0 % | 6.3 % | 58.4 % | 0.3 % |

cells24.csv written (12 scored arm-cells)
