PRICE-SCALE AUDIT — Databento daily close vs Alpaca intraday last 1-min close
  n=50,276  mean ratio 1.000008  median 1.000000  share |1-r|>1% 0.736%
            n      mean  med  bias_bps
mo                                    
2025-01   485  0.999850  1.0       0.0
2025-02   867  0.999696  1.0       0.0
2025-03  1010  0.999999  1.0       0.0
2025-04  1818  1.000096  1.0       0.0
2025-05  2827  0.999987  1.0       0.0
2025-06  2221  0.999955  1.0       0.0
2025-07  3116  1.000077  1.0       0.0
2025-08  2631  1.000088  1.0       0.0
2025-09  3168  1.000122  1.0       0.0
2025-10  4401  1.000071  1.0       0.0
2025-11  2403  0.999878  1.0       0.0
2025-12  2808  1.000154  1.0       0.0
2026-01  4500  0.999822  1.0       0.0
2026-02  4088  0.999911  1.0       0.0
2026-03  2987  0.999932  1.0       0.0
2026-04  5237  1.000059  1.0       0.0
2026-05  5709  1.000080  1.0       0.0
