cost model: measured NBBO on 15493 of 147196 break rows (10.5%); imputation cells 23, global median 0.345%
cost model: measured NBBO on 15493 of 147196 break rows (10.5%); imputation cells 23, global median 0.345%
booked trades with a matched control: 2310 (TRAIN 1605 / VAL 705), median controls/trade 24
  BASE G3 TRAIN: margin +0.1829 t=+2.75
  BASE G3 VAL: margin +0.2452 t=+4.24
  BASE X0 TRAIN: margin +0.1228 t=+2.96
  BASE X0 VAL: margin +0.2400 t=+4.74

--- S1 asset class ---
| level | n | margin G3 | H1 | H2 | VAL | t(G3) | MDE | margin X0 | share of trades |
|---|---|---|---|---|---|---|---|---|---|
| stock | 1403 | +0.0819 | +0.0071 | +0.0738 | +0.1745 | +2.02 | 0.107 | +0.0806 | 60.7 % |
| unknown | 10 | +0.8730 | +0.7146 | +1.7396 | -0.0307 | +1.73 | 1.493 | +0.5602 | 0.4 % |
| wrapper | 897 | +0.3822 | +0.3986 | +0.3891 | +0.3566 | +3.80 | 0.187 | +0.2762 | 38.8 % |

--- S2 price band ---
| level | n | margin G3 | H1 | H2 | VAL | t(G3) | MDE | margin X0 | share of trades |
|---|---|---|---|---|---|---|---|---|---|
| $30-60 | 893 | +0.1810 | +0.0868 | +0.2704 | +0.1937 | +2.62 | 0.164 | +0.1615 | 38.7 % |
| <$30 | 799 | +0.1477 | +0.1356 | +0.0657 | +0.2685 | +2.51 | 0.156 | +0.1342 | 34.6 % |
| >=$60 | 618 | +0.3022 | +0.3467 | +0.2944 | +0.2778 | +4.17 | 0.193 | +0.1860 | 26.8 % |

--- S3 ADV$ band ---
| level | n | margin G3 | H1 | H2 | VAL | t(G3) | MDE | margin X0 | share of trades |
|---|---|---|---|---|---|---|---|---|---|
| $25-150M | 938 | +0.2612 | +0.2380 | +0.2858 | +0.2537 | +4.46 | 0.149 | +0.2318 | 40.6 % |
| <$25M | 484 | +0.0961 | -0.1461 | +0.1977 | +0.1847 | +1.42 | 0.173 | +0.1199 | 21.0 % |
| >=$150M | 888 | +0.1970 | +0.2171 | +0.0988 | +0.2651 | +2.47 | 0.177 | +0.1023 | 38.4 % |

--- S4 gap at the open ---
| level | n | margin G3 | H1 | H2 | VAL | t(G3) | MDE | margin X0 | share of trades |
|---|---|---|---|---|---|---|---|---|---|
| flat | 822 | +0.2187 | +0.1775 | +0.2025 | +0.2862 | +3.16 | 0.166 | +0.1603 | 35.6 % |
| gap<=-2% | 599 | +0.2136 | +0.2882 | +0.1716 | +0.1633 | +1.75 | 0.212 | +0.1437 | 25.9 % |
| gap>=+2% | 889 | +0.1786 | +0.0400 | +0.2252 | +0.2644 | +3.13 | 0.145 | +0.1670 | 38.5 % |

--- S5 rv_profile ---
| level | n | margin G3 | H1 | H2 | VAL | t(G3) | MDE | margin X0 | share of trades |
|---|---|---|---|---|---|---|---|---|---|
| rv<5 | 1531 | +0.2101 | +0.2124 | +0.2099 | +0.2077 | +3.12 | 0.132 | +0.1410 | 66.3 % |
| rv>=5 | 779 | +0.1858 | +0.0364 | +0.1944 | +0.3144 | +3.60 | 0.131 | +0.1932 | 33.7 % |

--- S6 sibling moved (causal) ---
| level | n | margin G3 | H1 | H2 | VAL | t(G3) | MDE | margin X0 | share of trades |
|---|---|---|---|---|---|---|---|---|---|
| alone | 2241 | +0.1914 | +0.1502 | +0.1869 | +0.2417 | +3.95 | 0.099 | +0.1560 | 97.0 % |
| sibling | 69 | +0.5449 | +0.4709 | +0.7474 | +0.3667 | +2.09 | 0.698 | +0.2415 | 3.0 % |

--- S7 listing age ---
| level | n | margin G3 | H1 | H2 | VAL | t(G3) | MDE | margin X0 | share of trades |
|---|---|---|---|---|---|---|---|---|---|
| new (<60 sessions) | 1038 | +0.2155 | +0.2290 | +0.0861 | +0.3855 | +2.51 | 0.154 | +0.1593 | 44.9 % |
| old | 1272 | +0.1909 | -0.0713 | +0.2639 | +0.2023 | +3.76 | 0.127 | +0.1580 | 55.1 % |

--- S8 entry-minute band ---
| level | n | margin G3 | H1 | H2 | VAL | t(G3) | MDE | margin X0 | share of trades |
|---|---|---|---|---|---|---|---|---|---|
| 09:37-10:30 | 1653 | +0.2196 | +0.1349 | +0.1997 | +0.3278 | +4.68 | 0.108 | +0.1685 | 71.6 % |
| 10:30-11:30 | 326 | +0.2854 | +0.3647 | +0.2934 | +0.1715 | +1.68 | 0.340 | +0.2452 | 14.1 % |
| 11:30-13:00 | 234 | +0.0027 | +0.0087 | +0.1246 | -0.1726 | +0.02 | 0.308 | +0.0072 | 10.1 % |
| 13:00-14:01 | 97 | +0.1014 | +0.1815 | +0.1970 | -0.1649 | +0.64 | 0.433 | +0.0645 | 4.2 % |

--- S9 dist_open_pct ---
| level | n | margin G3 | H1 | H2 | VAL | t(G3) | MDE | margin X0 | share of trades |
|---|---|---|---|---|---|---|---|---|---|
| 10-20% | 105 | +0.1289 | -0.0256 | +0.1502 | +0.1849 | +0.97 | 0.362 | +0.1202 | 4.5 % |
| 5-10% | 2192 | +0.2103 | +0.1705 | +0.2126 | +0.2525 | +4.11 | 0.102 | +0.1609 | 94.9 % |
| >=20% | 13 | -0.6166 | -0.5185 | -0.8442 | -0.5092 | -2.64 | 0.682 | +0.0843 | 0.6 % |

--- S10 dollar_frac terciles ---
| level | n | margin G3 | H1 | H2 | VAL | t(G3) | MDE | margin X0 | share of trades |
|---|---|---|---|---|---|---|---|---|---|
| T1 low | 666 | +0.3260 | +0.0988 | +0.4971 | +0.3258 | +4.53 | 0.176 | +0.2418 | 28.8 % |
| T2 | 666 | +0.2446 | +0.4777 | +0.1012 | +0.2241 | +2.53 | 0.206 | +0.1503 | 28.8 % |
| T3 high | 667 | +0.0766 | +0.0098 | +0.1012 | +0.1055 | +1.21 | 0.168 | +0.0967 | 28.9 % |

cells29.csv written (28 levels)
