== hod_frames3 / F11 — identify `consol_bars >= 20` ==
   splits scored: ('TRAIN', 'VAL')   (TEST sealed)

cost model: measured NBBO on 15493 of 147196 break rows (10.5%); imputation cells 23, global median 0.345%
== R1/R2 REPRODUCTION (ref B2: 1,622/30.6/-0.039/-0.107/32.1%/-17,346 | 706/30.7/+0.083/+0.013/43.5%/+893) ==
| cell                               | split | n     | /wk   | grossR | cost   | netR   |  t    | tc    | green | rs | worst $  | total $   | MDD $    | ex5    | imp |
|------|------|------|------|------|------|------|------|------|------|------|------|------|------|------|------|
| R1/R2 B2 shipped (pop.csv)         | TRAIN |  1622 |  30.6 | -0.039 | +0.068 | -0.107 | -3.42 | -2.99 |  32.1 |  5 |    -2231 |    -17346 |   -18929 | -0.218 |  49 |
| R1/R2 B2 shipped (pop.csv)         | VAL   |   706 |  30.7 | +0.083 | +0.070 | +0.013 | +0.27 | +0.26 |  43.5 |  4 |     -957 |       893 |    -2940 | -0.093 |  57 |
    halves H1 -0.077 (n 789) | H2 -0.003 (n 833) | VAL +0.083 (n 706) -> same-signed POSITIVE in all three: False
break rows 1188186 -> 1188186 after membership | symbol-days 98203 | days 344
  feat3 coverage: hl_n20 92.2% | lo_slope20 92.8% | atr_ratio 87.9% | consol_bars 100.0%
| R2b B2 rebuilt (this pass)         | TRAIN |  1622 |  30.6 | -0.039 | +0.068 | -0.107 | -3.42 | -2.99 |  32.1 |  5 |    -2231 |    -17346 |   -18929 | -0.218 |  49 |
| R2b B2 rebuilt (this pass)         | VAL   |   706 |  30.7 | +0.083 | +0.070 | +0.013 | +0.27 | +0.26 |  43.5 |  4 |     -957 |       893 |    -2940 | -0.093 |  57 |
    halves H1 -0.077 (n 789) | H2 -0.003 (n 833) | VAL +0.083 (n 706) -> same-signed POSITIVE in all three: False

== R3 REPRODUCTION — hod_fresh `consol_bars >= 20` rung x n5 stop (ref 1,411/26.6/+0.028/-0.041/34.0%/-5,749 | 714/31.0/+0.050/-0.023/47.8%/-1,629) ==
| R3 consol_bars>=20 (ge20)          | TRAIN |  1411 |  26.6 | +0.028 | +0.069 | -0.041 | -1.10 | -0.91 |  34.0 |  7 |    -1612 |     -5749 |    -9690 | -0.148 |  26 |
| R3 consol_bars>=20 (ge20)          | VAL   |   714 |  31.0 | +0.050 | +0.073 | -0.023 | -0.44 | -0.40 |  47.8 |  5 |    -1843 |     -1629 |    -6506 | -0.129 |  31 |
    halves H1 +0.005 (n 671) | H2 +0.049 (n 740) | VAL +0.050 (n 714) -> same-signed POSITIVE in all three: True

== R4 REPRODUCTION — C1 = ge20 x spy_r5>0 (ref 731/13.8/+0.100/+0.033/43.4%/+2,391 | 368/16.0/+0.123/+0.050/47.8%/+1,827) ==
| R4 C1 = ge20 x spy_r5>0            | TRAIN |   731 |  13.8 | +0.100 | +0.068 | +0.033 | +0.63 | +0.54 |  43.4 |  5 |    -1571 |      2391 |    -4116 | -0.071 |  24 |
| R4 C1 = ge20 x spy_r5>0            | VAL   |   368 |  16.0 | +0.123 | +0.073 | +0.050 | +0.69 | +0.66 |  47.8 |  4 |    -1067 |      1827 |    -3290 | -0.056 |  30 |
    halves H1 +0.123 (n 334) | H2 +0.082 (n 397) | VAL +0.123 (n 368) -> same-signed POSITIVE in all three: True

== AVAILABILITY AUDIT (B2 pre-book) — coverage, missingness on winners vs losers ==
  hl_n20       cov  67.2%  miss win  34.1% loss  32.0%
  lo_slope20   cov  68.1%  miss win  32.9% loss  31.1%
  atr_ratio    cov  58.4%  miss win  42.4% loss  41.1%
  atr_now      cov  76.1%  miss win  25.5% loss  22.7%
  consol_bars  cov 100.0%  miss win   0.0% loss   0.0%
  touch_n      cov 100.0%  miss win   0.0% loss   0.0%

   structural clock floors (min break_m of each admission, TRAIN):
     ge20                 min break_m 591 (= 591 -> 09:51 ET)
     hl_n20 defined       min break_m 591 (= 591 -> 09:51 ET)
     atr_ratio defined    min break_m 599 (= 599 -> 09:59 ET)

   what ge20 SELECTS vs the base (TRAIN book rows): price med 37.37 vs 37.11 | spread/R med 0.0932 vs 0.0879 | break_m med 636 vs 592

   PREREG §2 thresholds from R3 TRAIN: P20 = 37.3700  S20 = 0.093213


================ F11 — THE DECOMPOSITION (10 cells) ================
| F11-a1 hl_n20>=12                  | TRAIN |  1615 |  30.5 | -0.042 | +0.070 | -0.112 | -3.35 | -2.88 |  34.0 |  7 |    -1861 |    -18166 |   -19115 | -0.223 |  42 |
| F11-a1 hl_n20>=12                  | VAL   |   767 |  33.3 | +0.074 | +0.073 | +0.001 | +0.02 | +0.02 |  47.8 |  5 |    -1576 |        81 |    -4934 | -0.105 |  51 |
    halves H1 -0.084 (n 777) | H2 -0.003 (n 838) | VAL +0.074 (n 767) -> same-signed POSITIVE in all three: False
| F11-a2 hl_n20>=16                  | TRAIN |   513 |   9.7 | +0.019 | +0.076 | -0.057 | -0.94 | -0.80 |  45.3 |  6 |    -1127 |     -2907 |    -5321 | -0.166 |  62 |
| F11-a2 hl_n20>=16                  | VAL   |   294 |  12.8 | +0.008 | +0.079 | -0.070 | -0.88 | -0.69 |  39.1 |  4 |    -1038 |     -2071 |    -4013 | -0.181 |  70 |
    halves H1 -0.010 (n 227) | H2 +0.043 (n 286) | VAL +0.008 (n 294) -> same-signed POSITIVE in all three: False
| F11-a3 lo_slope20>0                | TRAIN |  1697 |  32.0 | -0.056 | +0.068 | -0.124 | -3.84 | -3.15 |  32.1 |  7 |    -2572 |    -21106 |   -21106 | -0.235 |  37 |
| F11-a3 lo_slope20>0                | VAL   |   790 |  34.3 | +0.021 | +0.073 | -0.052 | -1.08 | -0.88 |  39.1 | 11 |    -1908 |     -4081 |    -9478 | -0.160 |  47 |
    halves H1 -0.043 (n 812) | H2 -0.068 (n 885) | VAL +0.021 (n 790) -> same-signed POSITIVE in all three: False
| F11-b1 atr_ratio<=0.8              | TRAIN |   732 |  13.8 | -0.061 | +0.078 | -0.139 | -2.76 | -2.50 |  34.0 |  7 |    -1488 |    -10162 |   -10531 | -0.252 |  55 |
| F11-b1 atr_ratio<=0.8              | VAL   |   486 |  21.1 | -0.031 | +0.083 | -0.114 | -1.83 | -1.63 |  39.1 |  5 |    -1349 |     -5537 |    -6720 | -0.227 |  65 |
    halves H1 +0.003 (n 335) | H2 -0.114 (n 397) | VAL -0.031 (n 486) -> same-signed POSITIVE in all three: False
| F11-b2 atr_ratio<=0.6              | TRAIN |   151 |   2.8 | -0.074 | +0.089 | -0.163 | -1.45 | -1.52 |  24.5 | 10 |     -353 |     -2454 |    -3171 | -0.282 |  68 |
| F11-b2 atr_ratio<=0.6              | VAL   |   151 |   6.6 | -0.087 | +0.092 | -0.179 | -1.58 | -1.32 |  34.8 |  4 |     -659 |     -2706 |    -3266 | -0.299 |  83 |
    halves H1 -0.236 (n 67) | H2 +0.056 (n 84) | VAL -0.087 (n 151) -> same-signed POSITIVE in all three: False
| F11-c1 break_m>=590 [clock]        | TRAIN |  1720 |  32.5 | -0.023 | +0.067 | -0.091 | -2.78 | -2.31 |  39.6 |  6 |    -2393 |    -15567 |   -16413 | -0.200 |  37 |
| F11-c1 break_m>=590 [clock]        | VAL   |   797 |  34.7 | +0.064 | +0.071 | -0.007 | -0.15 | -0.14 |  39.1 |  6 |    -1435 |      -578 |    -6576 | -0.112 |  46 |
    halves H1 -0.019 (n 836) | H2 -0.028 (n 884) | VAL +0.064 (n 797) -> same-signed POSITIVE in all three: False
| F11-c2 break_m>=600 [clock]        | TRAIN |  1660 |  31.3 | -0.062 | +0.068 | -0.130 | -3.90 | -3.18 |  32.1 |  6 |    -2644 |    -21499 |   -23358 | -0.241 |  35 |
| F11-c2 break_m>=600 [clock]        | VAL   |   782 |  34.0 | -0.025 | +0.072 | -0.097 | -2.03 | -1.76 |  39.1 |  6 |    -2540 |     -7589 |   -11149 | -0.209 |  42 |
    halves H1 -0.081 (n 788) | H2 -0.044 (n 872) | VAL -0.025 (n 782) -> same-signed POSITIVE in all three: False
| F11-d1 price>=37.4 [filter]        | TRAIN |  1200 |  22.6 | -0.031 | +0.070 | -0.101 | -2.73 | -2.25 |  37.7 |  7 |    -1789 |    -12075 |   -13800 | -0.210 |  45 |
| F11-d1 price>=37.4 [filter]        | VAL   |   622 |  27.0 | +0.007 | +0.073 | -0.066 | -1.32 | -1.22 |  52.2 |  5 |    -1906 |     -4106 |    -7194 | -0.177 |  51 |
    halves H1 -0.114 (n 553) | H2 +0.040 (n 647) | VAL +0.007 (n 622) -> same-signed POSITIVE in all three: False
| F11-d2 spread/R<=0.0932 [filter]   | TRAIN |  1360 |  25.7 | -0.077 | +0.047 | -0.124 | -3.63 | -3.02 |  30.2 | 11 |    -1854 |    -16817 |   -16817 | -0.235 |  34 |
| F11-d2 spread/R<=0.0932 [filter]   | VAL   |   635 |  27.6 | +0.041 | +0.049 | -0.007 | -0.15 | -0.14 |  52.2 |  6 |    -1408 |      -476 |    -4886 | -0.113 |  46 |
    halves H1 -0.143 (n 662) | H2 -0.014 (n 698) | VAL +0.041 (n 635) -> same-signed POSITIVE in all three: False

-- SEPARATION: inside the clock admission (break_m>=590): consol_bars>=20 kept vs rejected  (column = rr) --
| split | n kept | n rej | kept | rej | delta | iid t | CLUSTERED t | halves kept |
|---|---|---|---|---|---|---|---|---|
| TRAIN | 1608 | 2368 | +0.016 | -0.003 | +0.018 | +0.43 | +0.09 | H1 -0.032 / H2 +0.065 |
| VAL | 1026 | 1023 | -0.046 | +0.087 | -0.133 | -2.29 | -1.84 |  |

-- SEPARATION: the same, on SPY-up days only (C1 s own day gate)  (column = rr) --
| split | n kept | n rej | kept | rej | delta | iid t | CLUSTERED t | halves kept |
|---|---|---|---|---|---|---|---|---|
| TRAIN | 847 | 1209 | +0.144 | +0.279 | -0.135 | -2.34 | -0.57 | H1 +0.171 / H2 +0.117 |
| VAL | 579 | 558 | +0.030 | +0.218 | -0.188 | -2.37 | -1.77 |  |

-- SEPARATION: inside the BASE first-break population: break_m>=590 kept vs rejected  (column = rr) --
| split | n kept | n rej | kept | rej | delta | iid t | CLUSTERED t | halves kept |
|---|---|---|---|---|---|---|---|---|
| TRAIN | 3379 | 1196 | +0.005 | -0.020 | +0.025 | +0.62 | +0.14 | H1 +0.004 / H2 +0.006 |
| VAL | 1518 | 934 | -0.024 | +0.078 | -0.102 | -1.98 | -1.48 |  |

-- F11-x1 conditional cross: eligible (a)/(b) cells = []
   NOT SCORED — no (a)/(b) cell is same-signed-positive on gross in H1/H2/VAL at >=10 trades/week.  Reported as declared.


== count-matched permutation null on green weeks (2,000 draws) ==
| cell | split | observed green % | null mean | [p5, p95] | outside? |
|---|---|---|---|---|---|
| R1/R2 B2 shipped (pop.csv) | TRAIN | 32.1 | 30.8 | [24.5, 37.7] | inside |
| R1/R2 B2 shipped (pop.csv) | VAL | 43.5 | 49.5 | [39.1, 60.9] | inside |
| R2b B2 rebuilt (this pass) | TRAIN | 32.1 | 30.8 | [24.5, 37.7] | inside |
| R2b B2 rebuilt (this pass) | VAL | 43.5 | 49.5 | [39.1, 60.9] | inside |
| R3 consol_bars>=20 (ge20) | TRAIN | 34.0 | 42.4 | [35.8, 49.1] | below |
| R3 consol_bars>=20 (ge20) | VAL | 47.8 | 43.6 | [34.8, 52.2] | inside |
| R4 C1 = ge20 x spy_r5>0 | TRAIN | 43.4 | 49.2 | [41.5, 56.6] | inside |
| R4 C1 = ge20 x spy_r5>0 | VAL | 47.8 | 50.0 | [39.1, 60.9] | inside |
| F11-a1 hl_n20>=12 | TRAIN | 34.0 | 31.2 | [24.5, 37.7] | inside |
| F11-a1 hl_n20>=12 | VAL | 47.8 | 47.4 | [39.1, 56.5] | inside |
| F11-a2 hl_n20>=16 | TRAIN | 45.3 | 42.5 | [35.8, 49.1] | inside |
| F11-a2 hl_n20>=16 | VAL | 39.1 | 40.1 | [30.4, 52.2] | inside |
| F11-a3 lo_slope20>0 | TRAIN | 32.1 | 28.7 | [22.6, 35.8] | inside |
| F11-a3 lo_slope20>0 | VAL | 39.1 | 38.3 | [30.4, 47.8] | inside |
| F11-b1 atr_ratio<=0.8 | TRAIN | 34.0 | 33.8 | [26.4, 39.6] | inside |
| F11-b1 atr_ratio<=0.8 | VAL | 39.1 | 32.3 | [21.7, 43.5] | inside |
| F11-b2 atr_ratio<=0.6 | TRAIN | 24.5 | 35.6 | [30.2, 41.5] | below |
| F11-b2 atr_ratio<=0.6 | VAL | 34.8 | 33.2 | [21.7, 43.5] | inside |
| F11-c1 break_m>=590 [clock] | TRAIN | 39.6 | 33.9 | [26.4, 41.5] | inside |
| F11-c1 break_m>=590 [clock] | VAL | 39.1 | 46.1 | [34.8, 56.5] | inside |
| F11-c2 break_m>=600 [clock] | TRAIN | 32.1 | 28.7 | [22.6, 35.8] | inside |
| F11-c2 break_m>=600 [clock] | VAL | 39.1 | 31.3 | [21.7, 43.5] | inside |
| F11-d1 price>=37.4 [filter] | TRAIN | 37.7 | 34.1 | [28.3, 41.5] | inside |
| F11-d1 price>=37.4 [filter] | VAL | 52.2 | 36.5 | [26.1, 47.8] | ABOVE |
| F11-d2 spread/R<=0.0932 [filter] | TRAIN | 30.2 | 29.6 | [22.6, 35.8] | inside |
| F11-d2 spread/R<=0.0932 [filter] | VAL | 52.2 | 46.0 | [34.8, 56.5] | inside |

== BOTH BARS ==
G1 (TRAIN net>0, iid t>=2, CLUSTERED t>=2, >=10/wk): 0 of 13 -> []
LIVE-EXPLORATION BAR: 0 -> []

MDE (80% power, per trade, net):
  R1/R2 B2 shipped (pop.csv)           TRAIN 0.088 VAL 0.132
  R2b B2 rebuilt (this pass)           TRAIN 0.088 VAL 0.132
  R3 consol_bars>=20 (ge20)            TRAIN 0.103 VAL 0.144
  R4 C1 = ge20 x spy_r5>0              TRAIN 0.146 VAL 0.202
  F11-a1 hl_n20>=12                    TRAIN 0.094 VAL 0.137
  F11-a2 hl_n20>=16                    TRAIN 0.169 VAL 0.224
  F11-a3 lo_slope20>0                  TRAIN 0.091 VAL 0.133
  F11-b1 atr_ratio<=0.8                TRAIN 0.141 VAL 0.175
  F11-b2 atr_ratio<=0.6                TRAIN 0.314 VAL 0.317
  F11-c1 break_m>=590 [clock]          TRAIN 0.091 VAL 0.133
  F11-c2 break_m>=600 [clock]          TRAIN 0.093 VAL 0.134
  F11-d1 price>=37.4 [filter]          TRAIN 0.103 VAL 0.140
  F11-d2 spread/R<=0.0932 [filter]     TRAIN 0.095 VAL 0.138

== PREREG VERDICT RULE ==
  (a)/(b) mechanism cells same-signed-positive at >=10/wk: []
  (c)/(d) clock/liquidity cells same-signed-positive at >=10/wk: []
  -> UNRESOLVED by the pre-committed rule; the difference test is the evidence.

DONE
