BT config (B+ parity): account=$26,667 N=8 risk=$375 threshold=0.012081536791 pdr_veto>=11.0 g1(True, rv20>=7.106, pdr>=9.226, short_history_veto=False) range_size_veto(True, <= 2.221) book=analysis_results/orb_bplus_book.csv
BT config (winner stack): atr_floor=ON k=0.25 scale_out=ON frac=0.4 level_r=3.0
/home/ec2-user/onemil/research/mature_method/frames8/parity8b.py:68: UserWarning: no explicit representation of timezones available for np.datetime64
  k = np.where(bars['timestamp'].values >= np.datetime64(brk))[0]
/home/ec2-user/onemil/research/mature_method/frames8/parity8b.py:68: UserWarning: no explicit representation of timezones available for np.datetime64
  k = np.where(bars['timestamp'].values >= np.datetime64(brk))[0]
/home/ec2-user/onemil/research/mature_method/frames8/parity8b.py:68: UserWarning: no explicit representation of timezones available for np.datetime64
  k = np.where(bars['timestamp'].values >= np.datetime64(brk))[0]
/home/ec2-user/onemil/research/mature_method/frames8/parity8b.py:68: UserWarning: no explicit representation of timezones available for np.datetime64
  k = np.where(bars['timestamp'].values >= np.datetime64(brk))[0]
/home/ec2-user/onemil/research/mature_method/frames8/parity8b.py:68: UserWarning: no explicit representation of timezones available for np.datetime64
  k = np.where(bars['timestamp'].values >= np.datetime64(brk))[0]
/home/ec2-user/onemil/research/mature_method/frames8/parity8b.py:68: UserWarning: no explicit representation of timezones available for np.datetime64
  k = np.where(bars['timestamp'].values >= np.datetime64(brk))[0]
/home/ec2-user/onemil/research/mature_method/frames8/parity8b.py:68: UserWarning: no explicit representation of timezones available for np.datetime64
  k = np.where(bars['timestamp'].values >= np.datetime64(brk))[0]
/home/ec2-user/onemil/research/mature_method/frames8/parity8b.py:68: UserWarning: no explicit representation of timezones available for np.datetime64
  k = np.where(bars['timestamp'].values >= np.datetime64(brk))[0]
/home/ec2-user/onemil/research/mature_method/frames8/parity8b.py:68: UserWarning: no explicit representation of timezones available for np.datetime64
  k = np.where(bars['timestamp'].values >= np.datetime64(brk))[0]
/home/ec2-user/onemil/research/mature_method/frames8/parity8b.py:68: UserWarning: no explicit representation of timezones available for np.datetime64
  k = np.where(bars['timestamp'].values >= np.datetime64(brk))[0]
/home/ec2-user/onemil/research/mature_method/frames8/parity8b.py:68: UserWarning: no explicit representation of timezones available for np.datetime64
  k = np.where(bars['timestamp'].values >= np.datetime64(brk))[0]
/home/ec2-user/onemil/research/mature_method/frames8/parity8b.py:68: UserWarning: no explicit representation of timezones available for np.datetime64
  k = np.where(bars['timestamp'].values >= np.datetime64(brk))[0]
/home/ec2-user/onemil/research/mature_method/frames8/parity8b.py:68: UserWarning: no explicit representation of timezones available for np.datetime64
  k = np.where(bars['timestamp'].values >= np.datetime64(brk))[0]
/home/ec2-user/onemil/research/mature_method/frames8/parity8b.py:68: UserWarning: no explicit representation of timezones available for np.datetime64
  k = np.where(bars['timestamp'].values >= np.datetime64(brk))[0]
/home/ec2-user/onemil/research/mature_method/frames8/parity8b.py:68: UserWarning: no explicit representation of timezones available for np.datetime64
  k = np.where(bars['timestamp'].values >= np.datetime64(brk))[0]
/home/ec2-user/onemil/research/mature_method/frames8/parity8b.py:68: UserWarning: no explicit representation of timezones available for np.datetime64
  k = np.where(bars['timestamp'].values >= np.datetime64(brk))[0]
/home/ec2-user/onemil/research/mature_method/frames8/parity8b.py:68: UserWarning: no explicit representation of timezones available for np.datetime64
  k = np.where(bars['timestamp'].values >= np.datetime64(brk))[0]
/home/ec2-user/onemil/research/mature_method/frames8/parity8b.py:68: UserWarning: no explicit representation of timezones available for np.datetime64
  k = np.where(bars['timestamp'].values >= np.datetime64(brk))[0]
/home/ec2-user/onemil/research/mature_method/frames8/parity8b.py:68: UserWarning: no explicit representation of timezones available for np.datetime64
  k = np.where(bars['timestamp'].values >= np.datetime64(brk))[0]
/home/ec2-user/onemil/research/mature_method/frames8/parity8b.py:68: UserWarning: no explicit representation of timezones available for np.datetime64
  k = np.where(bars['timestamp'].values >= np.datetime64(brk))[0]
/home/ec2-user/onemil/research/mature_method/frames8/parity8b.py:68: UserWarning: no explicit representation of timezones available for np.datetime64
  k = np.where(bars['timestamp'].values >= np.datetime64(brk))[0]
/home/ec2-user/onemil/research/mature_method/frames8/parity8b.py:68: UserWarning: no explicit representation of timezones available for np.datetime64
  k = np.where(bars['timestamp'].values >= np.datetime64(brk))[0]
/home/ec2-user/onemil/research/mature_method/frames8/parity8b.py:68: UserWarning: no explicit representation of timezones available for np.datetime64
  k = np.where(bars['timestamp'].values >= np.datetime64(brk))[0]
/home/ec2-user/onemil/research/mature_method/frames8/parity8b.py:68: UserWarning: no explicit representation of timezones available for np.datetime64
  k = np.where(bars['timestamp'].values >= np.datetime64(brk))[0]
/home/ec2-user/onemil/research/mature_method/frames8/parity8b.py:68: UserWarning: no explicit representation of timezones available for np.datetime64
  k = np.where(bars['timestamp'].values >= np.datetime64(brk))[0]
/home/ec2-user/onemil/research/mature_method/frames8/parity8b.py:68: UserWarning: no explicit representation of timezones available for np.datetime64
  k = np.where(bars['timestamp'].values >= np.datetime64(brk))[0]
/home/ec2-user/onemil/research/mature_method/frames8/parity8b.py:68: UserWarning: no explicit representation of timezones available for np.datetime64
  k = np.where(bars['timestamp'].values >= np.datetime64(brk))[0]
/home/ec2-user/onemil/research/mature_method/frames8/parity8b.py:68: UserWarning: no explicit representation of timezones available for np.datetime64
  k = np.where(bars['timestamp'].values >= np.datetime64(brk))[0]
/home/ec2-user/onemil/research/mature_method/frames8/parity8b.py:68: UserWarning: no explicit representation of timezones available for np.datetime64
  k = np.where(bars['timestamp'].values >= np.datetime64(brk))[0]
/home/ec2-user/onemil/research/mature_method/frames8/parity8b.py:68: UserWarning: no explicit representation of timezones available for np.datetime64
  k = np.where(bars['timestamp'].values >= np.datetime64(brk))[0]
/home/ec2-user/onemil/research/mature_method/frames8/parity8b.py:68: UserWarning: no explicit representation of timezones available for np.datetime64
  k = np.where(bars['timestamp'].values >= np.datetime64(brk))[0]
/home/ec2-user/onemil/research/mature_method/frames8/parity8b.py:68: UserWarning: no explicit representation of timezones available for np.datetime64
  k = np.where(bars['timestamp'].values >= np.datetime64(brk))[0]
/home/ec2-user/onemil/research/mature_method/frames8/parity8b.py:68: UserWarning: no explicit representation of timezones available for np.datetime64
  k = np.where(bars['timestamp'].values >= np.datetime64(brk))[0]
/home/ec2-user/onemil/research/mature_method/frames8/parity8b.py:68: UserWarning: no explicit representation of timezones available for np.datetime64
  k = np.where(bars['timestamp'].values >= np.datetime64(brk))[0]
/home/ec2-user/onemil/research/mature_method/frames8/parity8b.py:68: UserWarning: no explicit representation of timezones available for np.datetime64
  k = np.where(bars['timestamp'].values >= np.datetime64(brk))[0]
/home/ec2-user/onemil/research/mature_method/frames8/parity8b.py:68: UserWarning: no explicit representation of timezones available for np.datetime64
  k = np.where(bars['timestamp'].values >= np.datetime64(brk))[0]
/home/ec2-user/onemil/research/mature_method/frames8/parity8b.py:68: UserWarning: no explicit representation of timezones available for np.datetime64
  k = np.where(bars['timestamp'].values >= np.datetime64(brk))[0]
/home/ec2-user/onemil/research/mature_method/frames8/parity8b.py:68: UserWarning: no explicit representation of timezones available for np.datetime64
  k = np.where(bars['timestamp'].values >= np.datetime64(brk))[0]
/home/ec2-user/onemil/research/mature_method/frames8/parity8b.py:68: UserWarning: no explicit representation of timezones available for np.datetime64
  k = np.where(bars['timestamp'].values >= np.datetime64(brk))[0]
/home/ec2-user/onemil/research/mature_method/frames8/parity8b.py:68: UserWarning: no explicit representation of timezones available for np.datetime64
  k = np.where(bars['timestamp'].values >= np.datetime64(brk))[0]
/home/ec2-user/onemil/research/mature_method/frames8/parity8b.py:68: UserWarning: no explicit representation of timezones available for np.datetime64
  k = np.where(bars['timestamp'].values >= np.datetime64(brk))[0]
/home/ec2-user/onemil/research/mature_method/frames8/parity8b.py:68: UserWarning: no explicit representation of timezones available for np.datetime64
  k = np.where(bars['timestamp'].values >= np.datetime64(brk))[0]
/home/ec2-user/onemil/research/mature_method/frames8/parity8b.py:68: UserWarning: no explicit representation of timezones available for np.datetime64
  k = np.where(bars['timestamp'].values >= np.datetime64(brk))[0]
/home/ec2-user/onemil/research/mature_method/frames8/parity8b.py:68: UserWarning: no explicit representation of timezones available for np.datetime64
  k = np.where(bars['timestamp'].values >= np.datetime64(brk))[0]
/home/ec2-user/onemil/research/mature_method/frames8/parity8b.py:68: UserWarning: no explicit representation of timezones available for np.datetime64
  k = np.where(bars['timestamp'].values >= np.datetime64(brk))[0]
/home/ec2-user/onemil/research/mature_method/frames8/parity8b.py:68: UserWarning: no explicit representation of timezones available for np.datetime64
  k = np.where(bars['timestamp'].values >= np.datetime64(brk))[0]
/home/ec2-user/onemil/research/mature_method/frames8/parity8b.py:68: UserWarning: no explicit representation of timezones available for np.datetime64
  k = np.where(bars['timestamp'].values >= np.datetime64(brk))[0]
/home/ec2-user/onemil/research/mature_method/frames8/parity8b.py:68: UserWarning: no explicit representation of timezones available for np.datetime64
  k = np.where(bars['timestamp'].values >= np.datetime64(brk))[0]
/home/ec2-user/onemil/research/mature_method/frames8/parity8b.py:68: UserWarning: no explicit representation of timezones available for np.datetime64
  k = np.where(bars['timestamp'].values >= np.datetime64(brk))[0]
/home/ec2-user/onemil/research/mature_method/frames8/parity8b.py:68: UserWarning: no explicit representation of timezones available for np.datetime64
  k = np.where(bars['timestamp'].values >= np.datetime64(brk))[0]
P4 G1 vs simulate_static_lock: matched 27, deviations 0, force-close (declared convention deviation) 23, of 50 real ORB trades
P5 G2 stop path vs bf_trail.arm_and_ratchet: n=400  max|d| = 0.000e+00
PARITY 4-5 OK
