cost model: measured NBBO on 15493 of 147196 break rows (10.5%); imputation cells 23, global median 0.345%
signals 7027  booked 2328
arm b 51051  arm d 288174  arm a' 23167
344 sessions to walk (0 done)
  [1/344] 2025-01-10 syms 110 sig 14 a 80 b 90 d 495
  [11/344] 2025-01-27 syms 155 sig 23 a 80 b 163 d 875
  [21/344] 2025-02-10 syms 157 sig 14 a 80 b 171 d 995
  [31/344] 2025-02-25 syms 85 sig 10 a 40 b 61 d 375
  [41/344] 2025-03-11 syms 170 sig 28 a 100 b 245 d 1250
  [51/344] 2025-03-25 syms 26 sig 1 a 10 b 21 d 125
  [61/344] 2025-04-08 syms 191 sig 25 a 120 b 300 d 1500
  [71/344] 2025-04-23 syms 153 sig 17 a 90 b 219 d 1125
  [81/344] 2025-05-07 syms 109 sig 9 a 40 b 87 d 500
  [91/344] 2025-05-21 syms 146 sig 14 a 90 b 191 d 1115
  [101/344] 2025-06-05 syms 160 sig 10 a 100 b 236 d 1245
  [111/344] 2025-06-20 syms 171 sig 12 a 80 b 182 d 1000
  [121/344] 2025-07-08 syms 110 sig 15 a 80 b 187 d 995
  [131/344] 2025-07-22 syms 164 sig 9 a 70 b 146 d 865
  [141/344] 2025-08-05 syms 136 sig 18 a 60 b 120 d 750
  [151/344] 2025-08-19 syms 82 sig 8 a 40 b 79 d 500
  [161/344] 2025-09-03 syms 112 sig 7 a 60 b 142 d 750
  [171/344] 2025-09-17 syms 131 sig 10 a 60 b 123 d 750
  [181/344] 2025-10-01 syms 136 sig 27 a 60 b 141 d 745
  [191/344] 2025-10-15 syms 242 sig 27 a 100 b 206 d 1250
  [201/344] 2025-10-29 syms 164 sig 19 a 60 b 124 d 750
  [211/344] 2025-11-12 syms 137 sig 12 a 70 b 161 d 875
  [221/344] 2025-11-26 syms 137 sig 10 a 70 b 160 d 870
  [231/344] 2025-12-12 syms 159 sig 11 a 80 b 155 d 1000
  [241/344] 2025-12-30 syms 104 sig 6 a 60 b 122 d 750
  [251/344] 2026-01-14 syms 183 sig 17 a 80 b 157 d 1000
  [261/344] 2026-01-29 syms 161 sig 11 a 53 b 137 d 750
  [271/344] 2026-02-12 syms 166 sig 25 a 80 b 178 d 1000
  [281/344] 2026-02-27 syms 129 sig 19 a 70 b 162 d 875
  [291/344] 2026-03-13 syms 139 sig 12 a 70 b 158 d 875
  [301/344] 2026-03-27 syms 121 sig 20 a 70 b 159 d 875
  [311/344] 2026-04-13 syms 163 sig 32 a 60 b 133 d 750
  [321/344] 2026-04-27 syms 189 sig 20 a 80 b 177 d 1000
  [331/344] 2026-05-11 syms 243 sig 66 a 90 b 198 d 1120
  [341/344] 2026-05-26 syms 114 sig 34 a 40 b 86 d 500
  [344/344] 2026-05-29 syms 121 sig 21 a 40 b 86 d 500
WALK25 DONE
