symbol-days to walk 186625 over 347 days [2025-01-10 .. 2026-05-29]  (TEST sealed)
loading daily ATR20 (prior 20 sessions) ...
  atr20d rows 2143352, non-null 93.8%
1/327 2025-02-10 sig+335
21/327 2025-03-11 sig+460
41/327 2025-04-08 sig+212
61/327 2025-05-07 sig+286
81/327 2025-06-05 sig+327
101/327 2025-07-07 sig+283
121/327 2025-08-04 sig+394
141/327 2025-09-02 sig+418
161/327 2025-09-30 sig+281
181/327 2025-10-28 sig+336
201/327 2025-11-25 sig+385
221/327 2025-12-24 sig+201
241/327 2026-01-26 sig+266
261/327 2026-02-24 sig+837
281/327 2026-03-24 sig+414
301/327 2026-04-22 sig+481
321/327 2026-05-20 sig+619
PASS DONE
