== hod_preopen_regime — scoring PREREG.md §3 ==
cost model: measured NBBO on 15493 of 147196 break rows (10.5%); imputation cells 23, global median 0.345%

== REPRODUCTION GATE (must match hod_filter_stack/REPORT.md §2 to the dollar) ==
| cell                                   | split |     n |  /wk |  grossR |    netR |     t | green |  flat | rs |   worst |    total |      mdd | grnMo |
|------|------|------|------|------|------|------|------|------|------|------|------|------|------|
| B0                                     | TRAIN |  1688 | 31.8 | -0.027 | -0.088 | -2.64 |  41.5 |   1.9 |  7 |    -2718 |    -14835 |   -17209 |  25.0 |
| B0                                     | VAL   |   820 | 35.7 | +0.016 | -0.050 | -1.06 |  43.5 |   4.3 |  6 |    -2076 |     -4128 |    -7519 |  40.0 |
| B2                                     | TRAIN |  1622 | 30.6 | -0.039 | -0.107 | -3.42 |  32.1 |   1.9 |  5 |    -2231 |    -17346 |   -18929 |  25.0 |
| B2                                     | VAL   |   706 | 30.7 | +0.083 | +0.013 | +0.27 |  43.5 |   4.3 |  4 |     -957 |      +893 |    -2940 |  40.0 |
| B3                                     | TRAIN |  1204 | 22.7 | -0.074 | -0.114 | -3.13 |  26.4 |   1.9 | 13 |    -1403 |    -13723 |   -14063 |   8.3 |
| B3                                     | VAL   |   596 | 25.9 | +0.047 | +0.005 | +0.10 |  47.8 |   4.3 |  6 |    -1450 |      +313 |    -5019 |  60.0 |
  reference §2: B0 TRAIN 1688 -0.027 -0.088 41.5 -14835 | B0 VAL 820 +0.016 -0.050 43.5 -4128
                B2 TRAIN 1622 -0.039 -0.107 32.1 -17346 | B2 VAL  706 +0.083 +0.013 43.5   +893
                B3 TRAIN 1204 -0.074 -0.114 26.4 -13723 | B3 VAL  596 +0.047 +0.005 47.8   +313

  EARLIEST DECISION: min entry_m = 577 (break bar closes at 577 ET-min = 09:37); every 09:35 field precedes it.  pre-10:00 share of B2 = 43.3%

  TRAIN edges printed BEFORE scoring: |spy_gap| median 0.283% | spy_r5 top-tercile edge +0.039% | spy_vol20 bot edge 11.13 | qqq_vol20 bot edge 14.01 | weekday gross 0:-0.312 1:-0.058 2:+0.329 3:-0.010 4:-0.005 -> worst 0

== A. PRE-09:35 DAY GATES on B2 ==
| cell                                   | split |     n |  /wk |  grossR |    netR |     t | green |  flat | rs |   worst |    total |      mdd | grnMo |
|------|------|------|------|------|------|------|------|------|------|------|------|------|------|
| A1 spy_gap>0 [B2]                      | TRAIN |   941 | 17.8 | -0.016 | -0.084 | -2.06 |  35.8 |   7.5 |  5 |    -1773 |     -7868 |    -9838 |  25.0 |
| A1 spy_gap>0 [B2]                      | VAL   |   396 | 17.2 | +0.130 | +0.061 | +0.94 |  56.5 |   4.3 |  3 |     -702 |     +2411 |    -1184 |  60.0 |
| A2 |spy_gap|<=med [B2]                 | TRAIN |   810 | 15.3 | -0.001 | -0.069 | -1.56 |  35.8 |   7.5 |  9 |    -1239 |     -5610 |    -6648 |  25.0 |
| A2 |spy_gap|<=med [B2]                 | VAL   |   320 | 13.9 | +0.102 | +0.034 | +0.48 |  39.1 |  21.7 |  3 |     -629 |     +1073 |    -1644 |  60.0 |
| A3 spy_r5>0 (0935) [B2]                | TRAIN |   829 | 15.6 | +0.032 | -0.037 | -0.83 |  43.4 |   3.8 |  4 |    -1189 |     -3059 |    -7999 |  58.3 |
| A3 spy_r5>0 (0935) [B2]                | VAL   |   365 | 15.9 | +0.165 | +0.094 | +1.41 |  65.2 |   8.7 |  3 |    -1381 |     +3439 |    -1885 |  60.0 |
| A4 spy_r5 TOP terc [B2]                | TRAIN |   527 |  9.9 | +0.001 | -0.070 | -1.26 |  28.3 |  20.8 |  8 |    -1178 |     -3680 |    -7513 |  41.7 |
| A4 spy_r5 TOP terc [B2]                | VAL   |   299 | 13.0 | +0.170 | +0.099 | +1.35 |  60.9 |  13.0 |  3 |    -1679 |     +2973 |    -1722 |  60.0 |
| A5 qqq_gap>0 [B2]                      | TRAIN |   966 | 18.2 | -0.009 | -0.076 | -1.88 |  35.8 |   5.7 |  5 |    -1617 |     -7379 |    -9349 |  25.0 |
| A5 qqq_gap>0 [B2]                      | VAL   |   400 | 17.4 | +0.182 | +0.113 | +1.76 |  65.2 |   4.3 |  2 |     -702 |     +4538 |    -1199 |  80.0 |
| A6 qqq_r5>0 (0935) [B2]                | TRAIN |   757 | 14.3 | -0.085 | -0.154 | -3.43 |  32.1 |   9.4 |  8 |    -1843 |    -11667 |   -12777 |  25.0 |
| A6 qqq_r5>0 (0935) [B2]                | VAL   |   360 | 15.7 | +0.132 | +0.061 | +0.92 |  52.2 |  13.0 |  3 |    -1381 |     +2206 |    -2522 |  60.0 |
| A7 qqq_imb not sell-side [B2]          | TRAIN |  1331 | 25.1 | -0.052 | -0.120 | -3.49 |  24.5 |   1.9 |  7 |    -2231 |    -15977 |   -17093 |  16.7 |
| A7 qqq_imb not sell-side [B2]          | VAL   |   501 | 21.8 | +0.030 | -0.040 | -0.73 |  34.8 |   8.7 |  7 |     -843 |     -2025 |    -3176 |  20.0 |
| A8 qqq_imb BUY [B2]                    | TRAIN |   251 |  4.7 | -0.079 | -0.146 | -1.85 |  17.0 |  49.1 |  3 |    -1023 |     -3669 |    -4487 |  25.0 |
| A8 qqq_imb BUY [B2]                    | VAL   |    95 |  4.1 | -0.017 | -0.089 | -0.72 |  13.0 |  56.5 |  3 |     -540 |      -842 |    -1979 |  60.0 |
| A9 spy_pm_ret>0 [B2]                   | TRAIN |   941 | 17.8 | -0.016 | -0.084 | -2.06 |  35.8 |   7.5 |  5 |    -1773 |     -7868 |    -9838 |  25.0 |
| A9 spy_pm_ret>0 [B2]                   | VAL   |   396 | 17.2 | +0.130 | +0.061 | +0.94 |  56.5 |   4.3 |  3 |     -702 |     +2411 |    -1184 |  60.0 |
| A10 spy_vol20 BOT terc [B2]            | TRAIN |   531 | 10.0 | -0.057 | -0.127 | -2.38 |  13.2 |  64.2 |  4 |    -2136 |     -6749 |    -7507 |  28.6 |
| A10 spy_vol20 BOT terc [B2]            | VAL   |   293 | 12.7 | +0.076 | +0.008 | +0.11 |  13.0 |  56.5 |  5 |     -765 |      +233 |    -1090 |  33.3 |
| A11 qqq_vol20 BOT terc [B2]            | TRAIN |   604 | 11.4 | -0.067 | -0.136 | -2.68 |  13.2 |  56.6 |  4 |    -2136 |     -8191 |    -8804 |  14.3 |
| A11 qqq_vol20 BOT terc [B2]            | VAL   |   151 |  6.6 | -0.034 | -0.104 | -1.04 |   4.3 |  73.9 |  5 |     -765 |     -1576 |    -1622 |   0.0 |
| A12 skip weekday 0 [B2]                | TRAIN |  1309 | 24.7 | -0.054 | -0.123 | -3.56 |  28.3 |   1.9 |  7 |    -2116 |    -16045 |   -17868 |  25.0 |
| A12 skip weekday 0 [B2]                | VAL   |   597 | 26.0 | +0.060 | -0.010 | -0.19 |  43.5 |   4.3 |  4 |    -1037 |      -577 |    -3339 |  60.0 |
| A13 spy_r5>0 AND qqq_r5>0 [B2]         | TRAIN |   617 | 11.6 | -0.032 | -0.102 | -2.02 |  34.0 |  13.2 |  8 |    -1239 |     -6294 |    -9396 |  33.3 |
| A13 spy_r5>0 AND qqq_r5>0 [B2]         | VAL   |   279 | 12.1 | +0.163 | +0.092 | +1.20 |  60.9 |  13.0 |  3 |    -1381 |     +2554 |    -1885 |  60.0 |
| A14 gap>0 AND r5>0 [B2]                | TRAIN |   482 |  9.1 | +0.075 | +0.007 | +0.12 |  37.7 |  24.5 |  4 |    -1178 |      +333 |    -4599 |  41.7 |
| A14 gap>0 AND r5>0 [B2]                | VAL   |   214 |  9.3 | +0.261 | +0.191 | +2.15 |  65.2 |  21.7 |  2 |     -702 |     +4092 |     -972 |  80.0 |

== A. PRE-09:35 DAY GATES on B0 ==
| cell                                   | split |     n |  /wk |  grossR |    netR |     t | green |  flat | rs |   worst |    total |      mdd | grnMo |
|------|------|------|------|------|------|------|------|------|------|------|------|------|------|
| A1 spy_gap>0 [B0]                      | TRAIN |  1007 | 19.0 | +0.006 | -0.054 | -1.26 |  43.4 |   7.5 |  5 |    -2259 |     -5475 |    -9742 |  33.3 |
| A1 spy_gap>0 [B0]                      | VAL   |   445 | 19.3 | +0.125 | +0.061 | +0.93 |  56.5 |   4.3 |  3 |    -1128 |     +2726 |    -2183 |  60.0 |
| A2 |spy_gap|<=med [B0]                 | TRAIN |   796 | 15.0 | +0.034 | -0.027 | -0.55 |  45.3 |   7.5 |  4 |    -1805 |     -2141 |    -5877 |  33.3 |
| A2 |spy_gap|<=med [B0]                 | VAL   |   372 | 16.2 | +0.018 | -0.047 | -0.68 |  34.8 |  21.7 |  3 |    -2238 |     -1762 |    -3397 |  40.0 |
| A3 spy_r5>0 (0935) [B0]                | TRAIN |   877 | 16.5 | +0.035 | -0.026 | -0.56 |  52.8 |   3.8 |  4 |    -1715 |     -2298 |    -7684 |  58.3 |
| A3 spy_r5>0 (0935) [B0]                | VAL   |   419 | 18.2 | +0.096 | +0.030 | +0.46 |  52.2 |   8.7 |  3 |    -2205 |     +1264 |    -4086 |  60.0 |
| A4 spy_r5 TOP terc [B0]                | TRAIN |   572 | 10.8 | -0.031 | -0.095 | -1.66 |  34.0 |  20.8 |  5 |    -1524 |     -5411 |    -8401 |  41.7 |
| A4 spy_r5 TOP terc [B0]                | VAL   |   351 | 15.3 | +0.031 | -0.036 | -0.51 |  43.5 |  13.0 |  3 |    -2566 |     -1273 |    -5120 |  60.0 |
| A5 qqq_gap>0 [B0]                      | TRAIN |  1017 | 19.2 | +0.015 | -0.045 | -1.03 |  43.4 |   5.7 |  5 |    -2222 |     -4542 |    -8354 |  50.0 |
| A5 qqq_gap>0 [B0]                      | VAL   |   458 | 19.9 | +0.165 | +0.102 | +1.55 |  52.2 |   4.3 |  3 |     -697 |     +4651 |     -919 |  60.0 |
| A6 qqq_r5>0 (0935) [B0]                | TRAIN |   802 | 15.1 | -0.041 | -0.104 | -2.16 |  39.6 |   9.4 |  5 |    -2036 |     -8314 |   -11252 |  25.0 |
| A6 qqq_r5>0 (0935) [B0]                | VAL   |   429 | 18.7 | +0.015 | -0.052 | -0.81 |  34.8 |  13.0 |  6 |    -2205 |     -2249 |    -5291 |  40.0 |
| A7 qqq_imb not sell-side [B0]          | TRAIN |  1387 | 26.2 | -0.041 | -0.102 | -2.80 |  37.7 |   1.9 |  7 |    -2718 |    -14215 |   -14750 |   8.3 |
| A7 qqq_imb not sell-side [B0]          | VAL   |   586 | 25.5 | -0.017 | -0.084 | -1.51 |  30.4 |   8.7 |  5 |    -2076 |     -4897 |    -6045 |  40.0 |
| A8 qqq_imb BUY [B0]                    | TRAIN |   254 |  4.8 | -0.021 | -0.081 | -0.96 |  18.9 |  49.1 |  3 |     -998 |     -2052 |    -3002 |  33.3 |
| A8 qqq_imb BUY [B0]                    | VAL   |   118 |  5.1 | -0.217 | -0.287 | -2.42 |  13.0 |  56.5 |  1 |    -1586 |     -3382 |    -4116 |  20.0 |
| A9 spy_pm_ret>0 [B0]                   | TRAIN |  1007 | 19.0 | +0.006 | -0.054 | -1.26 |  43.4 |   7.5 |  5 |    -2259 |     -5475 |    -9742 |  33.3 |
| A9 spy_pm_ret>0 [B0]                   | VAL   |   445 | 19.3 | +0.125 | +0.061 | +0.93 |  56.5 |   4.3 |  3 |    -1128 |     +2726 |    -2183 |  60.0 |
| A10 spy_vol20 BOT terc [B0]            | TRAIN |   562 | 10.6 | -0.081 | -0.141 | -2.50 |   9.4 |  64.2 |  7 |    -1757 |     -7947 |    -8887 |  14.3 |
| A10 spy_vol20 BOT terc [B0]            | VAL   |   350 | 15.2 | +0.049 | -0.015 | -0.21 |  26.1 |  56.5 |  2 |    -1082 |      -527 |    -2327 |  33.3 |
| A11 qqq_vol20 BOT terc [B0]            | TRAIN |   641 | 12.1 | -0.126 | -0.188 | -3.57 |  11.3 |  56.6 |  7 |    -1757 |    -12026 |   -12026 |   0.0 |
| A11 qqq_vol20 BOT terc [B0]            | VAL   |   166 |  7.2 | -0.035 | -0.101 | -0.96 |  13.0 |  73.9 |  2 |    -1082 |     -1673 |    -1936 |  50.0 |
| A12 skip weekday 0 [B0]                | TRAIN |  1361 | 25.7 | -0.017 | -0.078 | -2.10 |  47.2 |   1.9 |  6 |    -2259 |    -10653 |   -14243 |  25.0 |
| A12 skip weekday 0 [B0]                | VAL   |   697 | 30.3 | -0.007 | -0.073 | -1.42 |  34.8 |   4.3 |  6 |    -2044 |     -5096 |    -8110 |  40.0 |
| A13 spy_r5>0 AND qqq_r5>0 [B0]         | TRAIN |   659 | 12.4 | -0.033 | -0.096 | -1.81 |  37.7 |  13.2 |  5 |    -1524 |     -6325 |    -8382 |  41.7 |
| A13 spy_r5>0 AND qqq_r5>0 [B0]         | VAL   |   327 | 14.2 | +0.067 | -0.000 | -0.00 |  39.1 |  13.0 |  6 |    -2205 |        -7 |    -4178 |  60.0 |
| A14 gap>0 AND r5>0 [B0]                | TRAIN |   533 | 10.1 | +0.068 | +0.007 | +0.12 |  37.7 |  24.5 |  4 |    -1524 |      +391 |    -4973 |  41.7 |
| A14 gap>0 AND r5>0 [B0]                | VAL   |   249 | 10.8 | +0.178 | +0.114 | +1.28 |  52.2 |  21.7 |  3 |     -566 |     +2829 |    -1620 |  60.0 |

  TRAIN edges: b1_range/ATR20 terciles [0.078 0.115] | b1_vol/20d terciles [0.808 1.07 ]

== B. FIRST-5-MIN SPY SIGNALS on B2 ==
| cell                                   | split |     n |  /wk |  grossR |    netR |     t | green |  flat | rs |   worst |    total |      mdd | grnMo |
|------|------|------|------|------|------|------|------|------|------|------|------|------|------|
| F5M-1 b1 ret>0 [B2]                    | TRAIN |   787 | 14.8 | -0.040 | -0.108 | -2.38 |  35.8 |   7.5 |  4 |    -1904 |     -8534 |   -10848 |  16.7 |
| F5M-1 b1 ret>0 [B2]                    | VAL   |   377 | 16.4 | +0.136 | +0.066 | +1.00 |  47.8 |   8.7 |  3 |     -754 |     +2470 |    -1172 |  80.0 |
| F5M-2 b1rng/ATR TOP [B2]               | TRAIN |   588 | 11.1 | -0.019 | -0.086 | -1.61 |  26.4 |  26.4 |  4 |    -1814 |     -5044 |    -6355 |  33.3 |
| F5M-2 b1rng/ATR TOP [B2]               | VAL   |   368 | 16.0 | +0.045 | -0.026 | -0.40 |  39.1 |  17.4 |  3 |    -1256 |      -952 |    -2291 |  40.0 |
| F5M-3 b1rng/ATR BOT [B2]               | TRAIN |   503 |  9.5 | -0.033 | -0.101 | -1.81 |  30.2 |  22.6 |  3 |    -2231 |     -5100 |    -6336 |  25.0 |
| F5M-3 b1rng/ATR BOT [B2]               | VAL   |    95 |  4.1 | +0.273 | +0.206 | +1.53 |  26.1 |  65.2 |  1 |      -64 |     +1954 |      -64 | 100.0 |
| F5M-4 b1vol/20d TOP [B2]               | TRAIN |   576 | 10.9 | +0.028 | -0.037 | -0.68 |  28.3 |  24.5 |  4 |    -1494 |     -2148 |    -4904 |  41.7 |
| F5M-4 b1vol/20d TOP [B2]               | VAL   |   198 |  8.6 | +0.033 | -0.038 | -0.42 |  34.8 |  30.4 |  2 |     -606 |      -747 |    -1335 |  60.0 |
| F5M-5 b1vol/20d BOT [B2]               | TRAIN |   514 |  9.7 | -0.126 | -0.195 | -3.58 |  15.1 |  30.2 |  9 |    -1209 |    -10015 |   -10349 |  16.7 |
| F5M-5 b1vol/20d BOT [B2]               | VAL   |   230 | 10.0 | +0.184 | +0.118 | +1.42 |  43.5 |  26.1 |  1 |     -488 |     +2718 |     -619 |  60.0 |
| F5M-6 b1 closepos>=.5 [B2]             | TRAIN |   745 | 14.1 | -0.057 | -0.126 | -2.69 |  37.7 |   7.5 |  5 |    -1966 |     -9362 |   -10456 |  25.0 |
| F5M-6 b1 closepos>=.5 [B2]             | VAL   |   333 | 14.5 | +0.026 | -0.045 | -0.68 |  34.8 |   8.7 |  6 |     -754 |     -1512 |    -2815 |  20.0 |
| F5M-7 gap-and-GO [B2]                  | TRAIN |   816 | 15.4 | -0.003 | -0.070 | -1.58 |  37.7 |   1.9 |  5 |    -1966 |     -5752 |    -9653 |  50.0 |
| F5M-7 gap-and-GO [B2]                  | VAL   |   373 | 16.2 | +0.156 | +0.087 | +1.32 |  60.9 |  13.0 |  3 |     -918 |     +3227 |    -1895 |  60.0 |
| F5M-8 gap-FADE [B2]                    | TRAIN |   806 | 15.2 | -0.075 | -0.144 | -3.28 |  32.1 |   7.5 |  5 |    -1545 |    -11593 |   -11593 |  16.7 |
| F5M-8 gap-FADE [B2]                    | VAL   |   333 | 14.5 | +0.000 | -0.070 | -1.03 |  39.1 |   8.7 |  4 |     -957 |     -2334 |    -2380 |   0.0 |
| F5M-1 b1 ret>0 [B0]                    | TRAIN |   817 | 15.4 | -0.032 | -0.095 | -1.97 |  43.4 |   7.5 |  3 |    -1373 |     -7736 |    -9704 |  16.7 |
| F5M-1 b1 ret>0 [B0]                    | VAL   |   451 | 19.6 | +0.044 | -0.022 | -0.34 |  39.1 |   8.7 |  6 |    -1586 |      -986 |    -4326 |  40.0 |
| F5M-7 gap-and-GO [B0]                  | TRAIN |   870 | 16.4 | -0.012 | -0.072 | -1.55 |  35.8 |   1.9 |  4 |    -1524 |     -6279 |    -9558 |  25.0 |
| F5M-7 gap-and-GO [B0]                  | VAL   |   454 | 19.7 | +0.012 | -0.054 | -0.84 |  34.8 |  13.0 |  5 |    -1031 |     -2460 |    -4743 |  40.0 |

== C. T-LADDER — time-segmented index gates (the owner curve) ==
   rule: gate from bars closing <= g, applied ONLY to signals with entry_m >= g+1; earlier signals are TAKEN UNGATED.

-- B2 --
| cell                                   | split |     n |  /wk |  grossR |    netR |     t | green |  flat | rs |   worst |    total |      mdd | grnMo |
|------|------|------|------|------|------|------|------|------|------|------|------|------|------|
| T SPY 0935 sgn [B2]                    | TRAIN |   829 | 15.6 | +0.032 | -0.037 | -0.83 |  43.4 |   3.8 |  4 |    -1189 |     -3059 |    -7999 |  58.3 |
| T SPY 0935 sgn [B2]                    | VAL   |   365 | 15.9 | +0.165 | +0.094 | +1.41 |  65.2 |   8.7 |  3 |    -1381 |     +3439 |    -1885 |  60.0 |
| T SPY 0935 p20 [B2]                    | TRAIN |   103 |  1.9 | +0.077 | +0.007 | +0.05 |  13.2 |  73.6 |  2 |     -763 |       +75 |    -1445 |  50.0 |
| T SPY 0935 p20 [B2]                    | VAL   |    67 |  2.9 | -0.106 | -0.182 | -1.22 |  13.0 |  69.6 |  2 |    -1052 |     -1221 |    -1513 |  50.0 |
| T SPY 0935 p40 [B2]                    | TRAIN |    18 |  0.3 | +0.192 | +0.127 | +0.36 |   1.9 |  96.2 |  1 |      -69 |      +228 |      -69 |  50.0 |
| T SPY 0935 p40 [B2]                    | VAL   |     0 |  0.0 | +nan | +nan |  +nan |   0.0 | 100.0 |  0 |       +0 |        +0 |       +0 |   nan |
| T SPY 0935 p60 [B2]                    | TRAIN |     0 |  0.0 | +nan | +nan |  +nan |   0.0 | 100.0 |  0 |       +0 |        +0 |       +0 |   nan |
| T SPY 0935 p60 [B2]                    | VAL   |     0 |  0.0 | +nan | +nan |  +nan |   0.0 | 100.0 |  0 |       +0 |        +0 |       +0 |   nan |
|   (pre-gate arm, entry_m<576) [B2]     | TRAIN |     0 |  0.0 | +nan | +nan |  +nan |   0.0 | 100.0 |  0 |       +0 |        +0 |       +0 |   nan |
|   (pre-gate arm, entry_m<576) [B2]     | VAL   |     0 |  0.0 | +nan | +nan |  +nan |   0.0 | 100.0 |  0 |       +0 |        +0 |       +0 |   nan |
| T SPY 0940 sgn [B2]                    | TRAIN |  1059 | 20.0 | -0.013 | -0.084 | -2.23 |  39.6 |   1.9 |  5 |    -1651 |     -8861 |   -12340 |  25.0 |
| T SPY 0940 sgn [B2]                    | VAL   |   497 | 21.6 | +0.134 | +0.063 | +1.14 |  69.6 |   4.3 |  2 |    -1311 |     +3137 |    -2154 |  40.0 |
| T SPY 0940 p20 [B2]                    | TRAIN |   648 | 12.2 | +0.004 | -0.071 | -1.57 |  35.8 |   1.9 |  6 |    -1354 |     -4627 |    -6651 |  33.3 |
| T SPY 0940 p20 [B2]                    | VAL   |   347 | 15.1 | +0.103 | +0.029 | +0.46 |  56.5 |   4.3 |  2 |    -1777 |     +1014 |    -2109 |  60.0 |
| T SPY 0940 p40 [B2]                    | TRAIN |   556 | 10.5 | +0.030 | -0.047 | -0.97 |  43.4 |   1.9 |  5 |    -1354 |     -2587 |    -3983 |  41.7 |
| T SPY 0940 p40 [B2]                    | VAL   |   308 | 13.4 | +0.124 | +0.049 | +0.74 |  47.8 |   4.3 |  3 |     -512 |     +1500 |    -1025 |  80.0 |
| T SPY 0940 p60 [B2]                    | TRAIN |   541 | 10.2 | +0.026 | -0.051 | -1.06 |  43.4 |   1.9 |  5 |    -1354 |     -2754 |    -4151 |  33.3 |
| T SPY 0940 p60 [B2]                    | VAL   |   303 | 13.2 | +0.123 | +0.048 | +0.73 |  47.8 |   4.3 |  3 |     -512 |     +1461 |    -1065 |  80.0 |
|   (pre-gate arm, entry_m<581) [B2]     | TRAIN |   530 | 10.0 | +0.037 | -0.040 | -0.82 |  45.3 |   1.9 |  5 |    -1354 |     -2105 |    -3502 |  41.7 |
|   (pre-gate arm, entry_m<581) [B2]     | VAL   |   303 | 13.2 | +0.123 | +0.048 | +0.73 |  47.8 |   4.3 |  3 |     -512 |     +1461 |    -1065 |  80.0 |
| T SPY 0945 sgn [B2]                    | TRAIN |  1110 | 20.9 | -0.022 | -0.094 | -2.56 |  37.7 |   1.9 |  5 |    -1904 |    -10413 |   -13596 |  25.0 |
| T SPY 0945 sgn [B2]                    | VAL   |   511 | 22.2 | +0.136 | +0.064 | +1.18 |  56.5 |   4.3 |  3 |     -957 |     +3293 |    -2138 |  60.0 |
| T SPY 0945 p20 [B2]                    | TRAIN |   789 | 14.9 | -0.015 | -0.090 | -2.15 |  41.5 |   1.9 |  6 |    -1497 |     -7093 |    -9275 |  33.3 |
| T SPY 0945 p20 [B2]                    | VAL   |   399 | 17.3 | +0.153 | +0.079 | +1.31 |  60.9 |   4.3 |  2 |     -611 |     +3139 |     -977 |  60.0 |
| T SPY 0945 p40 [B2]                    | TRAIN |   683 | 12.9 | -0.005 | -0.081 | -1.86 |  37.7 |   1.9 |  6 |    -1464 |     -5566 |    -6752 |  33.3 |
| T SPY 0945 p40 [B2]                    | VAL   |   364 | 15.8 | +0.155 | +0.080 | +1.29 |  65.2 |   4.3 |  2 |     -620 |     +2897 |     -620 |  80.0 |
| T SPY 0945 p60 [B2]                    | TRAIN |   651 | 12.3 | -0.003 | -0.081 | -1.82 |  37.7 |   1.9 |  6 |    -1464 |     -5262 |    -6423 |  33.3 |
| T SPY 0945 p60 [B2]                    | VAL   |   362 | 15.7 | +0.147 | +0.071 | +1.15 |  60.9 |   4.3 |  3 |     -620 |     +2576 |     -620 |  60.0 |
|   (pre-gate arm, entry_m<586) [B2]     | TRAIN |   644 | 12.2 | -0.001 | -0.079 | -1.77 |  37.7 |   1.9 |  6 |    -1464 |     -5061 |    -6221 |  33.3 |
|   (pre-gate arm, entry_m<586) [B2]     | VAL   |   357 | 15.5 | +0.147 | +0.071 | +1.15 |  60.9 |   4.3 |  3 |     -620 |     +2536 |     -620 |  60.0 |
| T SPY 0950 sgn [B2]                    | TRAIN |  1180 | 22.3 | -0.008 | -0.079 | -2.19 |  30.2 |   1.9 |  6 |    -1735 |     -9290 |   -11210 |  25.0 |
| T SPY 0950 sgn [B2]                    | VAL   |   547 | 23.8 | +0.122 | +0.051 | +0.95 |  65.2 |   4.3 |  3 |    -1423 |     +2770 |    -3171 |  60.0 |
| T SPY 0950 p20 [B2]                    | TRAIN |   890 | 16.8 | -0.008 | -0.082 | -2.05 |  32.1 |   1.9 |  7 |    -1735 |     -7300 |    -9003 |  16.7 |
| T SPY 0950 p20 [B2]                    | VAL   |   449 | 19.5 | +0.125 | +0.051 | +0.90 |  52.2 |   4.3 |  3 |     -679 |     +2304 |    -2132 |  40.0 |
| T SPY 0950 p40 [B2]                    | TRAIN |   809 | 15.3 | -0.009 | -0.083 | -2.02 |  32.1 |   1.9 |  7 |    -1283 |     -6754 |    -7948 |  25.0 |
| T SPY 0950 p40 [B2]                    | VAL   |   411 | 17.9 | +0.125 | +0.050 | +0.85 |  52.2 |   4.3 |  3 |     -716 |     +2054 |    -1280 |  60.0 |
| T SPY 0950 p60 [B2]                    | TRAIN |   792 | 14.9 | -0.017 | -0.092 | -2.23 |  30.2 |   1.9 |  7 |    -1283 |     -7312 |    -8036 |  25.0 |
| T SPY 0950 p60 [B2]                    | VAL   |   406 | 17.7 | +0.121 | +0.046 | +0.78 |  52.2 |   4.3 |  3 |     -716 |     +1859 |    -1306 |  60.0 |
|   (pre-gate arm, entry_m<591) [B2]     | TRAIN |   767 | 14.5 | -0.007 | -0.082 | -1.96 |  30.2 |   1.9 |  7 |    -1239 |     -6309 |    -7033 |  25.0 |
|   (pre-gate arm, entry_m<591) [B2]     | VAL   |   405 | 17.6 | +0.118 | +0.043 | +0.72 |  52.2 |   4.3 |  3 |     -716 |     +1732 |    -1434 |  60.0 |
| T SPY 1000 sgn [B2]                    | TRAIN |  1249 | 23.6 | -0.004 | -0.074 | -2.11 |  35.8 |   1.9 |  5 |    -1848 |     -9295 |   -10956 |  25.0 |
| T SPY 1000 sgn [B2]                    | VAL   |   583 | 25.3 | +0.134 | +0.063 | +1.22 |  65.2 |   4.3 |  3 |     -865 |     +3665 |    -1965 |  80.0 |
| T SPY 1000 p20 [B2]                    | TRAIN |  1046 | 19.7 | -0.042 | -0.115 | -3.08 |  22.6 |   1.9 | 10 |    -1848 |    -12019 |   -13059 |  16.7 |
| T SPY 1000 p20 [B2]                    | VAL   |   509 | 22.1 | +0.150 | +0.078 | +1.45 |  65.2 |   4.3 |  3 |     -821 |     +3994 |    -2019 |  80.0 |
| T SPY 1000 p40 [B2]                    | TRAIN |   952 | 18.0 | -0.030 | -0.104 | -2.67 |  32.1 |   1.9 |  5 |    -1395 |     -9876 |   -10058 |  25.0 |
| T SPY 1000 p40 [B2]                    | VAL   |   472 | 20.5 | +0.145 | +0.073 | +1.30 |  60.9 |   4.3 |  3 |     -689 |     +3422 |    -1316 |  80.0 |
| T SPY 1000 p60 [B2]                    | TRAIN |   923 | 17.4 | -0.027 | -0.101 | -2.57 |  32.1 |   1.9 |  5 |    -1304 |     -9294 |    -9544 |  33.3 |
| T SPY 1000 p60 [B2]                    | VAL   |   453 | 19.7 | +0.149 | +0.076 | +1.34 |  56.5 |   4.3 |  3 |     -689 |     +3433 |    -1316 |  80.0 |
|   (pre-gate arm, entry_m<601) [B2]     | TRAIN |   894 | 16.9 | -0.031 | -0.105 | -2.66 |  32.1 |   1.9 |  5 |    -1304 |     -9416 |    -9416 |  33.3 |
|   (pre-gate arm, entry_m<601) [B2]     | VAL   |   452 | 19.7 | +0.147 | +0.073 | +1.29 |  56.5 |   4.3 |  3 |     -689 |     +3306 |    -1316 |  80.0 |
| T SPY 1015 sgn [B2]                    | TRAIN |  1322 | 24.9 | -0.032 | -0.102 | -2.99 |  28.3 |   1.9 |  6 |    -1939 |    -13531 |   -14600 |  33.3 |
| T SPY 1015 sgn [B2]                    | VAL   |   595 | 25.9 | +0.110 | +0.039 | +0.76 |  47.8 |   4.3 |  3 |     -821 |     +2298 |    -1701 |  60.0 |
| T SPY 1015 p20 [B2]                    | TRAIN |  1192 | 22.5 | -0.047 | -0.119 | -3.34 |  28.3 |   1.9 |  6 |    -1768 |    -14139 |   -14139 |  25.0 |
| T SPY 1015 p20 [B2]                    | VAL   |   552 | 24.0 | +0.140 | +0.069 | +1.30 |  52.2 |   4.3 |  3 |     -802 |     +3788 |    -1739 |  80.0 |
| T SPY 1015 p40 [B2]                    | TRAIN |  1103 | 20.8 | -0.050 | -0.122 | -3.35 |  32.1 |   1.9 |  6 |    -1768 |    -13506 |   -13506 |  25.0 |
| T SPY 1015 p40 [B2]                    | VAL   |   506 | 22.0 | +0.129 | +0.056 | +1.03 |  39.1 |   4.3 |  3 |     -690 |     +2830 |    -1284 |  80.0 |
| T SPY 1015 p60 [B2]                    | TRAIN |  1068 | 20.2 | -0.035 | -0.107 | -2.88 |  32.1 |   1.9 |  6 |    -1519 |    -11416 |   -11416 |  33.3 |
| T SPY 1015 p60 [B2]                    | VAL   |   495 | 21.5 | +0.134 | +0.061 | +1.10 |  39.1 |   4.3 |  3 |     -690 |     +3005 |    -1284 |  60.0 |
|   (pre-gate arm, entry_m<616) [B2]     | TRAIN |  1043 | 19.7 | -0.033 | -0.106 | -2.82 |  30.2 |   1.9 |  6 |    -1519 |    -11038 |   -11038 |  33.3 |
|   (pre-gate arm, entry_m<616) [B2]     | VAL   |   495 | 21.5 | +0.134 | +0.061 | +1.10 |  39.1 |   4.3 |  3 |     -690 |     +3005 |    -1284 |  60.0 |
| T SPY 1030 sgn [B2]                    | TRAIN |  1389 | 26.2 | -0.045 | -0.115 | -3.44 |  32.1 |   1.9 |  6 |    -2018 |    -16008 |   -17866 |  25.0 |
| T SPY 1030 sgn [B2]                    | VAL   |   602 | 26.2 | +0.095 | +0.023 | +0.46 |  47.8 |   4.3 |  3 |     -914 |     +1390 |    -2594 |  40.0 |
| T SPY 1030 p20 [B2]                    | TRAIN |  1269 | 23.9 | -0.081 | -0.152 | -4.43 |  24.5 |   1.9 |  7 |    -2328 |    -19269 |   -19712 |  33.3 |
| T SPY 1030 p20 [B2]                    | VAL   |   582 | 25.3 | +0.114 | +0.043 | +0.83 |  52.2 |   4.3 |  3 |     -914 |     +2486 |    -2233 |  60.0 |
| T SPY 1030 p40 [B2]                    | TRAIN |  1194 | 22.5 | -0.092 | -0.163 | -4.66 |  26.4 |   1.9 |  6 |    -2052 |    -19502 |   -19502 |  25.0 |
| T SPY 1030 p40 [B2]                    | VAL   |   544 | 23.7 | +0.106 | +0.034 | +0.64 |  43.5 |   4.3 |  3 |     -806 |     +1849 |    -2206 |  60.0 |
| T SPY 1030 p60 [B2]                    | TRAIN |  1164 | 22.0 | -0.076 | -0.148 | -4.16 |  26.4 |   1.9 |  6 |    -1633 |    -17223 |   -17223 |  33.3 |
| T SPY 1030 p60 [B2]                    | VAL   |   533 | 23.2 | +0.106 | +0.034 | +0.63 |  43.5 |   4.3 |  3 |     -806 |     +1804 |    -2057 |  40.0 |
|   (pre-gate arm, entry_m<631) [B2]     | TRAIN |  1145 | 21.6 | -0.082 | -0.154 | -4.32 |  24.5 |   1.9 |  6 |    -1633 |    -17645 |   -17645 |  33.3 |
|   (pre-gate arm, entry_m<631) [B2]     | VAL   |   527 | 22.9 | +0.106 | +0.034 | +0.63 |  39.1 |   4.3 |  3 |     -806 |     +1777 |    -1925 |  40.0 |
| T QQQ 0935 sgn [B2]                    | TRAIN |   757 | 14.3 | -0.085 | -0.154 | -3.43 |  32.1 |   9.4 |  8 |    -1843 |    -11667 |   -12777 |  25.0 |
| T QQQ 0935 sgn [B2]                    | VAL   |   360 | 15.7 | +0.132 | +0.061 | +0.92 |  52.2 |  13.0 |  3 |    -1381 |     +2206 |    -2522 |  60.0 |
| T QQQ 0935 p20 [B2]                    | TRAIN |   232 |  4.4 | -0.117 | -0.191 | -2.34 |  15.1 |  47.2 |  3 |    -1023 |     -4425 |    -5317 |  25.0 |
| T QQQ 0935 p20 [B2]                    | VAL   |   164 |  7.1 | +0.156 | +0.086 | +0.89 |  47.8 |  34.8 |  1 |    -1679 |     +1406 |    -2019 |  60.0 |
| T QQQ 0935 p40 [B2]                    | TRAIN |    50 |  0.9 | +0.053 | -0.022 | -0.11 |   5.7 |  88.7 |  1 |     -763 |      -110 |    -1084 |  40.0 |
| T QQQ 0935 p40 [B2]                    | VAL   |    40 |  1.7 | +0.190 | +0.120 | +0.63 |  13.0 |  82.6 |  1 |     -413 |      +479 |     -413 |  66.7 |
| T QQQ 0935 p60 [B2]                    | TRAIN |    14 |  0.3 | +0.498 | +0.435 | +1.09 |   1.9 |  96.2 |  1 |      -69 |      +609 |      -69 |  50.0 |
| T QQQ 0935 p60 [B2]                    | VAL   |     6 |  0.3 | +0.865 | +0.786 | +1.29 |   4.3 |  95.7 |  0 |       +0 |      +472 |       +0 | 100.0 |
| T QQQ 0940 sgn [B2]                    | TRAIN |  1030 | 19.4 | -0.051 | -0.122 | -3.27 |  37.7 |   1.9 |  6 |    -1891 |    -12595 |   -13974 |  16.7 |
| T QQQ 0940 sgn [B2]                    | VAL   |   487 | 21.2 | +0.088 | +0.017 | +0.31 |  52.2 |   4.3 |  2 |    -1777 |      +826 |    -2869 |  40.0 |
| T QQQ 0940 p20 [B2]                    | TRAIN |   755 | 14.2 | -0.028 | -0.102 | -2.38 |  39.6 |   1.9 |  6 |    -1354 |     -7686 |    -9604 |  33.3 |
| T QQQ 0940 p20 [B2]                    | VAL   |   401 | 17.4 | +0.124 | +0.051 | +0.86 |  65.2 |   4.3 |  2 |    -1777 |     +2065 |    -2248 |  60.0 |
| T QQQ 0940 p40 [B2]                    | TRAIN |   594 | 11.2 | +0.001 | -0.075 | -1.61 |  39.6 |   1.9 |  6 |    -1354 |     -4460 |    -5857 |  41.7 |
| T QQQ 0940 p40 [B2]                    | VAL   |   332 | 14.4 | +0.087 | +0.012 | +0.20 |  52.2 |   4.3 |  2 |    -1777 |      +413 |    -2102 |  60.0 |
| T QQQ 0940 p60 [B2]                    | TRAIN |   567 | 10.7 | +0.014 | -0.062 | -1.31 |  41.5 |   1.9 |  5 |    -1354 |     -3517 |    -4914 |  41.7 |
| T QQQ 0940 p60 [B2]                    | VAL   |   311 | 13.5 | +0.130 | +0.055 | +0.83 |  52.2 |   4.3 |  2 |     -512 |     +1708 |     -773 |  80.0 |
| T QQQ 0945 sgn [B2]                    | TRAIN |  1108 | 20.9 | -0.040 | -0.112 | -3.07 |  32.1 |   1.9 |  6 |    -1772 |    -12383 |   -13919 |  25.0 |
| T QQQ 0945 sgn [B2]                    | VAL   |   549 | 23.9 | +0.125 | +0.054 | +1.02 |  56.5 |   4.3 |  3 |     -957 |     +2964 |    -2188 |  60.0 |
| T QQQ 0945 p20 [B2]                    | TRAIN |   831 | 15.7 | -0.038 | -0.112 | -2.75 |  41.5 |   1.9 |  6 |    -1617 |     -9300 |   -11039 |  25.0 |
| T QQQ 0945 p20 [B2]                    | VAL   |   438 | 19.0 | +0.146 | +0.073 | +1.26 |  56.5 |   4.3 |  2 |     -611 |     +3202 |    -1009 |  60.0 |
| T QQQ 0945 p40 [B2]                    | TRAIN |   723 | 13.6 | -0.010 | -0.086 | -2.00 |  39.6 |   1.9 |  6 |    -1464 |     -6238 |    -7854 |  25.0 |
| T QQQ 0945 p40 [B2]                    | VAL   |   385 | 16.7 | +0.141 | +0.066 | +1.09 |  65.2 |   4.3 |  2 |     -601 |     +2548 |     -824 |  60.0 |
| T QQQ 0945 p60 [B2]                    | TRAIN |   679 | 12.8 | +0.002 | -0.075 | -1.69 |  37.7 |   1.9 |  6 |    -1464 |     -5059 |    -6269 |  33.3 |
| T QQQ 0945 p60 [B2]                    | VAL   |   368 | 16.0 | +0.145 | +0.069 | +1.12 |  65.2 |   4.3 |  2 |     -620 |     +2539 |     -620 |  80.0 |
| T QQQ 0950 sgn [B2]                    | TRAIN |  1186 | 22.4 | -0.014 | -0.085 | -2.38 |  30.2 |   1.9 |  7 |    -1735 |    -10115 |   -11531 |  25.0 |
| T QQQ 0950 sgn [B2]                    | VAL   |   552 | 24.0 | +0.108 | +0.037 | +0.70 |  56.5 |   4.3 |  3 |    -1508 |     +2035 |    -2853 |  40.0 |
| T QQQ 0950 p20 [B2]                    | TRAIN |   942 | 17.8 | -0.020 | -0.093 | -2.40 |  34.0 |   1.9 |  7 |    -1735 |     -8796 |   -10265 |  16.7 |
| T QQQ 0950 p20 [B2]                    | VAL   |   490 | 21.3 | +0.135 | +0.063 | +1.14 |  60.9 |   4.3 |  3 |     -679 |     +3075 |    -2060 |  60.0 |
| T QQQ 0950 p40 [B2]                    | TRAIN |   861 | 16.2 | -0.025 | -0.099 | -2.47 |  30.2 |   1.9 |  7 |    -1735 |     -8528 |    -9828 |  16.7 |
| T QQQ 0950 p40 [B2]                    | VAL   |   438 | 19.0 | +0.116 | +0.042 | +0.74 |  52.2 |   4.3 |  3 |     -679 |     +1858 |    -1808 |  60.0 |
| T QQQ 0950 p60 [B2]                    | TRAIN |   820 | 15.5 | -0.012 | -0.087 | -2.11 |  32.1 |   1.9 |  7 |    -1283 |     -7096 |    -8394 |  25.0 |
| T QQQ 0950 p60 [B2]                    | VAL   |   426 | 18.5 | +0.127 | +0.052 | +0.90 |  52.2 |   4.3 |  3 |     -591 |     +2223 |    -1508 |  60.0 |
| T QQQ 1000 sgn [B2]                    | TRAIN |  1262 | 23.8 | -0.012 | -0.083 | -2.36 |  30.2 |   1.9 |  6 |    -1848 |    -10417 |   -11573 |  25.0 |
| T QQQ 1000 sgn [B2]                    | VAL   |   578 | 25.1 | +0.138 | +0.067 | +1.30 |  60.9 |   4.3 |  3 |     -865 |     +3869 |    -2147 |  80.0 |
| T QQQ 1000 p20 [B2]                    | TRAIN |  1112 | 21.0 | -0.049 | -0.121 | -3.34 |  20.8 |   1.9 | 10 |    -1848 |    -13472 |   -13997 |  16.7 |
| T QQQ 1000 p20 [B2]                    | VAL   |   537 | 23.3 | +0.123 | +0.051 | +0.96 |  56.5 |   4.3 |  3 |     -821 |     +2745 |    -2102 |  60.0 |
| T QQQ 1000 p40 [B2]                    | TRAIN |  1020 | 19.2 | -0.054 | -0.127 | -3.37 |  20.8 |   1.9 | 10 |    -1848 |    -12918 |   -12918 |  16.7 |
| T QQQ 1000 p40 [B2]                    | VAL   |   484 | 21.0 | +0.138 | +0.065 | +1.18 |  60.9 |   4.3 |  3 |     -689 |     +3139 |    -1663 |  80.0 |
| T QQQ 1000 p60 [B2]                    | TRAIN |   948 | 17.9 | -0.030 | -0.104 | -2.67 |  34.0 |   1.9 |  5 |    -1395 |     -9833 |    -9870 |  33.3 |
| T QQQ 1000 p60 [B2]                    | VAL   |   469 | 20.4 | +0.142 | +0.069 | +1.24 |  56.5 |   4.3 |  3 |     -704 |     +3244 |    -1316 |  60.0 |
| T QQQ 1015 sgn [B2]                    | TRAIN |  1315 | 24.8 | -0.044 | -0.115 | -3.37 |  28.3 |   1.9 |  6 |    -1886 |    -15094 |   -15094 |  33.3 |
| T QQQ 1015 sgn [B2]                    | VAL   |   609 | 26.5 | +0.119 | +0.048 | +0.95 |  52.2 |   4.3 |  3 |     -821 |     +2924 |    -2034 |  60.0 |
| T QQQ 1015 p20 [B2]                    | TRAIN |  1230 | 23.2 | -0.052 | -0.123 | -3.53 |  26.4 |   1.9 |  7 |    -1886 |    -15161 |   -15161 |  25.0 |
| T QQQ 1015 p20 [B2]                    | VAL   |   571 | 24.8 | +0.119 | +0.047 | +0.92 |  43.5 |   4.3 |  3 |     -821 |     +2704 |    -1701 |  80.0 |
| T QQQ 1015 p40 [B2]                    | TRAIN |  1170 | 22.1 | -0.055 | -0.127 | -3.56 |  26.4 |   1.9 |  7 |    -1886 |    -14857 |   -14857 |  25.0 |
| T QQQ 1015 p40 [B2]                    | VAL   |   526 | 22.9 | +0.122 | +0.049 | +0.93 |  43.5 |   4.3 |  3 |     -690 |     +2601 |    -1510 |  80.0 |
| T QQQ 1015 p60 [B2]                    | TRAIN |  1103 | 20.8 | -0.039 | -0.111 | -3.02 |  30.2 |   1.9 |  6 |    -1768 |    -12231 |   -12231 |  25.0 |
| T QQQ 1015 p60 [B2]                    | VAL   |   514 | 22.3 | +0.131 | +0.058 | +1.07 |  39.1 |   4.3 |  3 |     -690 |     +2976 |    -1284 |  60.0 |
| T QQQ 1030 sgn [B2]                    | TRAIN |  1374 | 25.9 | -0.059 | -0.130 | -3.87 |  28.3 |   1.9 |  7 |    -2292 |    -17800 |   -18535 |  25.0 |
| T QQQ 1030 sgn [B2]                    | VAL   |   603 | 26.2 | +0.098 | +0.027 | +0.54 |  47.8 |   4.3 |  3 |     -914 |     +1641 |    -2851 |  40.0 |
| T QQQ 1030 p20 [B2]                    | TRAIN |  1292 | 24.4 | -0.080 | -0.150 | -4.42 |  24.5 |   1.9 |  7 |    -2328 |    -19427 |   -19427 |  33.3 |
| T QQQ 1030 p20 [B2]                    | VAL   |   590 | 25.7 | +0.103 | +0.031 | +0.61 |  47.8 |   4.3 |  3 |     -914 |     +1840 |    -2263 |  60.0 |
| T QQQ 1030 p40 [B2]                    | TRAIN |  1244 | 23.5 | -0.078 | -0.149 | -4.31 |  26.4 |   1.9 |  7 |    -2001 |    -18564 |   -18564 |  25.0 |
| T QQQ 1030 p40 [B2]                    | VAL   |   577 | 25.1 | +0.106 | +0.034 | +0.66 |  47.8 |   4.3 |  3 |     -801 |     +1965 |    -2149 |  60.0 |
| T QQQ 1030 p60 [B2]                    | TRAIN |  1193 | 22.5 | -0.073 | -0.145 | -4.11 |  26.4 |   1.9 |  6 |    -2001 |    -17291 |   -17291 |  33.3 |
| T QQQ 1030 p60 [B2]                    | VAL   |   545 | 23.7 | +0.109 | +0.037 | +0.71 |  43.5 |   4.3 |  3 |     -806 |     +2032 |    -1778 |  40.0 |

-- B0 --
| cell                                   | split |     n |  /wk |  grossR |    netR |     t | green |  flat | rs |   worst |    total |      mdd | grnMo |
|------|------|------|------|------|------|------|------|------|------|------|------|------|------|
| T SPY 0935 sgn [B0]                    | TRAIN |   877 | 16.5 | +0.035 | -0.026 | -0.56 |  52.8 |   3.8 |  4 |    -1715 |     -2298 |    -7684 |  58.3 |
| T SPY 0935 sgn [B0]                    | VAL   |   419 | 18.2 | +0.096 | +0.030 | +0.46 |  52.2 |   8.7 |  3 |    -2205 |     +1264 |    -4086 |  60.0 |
| T SPY 0940 sgn [B0]                    | TRAIN |   905 | 17.1 | -0.039 | -0.100 | -2.23 |  39.6 |   3.8 |  5 |    -1824 |     -9073 |   -12255 |  33.3 |
| T SPY 0940 sgn [B0]                    | VAL   |   459 | 20.0 | +0.016 | -0.051 | -0.81 |  43.5 |   8.7 |  8 |    -2405 |     -2342 |    -6644 |  60.0 |
| T SPY 0945 sgn [B0]                    | TRAIN |   896 | 16.9 | -0.053 | -0.116 | -2.57 |  43.4 |   3.8 |  5 |    -2222 |    -10353 |   -13619 |  41.7 |
| T SPY 0945 sgn [B0]                    | VAL   |   454 | 19.7 | +0.030 | -0.038 | -0.60 |  47.8 |   8.7 |  4 |    -2044 |     -1723 |    -4864 |  60.0 |
| T SPY 0950 sgn [B0]                    | TRAIN |  1023 | 19.3 | +0.007 | -0.055 | -1.29 |  43.4 |   3.8 |  5 |    -2222 |     -5629 |   -10053 |  33.3 |
| T SPY 0950 sgn [B0]                    | VAL   |   507 | 22.0 | +0.077 | +0.011 | +0.19 |  60.9 |   4.3 |  3 |    -2089 |      +573 |    -4381 |  60.0 |
| T SPY 1000 sgn [B0]                    | TRAIN |  1128 | 21.3 | -0.030 | -0.092 | -2.28 |  41.5 |   3.8 |  7 |    -2335 |    -10397 |   -12790 |  25.0 |
| T SPY 1000 sgn [B0]                    | VAL   |   587 | 25.5 | +0.096 | +0.030 | +0.52 |  56.5 |   4.3 |  2 |    -2020 |     +1733 |    -2886 |  60.0 |
| T SPY 1015 sgn [B0]                    | TRAIN |  1254 | 23.7 | -0.041 | -0.103 | -2.68 |  41.5 |   1.9 |  5 |    -2372 |    -12895 |   -14242 |   8.3 |
| T SPY 1015 sgn [B0]                    | VAL   |   634 | 27.6 | +0.086 | +0.021 | +0.38 |  43.5 |   4.3 |  3 |    -2020 |     +1309 |    -2510 |  40.0 |
| T SPY 1030 sgn [B0]                    | TRAIN |  1340 | 25.3 | -0.045 | -0.107 | -2.87 |  37.7 |   1.9 |  6 |    -2487 |    -14348 |   -16695 |  16.7 |
| T SPY 1030 sgn [B0]                    | VAL   |   658 | 28.6 | +0.065 | -0.002 | -0.03 |  47.8 |   4.3 |  6 |    -2020 |      -104 |    -4083 |  40.0 |
| T QQQ 0935 sgn [B0]                    | TRAIN |   802 | 15.1 | -0.041 | -0.104 | -2.16 |  39.6 |   9.4 |  5 |    -2036 |     -8314 |   -11252 |  25.0 |
| T QQQ 0935 sgn [B0]                    | VAL   |   429 | 18.7 | +0.015 | -0.052 | -0.81 |  34.8 |  13.0 |  6 |    -2205 |     -2249 |    -5291 |  40.0 |
| T QQQ 0940 sgn [B0]                    | TRAIN |   850 | 16.0 | -0.054 | -0.116 | -2.52 |  39.6 |   3.8 |  7 |    -2259 |     -9902 |   -11238 |  33.3 |
| T QQQ 0940 sgn [B0]                    | VAL   |   441 | 19.2 | +0.009 | -0.057 | -0.90 |  47.8 |   8.7 |  8 |    -2566 |     -2523 |    -5589 |  60.0 |
| T QQQ 0945 sgn [B0]                    | TRAIN |   896 | 16.9 | -0.025 | -0.087 | -1.93 |  39.6 |   3.8 |  5 |    -2222 |     -7807 |   -10209 |  33.3 |
| T QQQ 0945 sgn [B0]                    | VAL   |   507 | 22.0 | +0.032 | -0.035 | -0.58 |  47.8 |   4.3 |  5 |    -2044 |     -1780 |    -4536 |  40.0 |
| T QQQ 0950 sgn [B0]                    | TRAIN |  1004 | 18.9 | -0.018 | -0.080 | -1.88 |  39.6 |   3.8 |  5 |    -2222 |     -8064 |   -10039 |  41.7 |
| T QQQ 0950 sgn [B0]                    | VAL   |   526 | 22.9 | +0.100 | +0.035 | +0.59 |  52.2 |   4.3 |  3 |    -2450 |     +1853 |    -3283 |  60.0 |
| T QQQ 1000 sgn [B0]                    | TRAIN |  1133 | 21.4 | -0.023 | -0.085 | -2.10 |  45.3 |   3.8 |  5 |    -2335 |     -9634 |   -12534 |  33.3 |
| T QQQ 1000 sgn [B0]                    | VAL   |   586 | 25.5 | +0.097 | +0.031 | +0.56 |  47.8 |   4.3 |  3 |    -1775 |     +1841 |    -2915 |  60.0 |
| T QQQ 1015 sgn [B0]                    | TRAIN |  1229 | 23.2 | -0.055 | -0.117 | -3.03 |  35.8 |   1.9 |  5 |    -2372 |    -14354 |   -15095 |   8.3 |
| T QQQ 1015 sgn [B0]                    | VAL   |   660 | 28.7 | +0.086 | +0.020 | +0.38 |  39.1 |   4.3 |  6 |    -1083 |     +1350 |    -3618 |  40.0 |
| T QQQ 1030 sgn [B0]                    | TRAIN |  1322 | 24.9 | -0.053 | -0.115 | -3.07 |  37.7 |   1.9 |  6 |    -2487 |    -15148 |   -17131 |  16.7 |
| T QQQ 1030 sgn [B0]                    | VAL   |   668 | 29.0 | +0.071 | +0.006 | +0.10 |  47.8 |   4.3 |  6 |    -1562 |      +368 |    -4250 |  40.0 |

== D. ROLLING CAUSAL FORM — one rule, every signal ==
  TRAIN top-tercile edge spy_dist_hod_pct -0.0518% | qqq -0.0834%
| cell                                   | split |     n |  /wk |  grossR |    netR |     t | green |  flat | rs |   worst |    total |      mdd | grnMo |
|------|------|------|------|------|------|------|------|------|------|------|------|------|------|
| ROLL-SPY ret0930_sig sgn [B2]          | TRAIN |  1070 | 20.2 | +0.008 | -0.061 | -1.55 |  41.5 |   3.8 |  5 |    -1869 |     -6533 |    -9626 |  33.3 |
| ROLL-SPY ret0930_sig sgn [B2]          | VAL   |   546 | 23.7 | +0.137 | +0.067 | +1.20 |  56.5 |   4.3 |  3 |    -1497 |     +3635 |    -2204 |  60.0 |
| ROLL-SPY ret0930_sig p20 [B2]          | TRAIN |   636 | 12.0 | -0.047 | -0.114 | -2.19 |  35.8 |   7.5 |  5 |    -1559 |     -7236 |    -9097 |  33.3 |
| ROLL-SPY ret0930_sig p20 [B2]          | VAL   |   376 | 16.3 | +0.014 | -0.056 | -0.83 |  39.1 |   8.7 |  4 |    -1011 |     -2090 |    -3957 |  40.0 |
| ROLL-SPY ret0930_sig p40 [B2]          | TRAIN |   311 |  5.9 | -0.070 | -0.135 | -1.85 |  26.4 |  28.3 |  5 |    -1489 |     -4207 |    -5973 |  41.7 |
| ROLL-SPY ret0930_sig p40 [B2]          | VAL   |   183 |  8.0 | -0.052 | -0.120 | -1.25 |  34.8 |  17.4 | 11 |    -1769 |     -2202 |    -5050 |  40.0 |
| ROLL-SPY ret0930_sig p60 [B2]          | TRAIN |   148 |  2.8 | -0.016 | -0.081 | -0.73 |  20.8 |  49.1 |  3 |    -1077 |     -1200 |    -2274 |  40.0 |
| ROLL-SPY ret0930_sig p60 [B2]          | VAL   |    92 |  4.0 | +0.054 | -0.008 | -0.06 |  30.4 |  43.5 |  3 |     -876 |       -72 |    -1848 |  40.0 |
| HOD-SPY TRAIN top terc [B2]            | TRAIN |   780 | 14.7 | -0.020 | -0.090 | -2.00 |  32.1 |   3.8 |  9 |    -1649 |     -7014 |   -11587 |  25.0 |
| HOD-SPY TRAIN top terc [B2]            | VAL   |   396 | 17.2 | +0.151 | +0.082 | +1.25 |  43.5 |   4.3 | 11 |     -830 |     +3242 |    -2660 |  40.0 |
| HOD-SPY within 0.10% [B2]              | TRAIN |   977 | 18.4 | +0.031 | -0.039 | -0.97 |  39.6 |   3.8 |  7 |    -1440 |     -3831 |    -9755 |  33.3 |
| HOD-SPY within 0.10% [B2]              | VAL   |   501 | 21.8 | +0.114 | +0.044 | +0.76 |  39.1 |   4.3 |  7 |     -658 |     +2186 |    -2899 |  40.0 |
| HOD-SPY within 0.20% [B2]              | TRAIN |  1217 | 23.0 | -0.009 | -0.079 | -2.22 |  37.7 |   1.9 |  6 |    -1795 |     -9666 |   -11010 |  25.0 |
| HOD-SPY within 0.20% [B2]              | VAL   |   585 | 25.4 | +0.130 | +0.059 | +1.13 |  47.8 |   4.3 |  3 |     -932 |     +3471 |    -1287 |  60.0 |
| HOD-SPY within 0.30% [B2]              | TRAIN |  1310 | 24.7 | -0.021 | -0.092 | -2.66 |  32.1 |   1.9 |  5 |    -1951 |    -12020 |   -12946 |  33.3 |
| HOD-SPY within 0.30% [B2]              | VAL   |   624 | 27.1 | +0.081 | +0.010 | +0.19 |  34.8 |   4.3 |  5 |    -1136 |      +593 |    -3742 |  60.0 |
| ROLL-QQQ ret0930_sig sgn [B2]          | TRAIN |  1023 | 19.3 | +0.008 | -0.061 | -1.51 |  43.4 |   3.8 |  4 |    -1845 |     -6229 |    -7470 |  25.0 |
| ROLL-QQQ ret0930_sig sgn [B2]          | VAL   |   520 | 22.6 | +0.098 | +0.027 | +0.49 |  52.2 |   4.3 |  4 |    -1235 |     +1423 |    -2208 |  40.0 |
| ROLL-QQQ ret0930_sig p20 [B2]          | TRAIN |   737 | 13.9 | -0.003 | -0.070 | -1.45 |  43.4 |   5.7 | 10 |    -1869 |     -5167 |    -7806 |  41.7 |
| ROLL-QQQ ret0930_sig p20 [B2]          | VAL   |   436 | 19.0 | +0.064 | -0.007 | -0.11 |  56.5 |   4.3 |  5 |     -689 |      -291 |    -3137 |  40.0 |
| ROLL-QQQ ret0930_sig p40 [B2]          | TRAIN |   478 |  9.0 | -0.136 | -0.205 | -3.53 |  22.6 |  17.0 |  8 |    -1559 |     -9799 |   -10675 |  25.0 |
| ROLL-QQQ ret0930_sig p40 [B2]          | VAL   |   313 | 13.6 | -0.018 | -0.086 | -1.17 |  30.4 |   4.3 |  7 |     -868 |     -2700 |    -3238 |  20.0 |
| ROLL-QQQ ret0930_sig p60 [B2]          | TRAIN |   301 |  5.7 | -0.135 | -0.201 | -2.73 |  24.5 |  30.2 |  5 |    -1717 |     -6045 |    -6900 |  33.3 |
| ROLL-QQQ ret0930_sig p60 [B2]          | VAL   |   185 |  8.0 | -0.107 | -0.177 | -1.95 |  34.8 |   8.7 |  4 |    -1252 |     -3272 |    -3830 |  40.0 |
| HOD-QQQ TRAIN top terc [B2]            | TRAIN |   769 | 14.5 | -0.009 | -0.077 | -1.68 |  34.0 |   3.8 |  6 |    -1445 |     -5928 |    -8531 |  16.7 |
| HOD-QQQ TRAIN top terc [B2]            | VAL   |   402 | 17.5 | +0.087 | +0.016 | +0.24 |  39.1 |   4.3 |  9 |    -1306 |      +627 |    -1629 |  40.0 |
| HOD-QQQ within 0.10% [B2]              | TRAIN |   823 | 15.5 | +0.010 | -0.058 | -1.30 |  41.5 |   3.8 |  6 |    -1448 |     -4771 |    -8424 |  25.0 |
| HOD-QQQ within 0.10% [B2]              | VAL   |   422 | 18.3 | +0.107 | +0.036 | +0.57 |  56.5 |   4.3 |  3 |     -807 |     +1507 |    -2024 |  40.0 |
| HOD-QQQ within 0.20% [B2]              | TRAIN |  1052 | 19.8 | +0.013 | -0.057 | -1.48 |  35.8 |   3.8 |  6 |    -1644 |     -6010 |    -9643 |  16.7 |
| HOD-QQQ within 0.20% [B2]              | VAL   |   520 | 22.6 | +0.121 | +0.050 | +0.88 |  60.9 |   4.3 |  2 |    -1212 |     +2613 |    -2943 |  60.0 |
| HOD-QQQ within 0.30% [B2]              | TRAIN |  1189 | 22.4 | -0.036 | -0.106 | -2.98 |  32.1 |   1.9 |  6 |    -1980 |    -12656 |   -13985 |  16.7 |
| HOD-QQQ within 0.30% [B2]              | VAL   |   559 | 24.3 | +0.145 | +0.073 | +1.38 |  60.9 |   4.3 |  3 |     -972 |     +4099 |    -1623 |  60.0 |
| ROLL-SPY ret0930_sig sgn [B0]          | TRAIN |  1040 | 19.6 | -0.044 | -0.109 | -2.59 |  39.6 |   3.8 |  5 |    -2116 |    -11311 |   -11715 |   8.3 |
| ROLL-SPY ret0930_sig sgn [B0]          | VAL   |   572 | 24.9 | +0.029 | -0.038 | -0.67 |  39.1 |   4.3 |  6 |    -1821 |     -2170 |    -4726 |  40.0 |
| HOD-SPY TRAIN top terc [B0]            | TRAIN |   660 | 12.5 | -0.041 | -0.105 | -1.99 |  34.0 |   3.8 |  7 |    -1312 |     -6902 |    -7329 |  16.7 |
| HOD-SPY TRAIN top terc [B0]            | VAL   |   364 | 15.8 | +0.111 | +0.044 | +0.62 |  47.8 |   4.3 |  4 |     -757 |     +1607 |    -1889 |  40.0 |
| ROLL-QQQ ret0930_sig sgn [B0]          | TRAIN |  1017 | 19.2 | +0.001 | -0.062 | -1.45 |  47.2 |   3.8 |  7 |    -2340 |     -6349 |    -9232 |  41.7 |
| ROLL-QQQ ret0930_sig sgn [B0]          | VAL   |   568 | 24.7 | +0.019 | -0.047 | -0.83 |  30.4 |   4.3 | 11 |    -1821 |     -2675 |    -5461 |  60.0 |
| HOD-QQQ TRAIN top terc [B0]            | TRAIN |   696 | 13.1 | -0.050 | -0.113 | -2.21 |  35.8 |   3.8 | 16 |    -1125 |     -7877 |    -9448 |  33.3 |
| HOD-QQQ TRAIN top terc [B0]            | VAL   |   396 | 17.2 | +0.065 | -0.002 | -0.03 |  39.1 |   4.3 |  8 |     -761 |       -72 |    -4607 |  40.0 |

== E. MULTI-DAY SPY CONTEXT (known 09:29) ==
| cell                                   | split |     n |  /wk |  grossR |    netR |     t | green |  flat | rs |   worst |    total |      mdd | grnMo |
|------|------|------|------|------|------|------|------|------|------|------|------|------|------|
| M1 spy2d>0 [B2]                        | TRAIN |   874 | 16.5 | -0.038 | -0.105 | -2.48 |  30.2 |  15.1 |  8 |    -1752 |     -9198 |    -9913 |  33.3 |
| M1 spy2d>0 [B2]                        | VAL   |   429 | 18.7 | +0.085 | +0.016 | +0.27 |  43.5 |   8.7 |  3 |     -621 |      +688 |    -1374 |  60.0 |
| M1 spy2d>=+0.5% [B2]                   | TRAIN |   612 | 11.5 | -0.030 | -0.096 | -1.89 |  26.4 |  24.5 |  8 |    -1520 |     -5868 |    -7920 |  50.0 |
| M1 spy2d>=+0.5% [B2]                   | VAL   |   305 | 13.3 | +0.127 | +0.060 | +0.82 |  52.2 |  17.4 |  1 |     -715 |     +1829 |     -715 | 100.0 |
| M1 spy2d>=+1.0% [B2]                   | TRAIN |   307 |  5.8 | -0.021 | -0.087 | -1.20 |  24.5 |  41.5 |  4 |     -974 |     -2669 |    -4489 |  41.7 |
| M1 spy2d>=+1.0% [B2]                   | VAL   |   159 |  6.9 | +0.018 | -0.052 | -0.51 |  17.4 |  43.5 |  2 |     -966 |      -831 |    -1055 |  20.0 |
| M1 spy2d>=+1.5% [B2]                   | TRAIN |   140 |  2.6 | -0.081 | -0.142 | -1.34 |   7.5 |  71.7 |  3 |     -622 |     -1992 |    -3036 |  42.9 |
| M1 spy2d>=+1.5% [B2]                   | VAL   |    72 |  3.1 | +0.043 | -0.025 | -0.16 |   8.7 |  69.6 |  1 |     -254 |      -180 |     -426 |  25.0 |
| M1 spy2d<=-0.5% [B2]                   | TRAIN |   451 |  8.5 | -0.028 | -0.097 | -1.61 |  24.5 |  37.7 |  3 |    -1201 |     -4364 |    -5369 |  33.3 |
| M1 spy2d<=-0.5% [B2]                   | VAL   |   169 |  7.3 | -0.050 | -0.125 | -1.29 |  21.7 |  39.1 |  3 |    -1052 |     -2112 |    -3033 |  20.0 |
| M1 spy2d<=-1.0% [B2]                   | TRAIN |   279 |  5.3 | -0.023 | -0.092 | -1.17 |  15.1 |  60.4 |  2 |    -1201 |     -2562 |    -3536 |  40.0 |
| M1 spy2d<=-1.0% [B2]                   | VAL   |    98 |  4.3 | -0.147 | -0.220 | -1.78 |  13.0 |  60.9 |  3 |    -1052 |     -2160 |    -2630 |  25.0 |
| M1 spy2d<=-1.5% [B2]                   | TRAIN |   185 |  3.5 | +0.025 | -0.042 | -0.42 |  13.2 |  75.5 |  2 |    -1049 |      -775 |    -1938 |  50.0 |
| M1 spy2d<=-1.5% [B2]                   | VAL   |    63 |  2.7 | -0.099 | -0.175 | -1.09 |  13.0 |  69.6 |  3 |     -989 |     -1100 |    -1766 |  33.3 |
| M2 spy1d>0 [B2]                        | TRAIN |   910 | 17.2 | -0.034 | -0.102 | -2.44 |  35.8 |   3.8 |  5 |    -1843 |     -9258 |   -11599 |  25.0 |
| M2 spy1d>0 [B2]                        | VAL   |   390 | 17.0 | +0.065 | -0.004 | -0.06 |  43.5 |   8.7 |  3 |     -712 |      -153 |    -2346 |  40.0 |
| M2 spy3d>0 [B2]                        | TRAIN |   960 | 18.1 | -0.068 | -0.136 | -3.38 |  24.5 |  15.1 | 11 |    -1814 |    -13009 |   -15261 |  16.7 |
| M2 spy3d>0 [B2]                        | VAL   |   440 | 19.1 | +0.121 | +0.052 | +0.88 |  34.8 |  17.4 |  3 |     -600 |     +2310 |    -1483 |  60.0 |
| M2 spy5d>0 [B2]                        | TRAIN |   971 | 18.3 | -0.046 | -0.114 | -2.83 |  22.6 |  15.1 |  9 |    -2136 |    -11056 |   -11937 |   8.3 |
| M2 spy5d>0 [B2]                        | VAL   |   406 | 17.7 | +0.097 | +0.029 | +0.47 |  30.4 |  34.8 |  2 |    -1025 |     +1169 |    -1606 |  80.0 |
| M3 two-UP [B2]                         | TRAIN |   521 |  9.8 | -0.029 | -0.096 | -1.73 |  30.2 |  28.3 |  6 |    -1582 |     -5004 |    -5870 |  25.0 |
| M3 two-UP [B2]                         | VAL   |   222 |  9.7 | +0.037 | -0.030 | -0.36 |  34.8 |  26.1 |  2 |     -966 |      -675 |    -1510 |  40.0 |
| M3 two-DOWN [B2]                       | TRAIN |   286 |  5.4 | -0.028 | -0.095 | -1.23 |  22.6 |  50.9 |  2 |    -1189 |     -2708 |    -2741 |  41.7 |
| M3 two-DOWN [B2]                       | VAL   |   148 |  6.4 | -0.011 | -0.085 | -0.82 |  34.8 |  34.8 |  3 |     -989 |     -1255 |    -1954 |  40.0 |
| M3 mixed [B2]                          | TRAIN |   815 | 15.4 | -0.049 | -0.118 | -2.71 |  32.1 |   5.7 |  8 |    -2116 |     -9634 |   -12447 |  33.3 |
| M3 mixed [B2]                          | VAL   |   336 | 14.6 | +0.154 | +0.084 | +1.24 |  52.2 |  13.0 |  2 |    -1679 |     +2824 |    -2006 |  40.0 |
| M4 prev close pos>=.5 [B2]             | TRAIN |   943 | 17.8 | -0.083 | -0.151 | -3.74 |  28.3 |   1.9 |  7 |    -1631 |    -14210 |   -15537 |   8.3 |
| M4 prev close pos>=.5 [B2]             | VAL   |   432 | 18.8 | +0.080 | +0.010 | +0.17 |  39.1 |  13.0 |  3 |     -517 |      +449 |    -1164 |  60.0 |
| M4 prev close pos<=.5 [B2]             | TRAIN |   679 | 12.8 | +0.022 | -0.046 | -0.93 |  39.6 |  11.3 |  5 |    -1237 |     -3136 |    -4866 |  33.3 |
| M4 prev close pos<=.5 [B2]             | VAL   |   274 | 11.9 | +0.088 | +0.016 | +0.21 |  43.5 |  21.7 |  3 |    -1052 |      +444 |    -2854 |  40.0 |
| M4 inside day [B2]                     | TRAIN |   168 |  3.2 | -0.161 | -0.230 | -2.47 |  11.3 |  54.7 |  3 |     -751 |     -3862 |    -3862 |  18.2 |
| M4 inside day [B2]                     | VAL   |    33 |  1.4 | -0.068 | -0.147 | -0.68 |   4.3 |  78.3 |  2 |     -224 |      -485 |     -525 |  25.0 |
| M4 outside day [B2]                    | TRAIN |   201 |  3.8 | -0.014 | -0.080 | -0.89 |  18.9 |  54.7 |  5 |     -830 |     -1610 |    -3486 |  40.0 |
| M4 outside day [B2]                    | VAL   |    63 |  2.7 | +0.118 | +0.052 | +0.31 |  17.4 |  69.6 |  2 |     -621 |      +327 |     -848 |  66.7 |
| M-Q qqq2d>0 [B2]                       | TRAIN |   919 | 17.3 | -0.057 | -0.124 | -3.02 |  26.4 |  11.3 |  8 |    -2015 |    -11416 |   -12292 |  41.7 |
| M-Q qqq2d>0 [B2]                       | VAL   |   426 | 18.5 | +0.114 | +0.046 | +0.75 |  47.8 |  13.0 |  2 |     -621 |     +1939 |    -1147 |  80.0 |
| M-Q two-UP [B2]                        | TRAIN |   488 |  9.2 | -0.010 | -0.077 | -1.34 |  24.5 |  30.2 |  3 |    -1042 |     -3765 |    -6133 |  41.7 |
| M-Q two-UP [B2]                        | VAL   |   236 | 10.3 | -0.000 | -0.067 | -0.82 |  30.4 |  30.4 |  2 |    -1017 |     -1592 |    -1771 |  20.0 |
| M-Q two-DOWN [B2]                      | TRAIN |   260 |  4.9 | -0.035 | -0.102 | -1.28 |  22.6 |  50.9 |  2 |     -847 |     -2664 |    -2664 |  41.7 |
| M-Q two-DOWN [B2]                      | VAL   |   107 |  4.7 | +0.084 | +0.010 | +0.08 |  30.4 |  47.8 |  2 |     -989 |      +107 |    -1104 |  40.0 |
| M-Q mixed [B2]                         | TRAIN |   874 | 16.5 | -0.056 | -0.125 | -2.96 |  28.3 |   7.5 |  6 |    -2116 |    -10916 |   -11881 |  33.3 |
| M-Q mixed [B2]                         | VAL   |   363 | 15.8 | +0.136 | +0.066 | +1.01 |  56.5 |  17.4 |  2 |    -1037 |     +2378 |    -2276 |  80.0 |
| M1 spy2d>0 [B0]                        | TRAIN |   900 | 17.0 | -0.000 | -0.060 | -1.32 |  41.5 |  15.1 |  5 |    -1822 |     -5427 |    -8902 |  50.0 |
| M1 spy2d>0 [B0]                        | VAL   |   494 | 21.5 | +0.019 | -0.047 | -0.76 |  30.4 |   8.7 |  3 |    -2523 |     -2302 |    -3532 |  20.0 |
| M3 two-UP [B0]                         | TRAIN |   514 |  9.7 | +0.046 | -0.014 | -0.24 |  37.7 |  28.3 |  4 |    -1219 |      -741 |    -4517 |  41.7 |
| M3 two-UP [B0]                         | VAL   |   240 | 10.4 | -0.007 | -0.073 | -0.83 |  30.4 |  26.1 |  4 |    -1007 |     -1744 |    -2240 |  40.0 |
| M3 two-DOWN [B0]                       | TRAIN |   294 |  5.5 | -0.123 | -0.185 | -2.37 |  17.0 |  50.9 |  2 |    -1851 |     -5443 |    -5570 |  33.3 |
| M3 two-DOWN [B0]                       | VAL   |   183 |  8.0 | -0.011 | -0.080 | -0.79 |  34.8 |  34.8 |  3 |    -1690 |     -1457 |    -3106 |  20.0 |
| M-Q qqq2d>0 [B0]                       | TRAIN |   951 | 17.9 | -0.005 | -0.066 | -1.48 |  43.4 |  11.3 |  5 |    -2495 |     -6262 |   -10418 |  41.7 |
| M-Q qqq2d>0 [B0]                       | VAL   |   491 | 21.3 | +0.022 | -0.045 | -0.73 |  34.8 |  13.0 |  3 |    -2523 |     -2189 |    -3295 |  20.0 |

== F. INTERACTIONS (exactly the declared five) ==
| cell                                   | split |     n |  /wk |  grossR |    netR |     t | green |  flat | rs |   worst |    total |      mdd | grnMo |
|------|------|------|------|------|------|------|------|------|------|------|------|------|------|
| F2 T2(SPY 1000 sgn) x spread<=8%R [B3] | TRAIN |   849 | 16.0 | -0.051 | -0.092 | -2.13 |  35.8 |   3.8 |  9 |    -1286 |     -7814 |    -9254 |  25.0 |
| F2 T2(SPY 1000 sgn) x spread<=8%R [B3] | VAL   |   464 | 20.2 | +0.113 | +0.070 | +1.21 |  52.2 |   4.3 |  6 |    -1358 |     +3254 |    -3417 |  80.0 |
| F3 T2 x rv>=5 [B2]                     | TRAIN |   659 | 12.4 | +0.022 | -0.059 | -1.28 |  37.7 |   1.9 |  9 |    -1135 |     -3875 |    -6034 |  33.3 |
| F3 T2 x rv>=5 [B2]                     | VAL   |   360 | 15.7 | +0.056 | -0.021 | -0.35 |  39.1 |   4.3 |  5 |    -1348 |      -762 |    -3386 |  20.0 |

  F4 (owner M5) — is the multi-day separation concentrated in the FIRST 30 MINUTES?
| M rule                         | window      | n kept | n rej | gross sep | net sep |   t   | split |
| M1 spy2d>0                     | 0935-1000   |    813 |   789 |    -0.074 |  -0.072 | -1.18 | TRAIN |
| M1 spy2d>0                     | 0935-1000   |    786 |   420 |    +0.185 |  +0.188 | +2.53 | VAL |
| M1 spy2d>0                     | 1000-1400   |    959 |  2014 |    -0.028 |  -0.027 | -0.52 | TRAIN |
| M1 spy2d>0                     | 1000-1400   |    771 |   475 |    -0.206 |  -0.206 | -2.69 | VAL |
| M3 two-UP                      | 0935-1000   |    469 |  1133 |    -0.049 |  -0.048 | -0.72 | TRAIN |
| M3 two-UP                      | 0935-1000   |    369 |   837 |    +0.089 |  +0.091 | +1.15 | VAL |
| M3 two-UP                      | 1000-1400   |    543 |  2430 |    +0.057 |  +0.057 | +0.87 | TRAIN |
| M3 two-UP                      | 1000-1400   |    318 |   928 |    -0.156 |  -0.156 | -1.88 | VAL |
| M4 prev close pos>=.5          | 0935-1000   |    859 |   743 |    -0.153 |  -0.155 | -2.55 | TRAIN |
| M4 prev close pos>=.5          | 0935-1000   |    737 |   469 |    -0.008 |  -0.008 | -0.11 | VAL |
| M4 prev close pos>=.5          | 1000-1400   |   1071 |  1902 |    -0.048 |  -0.047 | -0.95 | TRAIN |
| M4 prev close pos>=.5          | 1000-1400   |    751 |   495 |    -0.076 |  -0.075 | -1.00 | VAL |

== SEPARATION (kept-minus-rejected, PRE-BOOK). t = iid, tc = DAY-CLUSTERED (the honest one) ==
| gate                               |  TRAIN gr |   net |     t |    tc |  n_kp | days |  VAL gr |   net |     t |    tc |  n_kp | days |
| A1 spy_gap>0 [B2]                  | -0.018 | -0.020 |  -0.53 |  -0.09 |  2014 |  143 | +0.034 | +0.036 |  +0.69 |  +0.40 |  1293 |   57 |
| A2 |spy_gap|<=med [B2]             | -0.076 | -0.079 |  -2.03 |  -0.40 |  1582 |  121 | -0.055 | -0.053 |  -1.02 |  -0.61 |  1123 |   46 |
| A3 spy_r5>0 (0935) [B2]            | +0.388 | +0.389 | +10.67 |  +2.00 |  2368 |  124 | +0.189 | +0.190 |  +3.69 |  +2.37 |  1341 |   52 |
| A4 spy_r5 TOP terc [B2]            | +0.338 | +0.339 |  +9.12 |  +1.50 |  1772 |   81 | +0.163 | +0.164 |  +3.17 |  +1.98 |  1145 |   43 |
| A5 qqq_gap>0 [B2]                  | -0.003 | -0.005 |  -0.14 |  -0.02 |  2022 |  143 | +0.138 | +0.140 |  +2.72 |  +1.53 |  1345 |   59 |
| A6 qqq_r5>0 (0935) [B2]            | +0.300 | +0.301 |  +8.23 |  +1.43 |  2245 |  114 | +0.111 | +0.110 |  +2.13 |  +1.32 |  1355 |   52 |
| A7 qqq_imb not sell-side [B2]      | +0.436 | +0.438 | +10.73 |  +2.21 |  3478 |  200 | -0.107 | -0.109 |  -1.90 |  -1.29 |  1724 |   74 |
| A8 qqq_imb BUY [B2]                | +0.529 | +0.534 | +13.48 |  +2.36 |  1171 |   37 | -0.020 | -0.020 |  -0.26 |  -0.15 |   312 |   15 |
| A9 spy_pm_ret>0 [B2]               | -0.018 | -0.020 |  -0.53 |  -0.09 |  2014 |  143 | +0.034 | +0.036 |  +0.69 |  +0.40 |  1293 |   57 |
| A10 spy_vol20 BOT terc [B2]        | +0.013 | +0.012 |  +0.27 |  +0.06 |  1137 |   81 | +0.022 | +0.024 |  +0.46 |  +0.27 |  1050 |   40 |
| A11 qqq_vol20 BOT terc [B2]        | -0.038 | -0.040 |  -0.94 |  -0.22 |  1196 |   90 | -0.084 | -0.085 |  -1.21 |  -0.81 |   391 |   20 |
| A12 skip weekday 0 [B2]            | +0.416 | +0.416 | +10.22 |  +2.07 |  3412 |  195 | -0.170 | -0.170 |  -2.57 |  -1.57 |  1978 |   84 |
| A13 spy_r5>0 AND qqq_r5>0 [B2]     | +0.325 | +0.326 |  +8.86 |  +1.49 |  1958 |   94 | +0.125 | +0.124 |  +2.39 |  +1.46 |  1074 |   40 |
| A14 gap>0 AND r5>0 [B2]            | +0.024 | +0.022 |  +0.48 |  +0.12 |  1042 |   73 | +0.174 | +0.176 |  +3.06 |  +2.20 |   739 |   31 |
| A1 spy_gap>0 [B0]                  | -0.018 | -0.017 |  -0.35 |  -0.11 |  1533 |  143 | +0.026 | +0.028 |  +0.43 |  +0.28 |   956 |   57 |
| A2 |spy_gap|<=med [B0]             | -0.055 | -0.056 |  -1.12 |  -0.42 |  1136 |  121 | -0.077 | -0.077 |  -1.21 |  -0.80 |   832 |   46 |
| A3 spy_r5>0 (0935) [B0]            | +0.235 | +0.236 |  +4.96 |  +1.77 |  1679 |  124 | +0.165 | +0.167 |  +2.60 |  +1.83 |   995 |   52 |
| A4 spy_r5 TOP terc [B0]            | +0.160 | +0.160 |  +3.32 |  +0.97 |  1225 |   81 | +0.116 | +0.117 |  +1.84 |  +1.24 |   851 |   43 |
| A5 qqq_gap>0 [B0]                  | +0.011 | +0.011 |  +0.24 |  +0.07 |  1539 |  143 | +0.120 | +0.121 |  +1.90 |  +1.16 |   990 |   59 |
| A6 qqq_r5>0 (0935) [B0]            | +0.153 | +0.154 |  +3.24 |  +1.08 |  1614 |  114 | +0.079 | +0.078 |  +1.22 |  +0.82 |   998 |   52 |
| A7 qqq_imb not sell-side [B0]      | +0.239 | +0.243 |  +4.13 |  +1.81 |  2530 |  200 | -0.103 | -0.104 |  -1.49 |  -1.06 |  1225 |   74 |
| A8 qqq_imb BUY [B0]                | +0.344 | +0.348 |  +6.65 |  +1.98 |   776 |   37 | -0.054 | -0.054 |  -0.55 |  -0.38 |   211 |   15 |
| A9 spy_pm_ret>0 [B0]               | -0.018 | -0.017 |  -0.35 |  -0.11 |  1533 |  143 | +0.026 | +0.028 |  +0.43 |  +0.28 |   956 |   57 |
| A10 spy_vol20 BOT terc [B0]        | +0.001 | +0.001 |  +0.02 |  +0.01 |   859 |   81 | +0.051 | +0.053 |  +0.82 |  +0.56 |   746 |   40 |
| A11 qqq_vol20 BOT terc [B0]        | -0.098 | -0.099 |  -1.87 |  -0.81 |   921 |   90 | -0.062 | -0.063 |  -0.73 |  -0.59 |   294 |   20 |
| A12 skip weekday 0 [B0]            | +0.257 | +0.260 |  +4.68 |  +2.11 |  2436 |  195 | -0.153 | -0.153 |  -1.94 |  -1.29 |  1409 |   84 |
| A13 spy_r5>0 AND qqq_r5>0 [B0]     | +0.165 | +0.165 |  +3.47 |  +1.08 |  1377 |   94 | +0.090 | +0.090 |  +1.40 |  +0.93 |   795 |   40 |
| A14 gap>0 AND r5>0 [B0]            | +0.018 | +0.017 |  +0.30 |  +0.13 |   785 |   73 | +0.115 | +0.115 |  +1.64 |  +1.26 |   543 |   31 |
| F5M-1 b1 ret>0 [B2]                | +0.353 | +0.355 |  +9.71 |  +1.75 |  2224 |  119 | +0.068 | +0.068 |  +1.32 |  +0.81 |  1312 |   54 |
| F5M-2 b1rng/ATR TOP [B2]           | +0.070 | +0.073 |  +1.96 |  +0.30 |  2431 |   81 | -0.068 | -0.070 |  -1.36 |  -0.82 |  1265 |   53 |
| F5M-3 b1rng/ATR BOT [B2]           | +0.015 | +0.014 |  +0.31 |  +0.08 |  1026 |   81 | +0.049 | +0.050 |  +0.67 |  +0.42 |   367 |   14 |
| F5M-4 b1vol/20d TOP [B2]           | -0.344 | -0.345 |  -9.27 |  -1.74 |  1855 |   81 | -0.029 | -0.029 |  -0.50 |  -0.33 |   656 |   27 |
| F5M-5 b1vol/20d BOT [B2]           | -0.093 | -0.095 |  -2.09 |  -0.53 |  1002 |   81 | +0.115 | +0.117 |  +2.17 |  +1.23 |   903 |   34 |
| F5M-6 b1 closepos>=.5 [B2]         | +0.302 | +0.303 |  +8.25 |  +1.40 |  2103 |  110 | -0.057 | -0.059 |  -1.14 |  -0.68 |  1132 |   48 |
| F5M-7 gap-and-GO [B2]              | -0.336 | -0.339 |  -9.27 |  -1.67 |  2277 |  121 | +0.071 | +0.072 |  +1.40 |  +0.82 |  1296 |   55 |
| F5M-8 gap-FADE [B2]                | +0.336 | +0.339 |  +9.27 |  +1.67 |  2298 |  121 | -0.071 | -0.072 |  -1.40 |  -0.82 |  1156 |   47 |
| T SPY 0935 sgn [B2]                | +0.388 | +0.389 | +10.67 |  +2.00 |  2368 |  124 | +0.189 | +0.190 |  +3.69 |  +2.37 |  1341 |   52 |
| T SPY 0935 p20 [B2]                | +0.726 | +0.731 | +17.58 |  +4.22 |   815 |   15 | +0.065 | +0.063 |  +0.76 |  +0.39 |   273 |    9 |
| T SPY 0935 p40 [B2]                | -0.155 | -0.161 |  -0.81 |  -1.02 |    42 |    2 |   n/a |   n/a |   n/a |   n/a |   n/a |   n/a |
| T SPY 0935 p60 [B2]                |   n/a |   n/a |   n/a |   n/a |   n/a |   n/a |   n/a |   n/a |   n/a |   n/a |   n/a |   n/a |
| T SPY 0940 sgn [B2]                | +0.370 | +0.372 |  +9.21 |  +1.63 |  2111 |  128 | +0.012 | +0.013 |  +0.21 |  +0.14 |  1009 |   55 |
| T SPY 0940 p20 [B2]                | +0.582 | +0.584 | +13.61 |  +2.30 |   937 |   28 | -0.085 | -0.088 |  -1.12 |  -0.77 |   320 |   15 |
| T SPY 0940 p40 [B2]                | +0.826 | +0.832 | +19.85 |  +5.75 |   664 |    6 | +0.186 | +0.176 |  +0.64 |  +3.75 |    30 |    1 |
| T SPY 0940 p60 [B2]                | +0.928 | +0.935 | +23.27 | +10.25 |   600 |    2 |   n/a |   n/a |   n/a |   n/a |   n/a |   n/a |
| T SPY 0945 sgn [B2]                | +0.381 | +0.382 |  +9.19 |  +1.60 |  1989 |  122 | +0.094 | +0.095 |  +1.50 |  +0.98 |   890 |   50 |
| T SPY 0945 p20 [B2]                | +0.567 | +0.571 | +13.23 |  +2.28 |  1039 |   38 | +0.186 | +0.189 |  +2.30 |  +1.62 |   328 |   15 |
| T SPY 0945 p40 [B2]                | +0.793 | +0.797 | +18.57 |  +4.56 |   689 |    9 | +0.257 | +0.252 |  +1.63 |  +1.49 |    74 |    3 |
| T SPY 0945 p60 [B2]                | +0.939 | +0.945 | +23.47 |  +9.76 |   591 |    2 | +0.199 | +0.187 |  +0.68 |  +3.81 |    30 |    1 |
| T SPY 0950 sgn [B2]                | +0.522 | +0.523 | +12.17 |  +2.26 |  1836 |  125 | +0.193 | +0.196 |  +2.90 |  +2.20 |   856 |   52 |
| T SPY 0950 p20 [B2]                | +0.625 | +0.629 | +14.26 |  +2.58 |   991 |   39 | +0.170 | +0.173 |  +2.21 |  +1.55 |   370 |   22 |
| T SPY 0950 p40 [B2]                | +0.775 | +0.778 | +17.60 |  +3.92 |   687 |   12 | +0.131 | +0.130 |  +1.08 |  +0.97 |   106 |    5 |
| T SPY 0950 p60 [B2]                | +0.886 | +0.892 | +21.09 |  +6.63 |   619 |    5 | +0.390 | +0.394 |  +2.06 |  +8.28 |    25 |    1 |
| T SPY 1000 sgn [B2]                | +0.119 | +0.118 |  +2.20 |  +0.39 |  2129 |  126 | +0.068 | +0.068 |  +0.89 |  +0.70 |   776 |   60 |
| T SPY 1000 p20 [B2]                | -0.015 | -0.017 |  -0.38 |  -0.04 |  1473 |   53 | +0.163 | +0.166 |  +2.11 |  +1.57 |   399 |   26 |
| T SPY 1000 p40 [B2]                | +0.019 | +0.018 |  +0.39 |  +0.03 |  1202 |   18 | +0.142 | +0.149 |  +1.43 |  +1.30 |   151 |   10 |
| T SPY 1000 p60 [B2]                | +0.028 | +0.027 |  +0.60 |  +0.05 |  1106 |    6 | +0.441 | +0.445 |  +2.31 |  +8.97 |    25 |    1 |
| T SPY 1015 sgn [B2]                | +0.245 | +0.244 |  +3.98 |  +0.81 |  1530 |  122 | -0.016 | -0.015 |  -0.17 |  -0.13 |   543 |   56 |
| T SPY 1015 p20 [B2]                | +0.234 | +0.233 |  +4.26 |  +0.62 |  1174 |   61 | +0.156 | +0.162 |  +1.84 |  +1.52 |   332 |   29 |
| T SPY 1015 p40 [B2]                | +0.259 | +0.256 |  +4.87 |  +0.56 |   919 |   27 | -0.004 | -0.002 |  -0.02 |  -0.02 |    92 |    8 |
| T SPY 1015 p60 [B2]                | +0.341 | +0.340 |  +6.53 |  +0.71 |   837 |   11 |   n/a |   n/a |   n/a |   n/a |   n/a |   n/a |
| T SPY 1030 sgn [B2]                | +0.517 | +0.517 |  +7.44 |  +2.53 |  1141 |  120 | +0.037 | +0.037 |  +0.36 |  +0.28 |   409 |   55 |
| T SPY 1030 p20 [B2]                | +0.528 | +0.529 |  +8.55 |  +2.60 |   900 |   66 | +0.163 | +0.167 |  +1.68 |  +1.40 |   303 |   35 |
| T SPY 1030 p40 [B2]                | +0.606 | +0.606 | +10.68 |  +3.54 |   672 |   26 | +0.026 | +0.029 |  +0.25 |  +0.22 |   134 |   15 |
| T SPY 1030 p60 [B2]                | +0.731 | +0.732 | +13.43 |  +7.00 |   620 |   12 | +0.029 | +0.029 |  +0.19 |  +0.15 |    73 |    7 |
| T QQQ 0935 sgn [B2]                | +0.300 | +0.301 |  +8.23 |  +1.43 |  2245 |  114 | +0.111 | +0.110 |  +2.13 |  +1.32 |  1355 |   52 |
| T QQQ 0935 p20 [B2]                | +0.513 | +0.515 | +12.76 |  +2.11 |  1081 |   34 | +0.066 | +0.066 |  +1.16 |  +0.71 |   707 |   24 |
| T QQQ 0935 p40 [B2]                | +0.798 | +0.804 | +19.44 |  +5.81 |   703 |    7 | +0.128 | +0.127 |  +1.42 |  +0.74 |   221 |    6 |
| T QQQ 0935 p60 [B2]                | +0.273 | +0.268 |  +1.34 |  +1.33 |    50 |    2 | +0.317 | +0.316 |  +2.02 |  +7.26 |    51 |    1 |
| T QQQ 0940 sgn [B2]                | +0.349 | +0.351 |  +8.71 |  +1.51 |  2054 |  118 | -0.071 | -0.075 |  -1.26 |  -0.81 |   993 |   52 |
| T QQQ 0940 p20 [B2]                | +0.452 | +0.453 | +10.98 |  +1.77 |  1289 |   55 | -0.014 | -0.014 |  -0.22 |  -0.14 |   609 |   28 |
| T QQQ 0940 p40 [B2]                | +0.637 | +0.639 | +14.72 |  +2.62 |   824 |   16 | -0.122 | -0.124 |  -1.37 |  -0.88 |   217 |   11 |
| T QQQ 0940 p60 [B2]                | +0.759 | +0.763 | +17.84 |  +4.01 |   693 |    8 | +0.263 | +0.260 |  +1.72 |  +1.71 |    80 |    4 |
| T QQQ 0945 sgn [B2]                | +0.407 | +0.408 |  +9.85 |  +1.74 |  1957 |  124 | -0.012 | -0.013 |  -0.20 |  -0.13 |   985 |   59 |
| T QQQ 0945 p20 [B2]                | +0.493 | +0.495 | +11.78 |  +1.97 |  1271 |   55 | +0.131 | +0.133 |  +1.93 |  +1.34 |   546 |   28 |
| T QQQ 0945 p40 [B2]                | +0.582 | +0.584 | +13.38 |  +2.21 |   904 |   24 | -0.022 | -0.022 |  -0.25 |  -0.20 |   249 |   12 |
| T QQQ 0945 p60 [B2]                | +0.831 | +0.836 | +19.53 |  +5.46 |   669 |    8 | +0.055 | +0.050 |  +0.38 |  +0.23 |   100 |    4 |
| T QQQ 0950 sgn [B2]                | +0.467 | +0.469 | +10.87 |  +1.92 |  1765 |  122 | +0.068 | +0.070 |  +1.02 |  +0.76 |   879 |   55 |
| T QQQ 0950 p20 [B2]                | +0.571 | +0.573 | +13.18 |  +2.34 |  1202 |   60 | +0.145 | +0.146 |  +2.12 |  +1.54 |   626 |   38 |
| T QQQ 0950 p40 [B2]                | +0.627 | +0.630 | +14.06 |  +2.43 |   853 |   30 | -0.042 | -0.041 |  -0.50 |  -0.40 |   294 |   17 |
| T QQQ 0950 p60 [B2]                | +0.729 | +0.733 | +16.41 |  +3.32 |   744 |   14 | +0.029 | +0.029 |  +0.29 |  +0.23 |   194 |    9 |
| T QQQ 1000 sgn [B2]                | +0.095 | +0.094 |  +1.70 |  +0.32 |  2182 |  129 | -0.010 | -0.011 |  -0.14 |  -0.11 |   783 |   59 |
| T QQQ 1000 p20 [B2]                | -0.018 | -0.019 |  -0.40 |  -0.05 |  1670 |   71 | -0.024 | -0.025 |  -0.34 |  -0.26 |   560 |   41 |
| T QQQ 1000 p40 [B2]                | +0.021 | +0.020 |  +0.42 |  +0.04 |  1416 |   42 | +0.011 | +0.014 |  +0.16 |  +0.11 |   249 |   16 |
| T QQQ 1000 p60 [B2]                | +0.030 | +0.028 |  +0.61 |  +0.05 |  1212 |   18 | -0.122 | -0.124 |  -1.19 |  -0.84 |   142 |    8 |
| T QQQ 1015 sgn [B2]                | +0.171 | +0.170 |  +2.82 |  +0.53 |  1459 |  122 | -0.007 | -0.004 |  -0.05 |  -0.04 |   595 |   61 |
| T QQQ 1015 p20 [B2]                | +0.149 | +0.148 |  +2.62 |  +0.41 |  1277 |   84 | -0.004 | +0.000 |  +0.00 |  +0.00 |   441 |   42 |
| T QQQ 1015 p40 [B2]                | +0.205 | +0.204 |  +3.77 |  +0.51 |  1106 |   53 | -0.122 | -0.122 |  -1.30 |  -1.10 |   211 |   20 |
| T QQQ 1015 p60 [B2]                | +0.345 | +0.345 |  +6.56 |  +0.78 |   923 |   24 | -0.048 | -0.042 |  -0.41 |  -0.42 |   144 |   11 |
| T QQQ 1030 sgn [B2]                | +0.490 | +0.490 |  +7.22 |  +2.36 |  1092 |  119 | +0.023 | +0.025 |  +0.25 |  +0.19 |   405 |   58 |
| T QQQ 1030 p20 [B2]                | +0.500 | +0.501 |  +8.01 |  +2.38 |   917 |   78 | -0.007 | -0.005 |  -0.05 |  -0.04 |   310 |   41 |
| T QQQ 1030 p40 [B2]                | +0.593 | +0.596 |  +9.97 |  +3.26 |   815 |   53 | +0.017 | +0.019 |  +0.19 |  +0.16 |   254 |   32 |
| T QQQ 1030 p60 [B2]                | +0.722 | +0.724 | +12.84 |  +5.91 |   691 |   28 | -0.094 | -0.092 |  -0.81 |  -0.91 |   126 |   14 |
| T SPY 0935 sgn [B0]                | +0.235 | +0.236 |  +4.96 |  +1.77 |  1679 |  124 | +0.165 | +0.167 |  +2.60 |  +1.83 |   995 |   52 |
| T SPY 0940 sgn [B0]                | +0.138 | +0.139 |  +2.86 |  +0.98 |  1732 |  128 | +0.034 | +0.034 |  +0.53 |  +0.35 |   926 |   55 |
| T SPY 0945 sgn [B0]                | +0.131 | +0.130 |  +2.65 |  +0.90 |  1704 |  122 | +0.082 | +0.082 |  +1.25 |  +0.85 |   893 |   50 |
| T SPY 0950 sgn [B0]                | +0.243 | +0.243 |  +4.69 |  +1.69 |  1561 |  126 | +0.214 | +0.218 |  +3.13 |  +2.47 |   861 |   52 |
| T SPY 1000 sgn [B0]                | +0.070 | +0.068 |  +1.17 |  +0.39 |  1617 |  126 | +0.146 | +0.147 |  +1.94 |  +1.54 |   819 |   60 |
| T SPY 1015 sgn [B0]                | +0.115 | +0.115 |  +1.75 |  +0.56 |  1201 |  123 | +0.041 | +0.043 |  +0.50 |  +0.37 |   565 |   55 |
| T SPY 1030 sgn [B0]                | +0.313 | +0.314 |  +4.28 |  +1.82 |   934 |  123 | +0.148 | +0.149 |  +1.52 |  +1.22 |   444 |   54 |
| T QQQ 0935 sgn [B0]                | +0.153 | +0.154 |  +3.24 |  +1.08 |  1614 |  114 | +0.079 | +0.078 |  +1.22 |  +0.82 |   998 |   52 |
| T QQQ 0940 sgn [B0]                | +0.129 | +0.129 |  +2.66 |  +0.90 |  1709 |  118 | -0.001 | -0.002 |  -0.03 |  -0.02 |   891 |   52 |
| T QQQ 0945 sgn [B0]                | +0.169 | +0.170 |  +3.46 |  +1.20 |  1686 |  124 | +0.017 | +0.016 |  +0.24 |  +0.16 |   990 |   59 |
| T QQQ 0950 sgn [B0]                | +0.156 | +0.155 |  +3.01 |  +1.00 |  1497 |  123 | +0.179 | +0.183 |  +2.59 |  +2.03 |   892 |   55 |
| T QQQ 1000 sgn [B0]                | +0.077 | +0.076 |  +1.28 |  +0.44 |  1660 |  129 | +0.092 | +0.093 |  +1.21 |  +0.93 |   829 |   59 |
| T QQQ 1015 sgn [B0]                | +0.027 | +0.025 |  +0.38 |  +0.11 |  1136 |  123 | +0.019 | +0.022 |  +0.24 |  +0.19 |   624 |   60 |
| T QQQ 1030 sgn [B0]                | +0.316 | +0.317 |  +4.40 |  +1.82 |   884 |  122 | +0.087 | +0.090 |  +0.92 |  +0.70 |   440 |   57 |
| ROLL-SPY ret0930_sig sgn [B2]      | +0.046 | +0.045 |  +1.08 |  +0.23 |  3238 |  201 | +0.071 | +0.072 |  +1.32 |  +0.85 |  1633 |   91 |
| ROLL-SPY ret0930_sig p20 [B2]      | +0.046 | +0.049 |  +1.33 |  +0.18 |  2183 |  125 | -0.001 | +0.002 |  +0.05 |  +0.03 |   899 |   64 |
| ROLL-SPY ret0930_sig p40 [B2]      | +0.065 | +0.070 |  +1.87 |  +0.19 |  1624 |   78 | -0.068 | -0.064 |  -0.93 |  -0.62 |   392 |   37 |
| ROLL-SPY ret0930_sig p60 [B2]      | +0.085 | +0.090 |  +2.35 |  +0.20 |  1348 |   39 | -0.009 | +0.000 |  +0.00 |  +0.00 |   190 |   22 |
| HOD-SPY TRAIN top terc [B2]        | -0.215 | -0.221 |  -5.70 |  -1.23 |  1525 |  188 | +0.067 | +0.066 |  +1.21 |  +0.83 |   828 |   90 |
| HOD-SPY within 0.10% [B2]          | -0.181 | -0.188 |  -5.09 |  -0.92 |  2141 |  212 | +0.104 | +0.103 |  +2.00 |  +1.34 |  1292 |   93 |
| HOD-SPY within 0.20% [B2]          | -0.153 | -0.162 |  -4.32 |  -0.59 |  2828 |  230 | +0.123 | +0.122 |  +2.09 |  +1.48 |  1808 |   99 |
| HOD-SPY within 0.30% [B2]          | -0.078 | -0.087 |  -2.18 |  -0.26 |  3250 |  235 | +0.087 | +0.085 |  +1.14 |  +0.89 |  2093 |  101 |
| ROLL-QQQ ret0930_sig sgn [B2]      | +0.091 | +0.090 |  +2.24 |  +0.47 |  3162 |  187 | -0.001 | -0.001 |  -0.02 |  -0.01 |  1652 |   85 |
| ROLL-QQQ ret0930_sig p20 [B2]      | +0.061 | +0.062 |  +1.67 |  +0.27 |  2552 |  148 | -0.000 | +0.001 |  +0.02 |  +0.01 |  1184 |   75 |
| ROLL-QQQ ret0930_sig p40 [B2]      | +0.027 | +0.030 |  +0.81 |  +0.10 |  1951 |  103 | -0.109 | -0.107 |  -1.91 |  -1.38 |   714 |   60 |
| ROLL-QQQ ret0930_sig p60 [B2]      | +0.057 | +0.061 |  +1.64 |  +0.17 |  1626 |   75 | -0.110 | -0.107 |  -1.65 |  -1.25 |   430 |   43 |
| HOD-QQQ TRAIN top terc [B2]        | -0.101 | -0.103 |  -2.62 |  -0.57 |  1524 |  179 | -0.022 | -0.025 |  -0.46 |  -0.31 |   872 |   82 |
| HOD-QQQ within 0.10% [B2]          | -0.096 | -0.098 |  -2.55 |  -0.52 |  1680 |  184 | -0.019 | -0.021 |  -0.41 |  -0.27 |   989 |   84 |
| HOD-QQQ within 0.20% [B2]          | -0.051 | -0.056 |  -1.51 |  -0.23 |  2402 |  213 | -0.003 | -0.005 |  -0.09 |  -0.06 |  1449 |   91 |
| HOD-QQQ within 0.30% [B2]          | -0.077 | -0.084 |  -2.19 |  -0.32 |  2909 |  227 | +0.067 | +0.066 |  +1.13 |  +0.78 |  1767 |   95 |
| M1 spy2d>0 [B2]                    | -0.052 | -0.053 |  -1.37 |  -0.25 |  1772 |  135 | -0.011 | -0.010 |  -0.19 |  -0.13 |  1557 |   61 |
| M1 spy2d>=+0.5% [B2]               | +0.002 | +0.002 |  +0.04 |  +0.01 |  1190 |   97 | +0.135 | +0.137 |  +2.63 |  +1.57 |  1076 |   43 |
| M1 spy2d>=+1.0% [B2]               | -0.033 | -0.033 |  -0.58 |  -0.20 |   567 |   48 | -0.041 | -0.041 |  -0.65 |  -0.32 |   540 |   21 |
| M1 spy2d>=+1.5% [B2]               | -0.002 | +0.002 |  +0.02 |  +0.01 |   238 |   21 | +0.123 | +0.127 |  +1.45 |  +0.69 |   241 |   10 |
| M1 spy2d<=-0.5% [B2]               | +0.072 | +0.074 |  +2.02 |  +0.28 |  2171 |   64 | +0.030 | +0.029 |  +0.48 |  +0.32 |   558 |   25 |
| M1 spy2d<=-1.0% [B2]               | +0.057 | +0.060 |  +1.61 |  +0.18 |  1707 |   37 | -0.109 | -0.109 |  -1.42 |  -0.99 |   314 |   15 |
| M1 spy2d<=-1.5% [B2]               | +0.094 | +0.098 |  +2.58 |  +0.26 |  1499 |   23 | -0.097 | -0.099 |  -1.06 |  -0.74 |   202 |   10 |
| M2 spy1d>0 [B2]                    | -0.020 | -0.022 |  -0.59 |  -0.10 |  1832 |  140 | +0.042 | +0.044 |  +0.85 |  +0.53 |  1351 |   55 |
| M2 spy3d>0 [B2]                    | -0.045 | -0.046 |  -1.21 |  -0.21 |  1837 |  147 | +0.092 | +0.094 |  +1.77 |  +1.18 |  1567 |   63 |
| M2 spy5d>0 [B2]                    | +0.005 | +0.003 |  +0.07 |  +0.01 |  1939 |  153 | -0.118 | -0.119 |  -2.27 |  -1.37 |  1411 |   58 |
| M3 two-UP [B2]                     | +0.005 | +0.004 |  +0.08 |  +0.02 |  1012 |   81 | -0.018 | -0.017 |  -0.30 |  -0.16 |   687 |   30 |
| M3 two-DOWN [B2]                   | +0.088 | +0.092 |  +2.45 |  +0.27 |  1716 |   41 | +0.002 | +0.001 |  +0.01 |  +0.01 |   502 |   23 |
| M3 mixed [B2]                      | -0.089 | -0.092 |  -2.43 |  -0.42 |  1847 |  120 | +0.013 | +0.014 |  +0.26 |  +0.16 |  1263 |   49 |
| M4 prev close pos>=.5 [B2]         | -0.092 | -0.094 |  -2.49 |  -0.42 |  1930 |  143 | -0.041 | -0.041 |  -0.78 |  -0.46 |  1488 |   61 |
| M4 prev close pos<=.5 [B2]         | +0.092 | +0.094 |  +2.49 |  +0.42 |  2645 |   99 | +0.041 | +0.041 |  +0.78 |  +0.46 |   964 |   41 |
| M4 inside day [B2]                 | -0.040 | -0.038 |  -0.58 |  -0.20 |   423 |   25 | -0.189 | -0.196 |  -1.49 |  -1.72 |    93 |    5 |
| M4 outside day [B2]                | +0.063 | +0.064 |  +1.00 |  +0.40 |   470 |   29 | -0.037 | -0.036 |  -0.33 |  -0.31 |   150 |    8 |
| M-Q qqq2d>0 [B2]                   | -0.070 | -0.072 |  -1.90 |  -0.33 |  1860 |  142 | +0.014 | +0.014 |  +0.27 |  +0.18 |  1541 |   60 |
| M-Q two-UP [B2]                    | +0.020 | +0.019 |  +0.40 |  +0.11 |   939 |   78 | -0.059 | -0.059 |  -1.04 |  -0.56 |   723 |   32 |
| M-Q two-DOWN [B2]                  | -0.416 | -0.416 | -10.20 |  -1.97 |  1118 |   39 | +0.131 | +0.133 |  +1.87 |  +1.38 |   382 |   17 |
| M-Q mixed [B2]                     | +0.297 | +0.298 |  +8.10 |  +1.44 |  2518 |  125 | -0.020 | -0.021 |  -0.40 |  -0.24 |  1347 |   53 |

cells scored: 165 unique names x 2 splits = 330 rows

== COUNT-MATCHED PERMUTATION NULL (2,000 draws, per-week pick count fixed) ==
| cell | split | observed green % | null mean | [p5, p95] | outside? |
| A14 gap>0 AND r5>0 [B2] | VAL | 65.2 | 53.5 | [43.5, 60.9] | ABOVE |
| A3 spy_r5>0 (0935) [B0] | TRAIN | 52.8 | 44.4 | [37.7, 50.9] | ABOVE |
| A12 skip weekday 0 [B0] | TRAIN | 47.2 | 37.3 | [30.2, 43.4] | ABOVE |
| F5M-1 b1 ret>0 [B0] | TRAIN | 43.4 | 35.2 | [28.3, 41.5] | ABOVE |
| T SPY 0940 sgn [B2] | VAL | 69.6 | 56.2 | [47.8, 65.2] | ABOVE |
| T SPY 1000 p20 [B2] | TRAIN | 22.6 | 32.1 | [24.5, 39.6] | below |
| T SPY 1015 p40 [B2] | VAL | 39.1 | 55.6 | [47.8, 65.2] | below |
| T SPY 1015 p60 [B2] | VAL | 39.1 | 56.3 | [47.8, 65.2] | below |
|   (pre-gate arm, entry_m<616) [B2] | VAL | 39.1 | 56.3 | [47.8, 65.2] | below |
|   (pre-gate arm, entry_m<631) [B2] | VAL | 39.1 | 52.2 | [43.5, 60.9] | below |
| T QQQ 1000 p20 [B2] | TRAIN | 20.8 | 30.9 | [24.5, 37.7] | below |
| T QQQ 1000 p40 [B2] | TRAIN | 20.8 | 31.0 | [24.5, 37.7] | below |
| T QQQ 1015 p60 [B2] | VAL | 39.1 | 56.0 | [47.8, 65.2] | below |
| T SPY 0935 sgn [B0] | TRAIN | 52.8 | 44.4 | [37.7, 50.9] | ABOVE |
| T SPY 0945 sgn [B0] | TRAIN | 43.4 | 33.5 | [26.4, 39.6] | ABOVE |
| T QQQ 1000 sgn [B0] | TRAIN | 45.3 | 36.4 | [30.2, 43.4] | ABOVE |
| HOD-SPY TRAIN top terc [B2] | VAL | 43.5 | 57.0 | [47.8, 65.2] | below |
| HOD-SPY within 0.10% [B2] | VAL | 39.1 | 53.3 | [43.5, 65.2] | below |
| HOD-SPY within 0.30% [B2] | VAL | 34.8 | 48.7 | [39.1, 56.5] | below |
| M2 spy3d>0 [B2] | VAL | 34.8 | 47.3 | [39.1, 56.5] | below |
| M-Q qqq2d>0 [B0] | TRAIN | 43.4 | 36.0 | [30.2, 41.5] | ABOVE |
  nulls run: 325 cell x split; outside their band: 21 (ABOVE 9, below 12)
  cells ABOVE their null band on BOTH splits: 0
