cost model: measured NBBO on 15493 of 147196 break rows (10.5%); imputation cells 23, global median 0.345%
== POST-HOC: variants around A3 (SPY 09:30->09:35 up) ==
| cell                                   | split |     n |  /wk |  grossR |    netR |     t | green |  flat | rs |   worst |    total |      mdd | grnMo |
|------|------|------|------|------|------|------|------|------|------|------|------|------|------|
| A3 x B0                                | TRAIN |   877 | 16.5 | +0.035 | -0.026 | -0.56 |  52.8 |   3.8 |  4 |    -1715 |     -2298 |    -7684 |  58.3 |
| A3 x B0                                | VAL   |   419 | 18.2 | +0.096 | +0.030 | +0.46 |  52.2 |   8.7 |  3 |    -2205 |     +1264 |    -4086 |  60.0 |
| A3 x B2                                | TRAIN |   829 | 15.6 | +0.032 | -0.037 | -0.83 |  43.4 |   3.8 |  4 |    -1189 |     -3059 |    -7999 |  58.3 |
| A3 x B2                                | VAL   |   365 | 15.9 | +0.165 | +0.094 | +1.41 |  65.2 |   8.7 |  3 |    -1381 |     +3439 |    -1885 |  60.0 |
| A3 x B3                                | TRAIN |   625 | 11.8 | -0.058 | -0.099 | -1.94 |  41.5 |   3.8 | 11 |    -1072 |     -6185 |    -8039 |  33.3 |
| A3 x B3                                | VAL   |   315 | 13.7 | +0.161 | +0.120 | +1.63 |  43.5 |   8.7 |  6 |     -805 |     +3783 |    -2790 |  60.0 |
| A3 x rv>=5 [B2]                        | TRAIN |   385 |  7.3 | -0.004 | -0.085 | -1.42 |  35.8 |   5.7 |  9 |    -1002 |     -3273 |    -4955 |  41.7 |
| A3 x rv>=5 [B2]                        | VAL   |   213 |  9.3 | +0.116 | +0.038 | +0.45 |  47.8 |   8.7 |  5 |    -1283 |      +799 |    -3009 |  40.0 |
| A3 x qqq_r5>0 [B2]                     | TRAIN |   617 | 11.6 | -0.032 | -0.102 | -2.02 |  34.0 |  13.2 |  8 |    -1239 |     -6294 |    -9396 |  33.3 |
| A3 x qqq_r5>0 [B2]                     | VAL   |   279 | 12.1 | +0.163 | +0.092 | +1.20 |  60.9 |  13.0 |  3 |    -1381 |     +2554 |    -1885 |  60.0 |
| A3 x imb not sell [B2]                 | TRAIN |   692 | 13.1 | +0.019 | -0.051 | -1.05 |  35.8 |   9.4 |  6 |    -1178 |     -3545 |    -7832 |  41.7 |
| A3 x imb not sell [B2]                 | VAL   |   230 | 10.0 | +0.152 | +0.080 | +0.95 |  52.2 |  26.1 |  2 |     -893 |     +1845 |    -1114 |  60.0 |
| A3 x entry_m>=600 [B2]                 | TRAIN |   731 | 13.8 | +0.092 | +0.032 | +0.61 |  50.9 |   5.7 |  4 |    -1305 |     +2329 |    -4197 |  50.0 |
| A3 x entry_m>=600 [B2]                 | VAL   |   359 | 15.6 | -0.010 | -0.074 | -1.06 |  30.4 |   8.7 |  8 |    -2097 |     -2668 |    -4949 |  40.0 |
| A3 x entry_m<600 [B2]                  | TRAIN |   489 |  9.2 | -0.055 | -0.130 | -2.47 |  32.1 |   3.8 |  6 |    -1101 |     -6355 |    -7352 |  33.3 |
| A3 x entry_m<600 [B2]                  | VAL   |   236 | 10.3 | +0.268 | +0.194 | +2.41 |  56.5 |   8.7 |  3 |     -735 |     +4580 |    -1056 |  80.0 |

== TAIL DEPENDENCE (net R: as-is -> ex top 1% -> ex top 5%) ==
  A3 x B2    TRAIN n=  829  -0.037 -> -0.059 -> -0.145
  A3 x B2    VAL   n=  365  +0.094 -> +0.073 -> -0.009
  A3 x B0    TRAIN n=  877  -0.026 -> -0.047 -> -0.132
  A3 x B0    VAL   n=  419  +0.030 -> +0.007 -> -0.073

== WEEK-BY-WEEK, A3 on B2 at $100 risk (the owner metric, dollars beside the ratio) ==
-- TRAIN: 23/53 green, total $-3,059, worst $-1,189, best $+1,656, mean $-58/wk
   -384(6) +393(7) -253(18) +283(4) +114(20) -509(21) -192(8) -449(15) -1131(19) +1656(29) +818(17) -671(23) -706(15) -115(21) -1140(27) +658(28) +224(6) +278(4) +30(10) +1379(47) +1272(18) +403(8) +142(16) -151(21) -18(15) -107(4)
-- VAL: 15/23 green, total $+3,439, worst $-1,381, best $+1,209, mean $+150/wk
   +0(0) +917(16) +354(25) -742(19) +133(40) +41(13) +606(21) -1381(26) +258(17) +499(18) -269(15) -893(17) -67(14) +212(20) -244(5) +961(25) +107(9) +238(14) +1209(24) +676(19) +516(4) +311(4) +0(0)

== MONTHLY, A3 on B2 ==
  2025-01:+828(41) 2025-02:-1857(72) 2025-03:+233(63) 2025-04:-2678(63) 2025-05:-1905(76) 2025-06:+249(77) 2025-07:+284(45) 2025-08:-1036(64) 2025-09:+673(88) 2025-10:-1079(97) 2025-11:+2960(79) 2025-12:+269(64) 2026-01:+661(100) 2026-02:-476(77) 2026-03:-654(69) 2026-04:+965(62) 2026-05:+2943(57) 2026-06:+2244(78) 2026-07:-1359(79) 2026-08:+821(68) 2026-09:+954(13)

== the separation of A3 by YEAR-HALF (does the sign hold in both halves of TRAIN?) ==
  H1-25: gross sep +0.725 R  (n_kept 1357 on 60 days, n_rej 1216 on 57 days, clustered t +3.04)
  H2-25: gross sep -0.041 R  (n_kept 1011 on 64 days, n_rej 991 on 61 days, clustered t -0.45)
  VAL: gross sep +0.189 R  (n_kept 1341 on 52 days, n_rej 1111 on 50 days, clustered t +2.37)

== NULL on the post-hoc survivors ==
  A3 x B2            TRAIN obs  43.4 vs null  42.9 [35.8, 50.9] -> inside
  A3 x B2            VAL   obs  65.2 vs null  56.1 [43.5, 65.2] -> inside
  A3 x B0            TRAIN obs  52.8 vs null  44.4 [37.7, 50.9] -> ABOVE
  A3 x B0            VAL   obs  52.2 vs null  48.8 [39.1, 60.9] -> inside
  A3 x B3            TRAIN obs  41.5 vs null  36.2 [28.3, 43.4] -> inside
  A3 x B3            VAL   obs  43.5 vs null  57.3 [47.8, 65.2] -> below
  A3 x rv>=5 [B2]    TRAIN obs  35.8 vs null  38.2 [32.1, 45.3] -> inside
  A3 x rv>=5 [B2]    VAL   obs  47.8 vs null  47.9 [39.1, 56.5] -> inside
