F34 — the floor map: the bare instrument on the PIT HOD universe (13 cells)
  walked rows 317,157 -> 285,485 unique keys of 288,174 arm-d controls = 99.1 % availability
cost model: measured NBBO on 12001 of 1188186 break rows (1.0%); imputation cells 23, global median 0.340%
  ADV$ join 100.0 % | class stock 61.1 % wrapper 38.6 %

  cell  name              s%    n_TR    /wk  grossTR  costTR   netTR      t  netVAL      t      H1      H2    MDE
  U0    unconditional      2 198,060   3737   -0.136   0.253  -0.389  -7.17  -0.360  -6.51  -0.392  -0.386  0.407
  U0    unconditional      3 198,060   3737   -0.229   0.248  -0.476  -6.72  -0.406  -5.85  -0.493  -0.461  0.475
  U0    unconditional      4 198,060   3737   -0.261   0.241  -0.502  -6.22  -0.415  -5.33  -0.520  -0.485  0.513
  U1    hour 09:37-10:30   2  41,202    777   -0.216   0.312  -0.528  -7.93  -0.509  -6.01  -0.512  -0.542  0.480
  U1    hour 09:37-10:30   3  41,202    777   -0.439   0.312  -0.751  -8.27  -0.674  -5.91  -0.751  -0.751  0.576
  U1    hour 09:37-10:30   4  41,202    777   -0.532   0.303  -0.834  -7.88  -0.731  -5.63  -0.827  -0.841  0.634
  U2    hour 10:30-11:30   2  46,274    873   -0.144   0.241  -0.385  -5.55  -0.367  -4.87  -0.401  -0.370  0.434
  U2    hour 10:30-11:30   3  46,274    873   -0.246   0.236  -0.483  -5.43  -0.427  -4.63  -0.519  -0.449  0.512
  U2    hour 10:30-11:30   4  46,274    873   -0.295   0.229  -0.524  -5.19  -0.444  -4.45  -0.564  -0.487  0.554
  U3    hour 11:30-13:00   2  66,031   1246   -0.093   0.204  -0.297  -4.70  -0.331  -5.27  -0.304  -0.291  0.384
  U3    hour 11:30-13:00   3  66,031   1246   -0.144   0.198  -0.342  -4.35  -0.333  -4.34  -0.356  -0.328  0.440
  U3    hour 11:30-13:00   4  66,031   1246   -0.150   0.193  -0.343  -3.93  -0.323  -3.76  -0.365  -0.322  0.472
  U4    hour 13:00-14:01   2  44,553    841   -0.118   0.284  -0.402  -7.69  -0.255  -3.82  -0.406  -0.397  0.329
  U4    hour 13:00-14:01   3  44,553    841   -0.142   0.274  -0.416  -6.99  -0.234  -3.13  -0.437  -0.396  0.365
  U4    hour 13:00-14:01   4  44,553    841   -0.139   0.269  -0.407  -6.52  -0.218  -2.75  -0.432  -0.383  0.383
  U5    price $17-30       2  96,978   1830   -0.176   0.247  -0.422  -8.09  -0.419  -6.91  -0.438  -0.406  0.414
  U5    price $17-30       3  96,978   1830   -0.271   0.242  -0.513  -7.35  -0.489  -6.29  -0.545  -0.480  0.486
  U5    price $17-30       4  96,978   1830   -0.309   0.235  -0.544  -6.77  -0.504  -5.77  -0.584  -0.504  0.528
  U6    price $30-100      2  87,285   1647   -0.101   0.253  -0.355  -5.68  -0.338  -6.08  -0.346  -0.362  0.403
  U6    price $30-100      3  87,285   1647   -0.189   0.248  -0.437  -5.47  -0.369  -5.32  -0.440  -0.435  0.470
  U6    price $30-100      4  87,285   1647   -0.214   0.242  -0.456  -5.06  -0.380  -4.83  -0.454  -0.458  0.507
  U7    price >=$100       2  13,797    260   -0.083   0.295  -0.378  -4.39  -0.246  -2.85  -0.337  -0.412  0.399
  U7    price >=$100       3  13,797    260   -0.183   0.288  -0.471  -4.53  -0.256  -2.56  -0.427  -0.508  0.449
  U7    price >=$100       4  13,797    260   -0.214   0.281  -0.495  -4.33  -0.241  -2.30  -0.453  -0.531  0.477
  U8    ADV$ <$25M         2  54,794   1034   -0.191   0.250  -0.441  -6.82  -0.522  -9.52  -0.384  -0.477  0.428
  U8    ADV$ <$25M         3  54,794   1034   -0.277   0.246  -0.522  -5.98  -0.579  -8.18  -0.460  -0.562  0.506
  U8    ADV$ <$25M         4  54,794   1034   -0.306   0.239  -0.545  -5.37  -0.588  -7.30  -0.471  -0.592  0.552
  U9    ADV$ $25-150M      2  87,254   1646   -0.157   0.253  -0.410  -7.20  -0.396  -6.97  -0.418  -0.403  0.402
  U9    ADV$ $25-150M      3  87,254   1646   -0.264   0.247  -0.511  -6.99  -0.473  -6.39  -0.521  -0.501  0.467
  U9    ADV$ $25-150M      4  87,254   1646   -0.303   0.241  -0.544  -6.58  -0.497  -5.79  -0.549  -0.539  0.505
  U10   ADV$ >=$150M       2  56,012   1057   -0.051   0.256  -0.306  -4.47  -0.194  -2.41  -0.362  -0.241  0.405
  U10   ADV$ >=$150M       3  56,012   1057   -0.126   0.251  -0.377  -4.40  -0.189  -1.97  -0.474  -0.264  0.467
  U10   ADV$ >=$150M       4  56,012   1057   -0.150   0.245  -0.394  -4.14  -0.178  -1.72  -0.514  -0.253  0.501
  U11   wrapper            2  76,016   1434   -0.262   0.257  -0.519  -7.76  -0.487  -9.52  -0.601  -0.446  0.457
  U11   wrapper            3  76,016   1434   -0.388   0.253  -0.641  -6.86  -0.576  -8.11  -0.765  -0.531  0.551
  U11   wrapper            4  76,016   1434   -0.448   0.246  -0.694  -6.24  -0.608  -7.01  -0.831  -0.573  0.607
  U12   common             2 121,139   2286   -0.058   0.250  -0.309  -5.32  -0.279  -4.12  -0.267  -0.349  0.396
  U12   common             3 121,139   2286   -0.129   0.245  -0.374  -5.19  -0.297  -3.69  -0.329  -0.417  0.451
  U12   common             4 121,139   2286   -0.144   0.238  -0.382  -4.86  -0.291  -3.35  -0.334  -0.427  0.479

  permutation across all 13 cells (labels shuffled within day, 2,000 draws):
  stop 2%: best cell U3 at -0.297 % of price vs the map's own permutation p95 -0.358 -> OUTSIDE
  stop 3%: best cell U3 at -0.342 % of price vs the map's own permutation p95 -0.440 -> OUTSIDE
  stop 4%: best cell U3 at -0.343 % of price vs the map's own permutation p95 -0.463 -> OUTSIDE

  39 scored rows over 13 declared cells x 3 stop widths; 0 clear the pre-committed bar

  DIAGNOSTIC cross-tab, net % of price at the 3 % stop, TRAIN:
ab           $25-150M  <$25M  >=$150M
mb                                   
09:37-10:30    -0.772 -0.845   -0.605
10:30-11:30    -0.550 -0.507   -0.351
11:30-13:00    -0.372 -0.357   -0.283
13:00-14:01    -0.447 -0.433   -0.354
