sampling frame: 105391 signals (TRAIN+VAL, lvl1003_f5, TEST sealed)
sampled 2963 signals across 30 price x hour strata
  0/2963  0.0 min
  200/2963  0.5 min
  400/2963  1.1 min
  600/2963  1.6 min
  800/2963  2.1 min
  1000/2963  2.7 min
  1200/2963  3.3 min
  1400/2963  3.8 min
  1600/2963  4.3 min
  1800/2963  4.8 min
  2000/2963  5.4 min
  2200/2963  5.9 min
  2400/2963  6.5 min
  2600/2963  7.0 min
  2800/2963  7.5 min
coverage: 2435 of 2963 (82.2%)
measured full spread bps  median 45.2  mean 92.1  p90 216.8
direct (ask - modelled fill) bps  median 16.0  mean 43.4
above the live max_spread_bps 300 gate: 6.2%
     pb          hb  bps_median   bps_mean  n
   $1-5 09:30-09:35  149.173480 244.849035 76
   $1-5 09:35-10:00   62.015653 116.679577 62
   $1-5 10:00-11:00   72.202166 146.353262 63
   $1-5 11:00-13:00   85.106383 147.208614 63
   $1-5      13:00+   82.644628 153.075783 57
 $10-20 09:30-09:35  104.106420 180.618391 91
 $10-20 09:35-10:00   58.624226 101.113901 76
 $10-20 10:00-11:00   27.235588  61.180037 85
 $10-20 11:00-13:00   19.083969  45.953032 81
 $10-20      13:00+   21.842009  49.728137 91
 $20-50 09:30-09:35   68.023277 133.642766 88
 $20-50 09:35-10:00   50.048123  87.834070 85
 $20-50 10:00-11:00   46.401106  72.989982 84
 $20-50 11:00-13:00   19.175455  38.335503 87
 $20-50      13:00+   24.339679  47.056906 88
  $200+ 09:30-09:35   82.800932 118.942178 58
  $200+ 09:35-10:00   46.178760  71.145211 91
  $200+ 10:00-11:00   41.610701  59.998893 96
  $200+ 11:00-13:00   25.988653  40.141157 82
  $200+      13:00+   24.818498  42.610345 96
  $5-10 09:30-09:35  110.294118 202.376821 83
  $5-10 09:35-10:00   67.796610 123.869872 79
  $5-10 10:00-11:00   38.143675  79.608277 71
  $5-10 11:00-13:00   33.647756  81.597486 74
  $5-10      13:00+   19.900498  52.800528 81
$50-200 09:30-09:35   92.429081 130.767087 93
$50-200 09:35-10:00   41.204003  75.025095 86
$50-200 10:00-11:00   39.618194  67.600310 90
$50-200 11:00-13:00   22.237047  34.400436 83
$50-200      13:00+   30.249559  44.368765 95
BAND on the same signals   median 39.2  mean 44.4
band / measured            median 0.87x  mean 0.48x
