## STEP 2 - GROSS, no cost at all (exit = the engine 2R bracket)
scan               population split    n   tpw  grossR     se    t  MDE80   WR
  S1 every live-config signal TRAIN 3581  67.6  0.0555 0.0136 4.09  0.038 48.3
  S1    the shipped 12/4 book TRAIN 1125  21.2  0.1081 0.0300 3.61  0.084 48.6
  S1 every live-config signal   VAL 2153  97.9  0.0484 0.0178 2.71  0.050 47.0
  S1    the shipped 12/4 book   VAL  604  27.5  0.1076 0.0428 2.51  0.120 49.5
  S2 every live-config signal TRAIN 6162 116.3  0.0648 0.0118 5.47  0.033 48.1
  S2    the shipped 12/4 book TRAIN 1597  30.1  0.0269 0.0277 0.97  0.078 43.5
  S2 every live-config signal   VAL 3911 177.8  0.0191 0.0148 1.29  0.041 45.0
  S2    the shipped 12/4 book   VAL  762  34.6  0.0013 0.0415 0.03  0.116 43.3

## STEP 4 - the engine cap (level x 1.006) and the unfilled counterfactual
scan  signals  filled  fill_rate  over_cap_bps_med  over_cap_bps_p90 split                              pop       n  grossR   holdR   WR
  S1   7867.0  5734.0       72.9              67.0             296.0   NaN                              NaN     NaN     NaN     NaN  NaN
  S1      NaN     NaN        NaN               NaN               NaN TRAIN                           FILLED  3581.0  0.0555  0.0607 48.3
  S1      NaN     NaN        NaN               NaN               NaN TRAIN                      UNFILLED cf  1325.0 -0.0122 -0.0005 40.9
  S1      NaN     NaN        NaN               NaN               NaN   VAL                           FILLED  2153.0  0.0484  0.0802 47.0
  S1      NaN     NaN        NaN               NaN               NaN   VAL                      UNFILLED cf   808.0  0.0507  0.0651 46.2
  S1      NaN     NaN        NaN               NaN               NaN   NaN next-clock-minute share of fills  5734.0 86.1000     NaN  NaN
  S2  24258.0 10073.0       41.5             162.0             382.0   NaN                              NaN     NaN     NaN     NaN  NaN
  S2      NaN     NaN        NaN               NaN               NaN TRAIN                           FILLED  6162.0  0.0648  0.0915 48.1
  S2      NaN     NaN        NaN               NaN               NaN TRAIN                      UNFILLED cf  8689.0  0.1192  0.1652 49.9
  S2      NaN     NaN        NaN               NaN               NaN   VAL                           FILLED  3911.0  0.0191  0.0322 45.0
  S2      NaN     NaN        NaN               NaN               NaN   VAL                      UNFILLED cf  5496.0  0.0232  0.0401 45.8
  S2      NaN     NaN        NaN               NaN               NaN   NaN next-clock-minute share of fills 10073.0 82.0000     NaN  NaN

## STEP 5 - gate-separation map (leave-one-out on the whole live stack)
  scan                                                              gate  grossD    netD     t    nk    nr   TRAIN     VAL  notl_k  notl_r       note
    S1                                                       Gp pdr >= 8  0.0779  0.0734  5.37  5734  4430  0.1200 -0.0129  1481.0  1706.0        NaN
    S1                                                      Gp pdr >= 10  0.0871  0.0815  5.38  4349  5815  0.1357 -0.0165  1428.0  1680.0        NaN
    S1                                                      Gp pdr >= 12  0.0818  0.0759  4.40  3275  6889  0.1455 -0.0432  1377.0  1663.0        NaN
    S1                           Gf floor >= 5 (S1 only: the floor test)     NaN     NaN   NaN  5734     0     NaN     NaN     NaN     NaN degenerate
    S1                                                    Gx level >= $5     NaN     NaN   NaN  5734     0     NaN     NaN     NaN     NaN degenerate
    S1                                                   Gx level >= $10 -0.0244 -0.0091 -0.38  3771  1963  0.0366 -0.0874  1468.0  1505.0        NaN
    S1                                                   Gx level >= $20 -0.0427 -0.0282 -1.31  2248  3486  0.0132 -0.0958  1468.0  1490.0        NaN
    S1                                                        Gr r >= 1%  1.4181  2.8209  3.54  5734    33  1.8923  5.3001  1481.0 17333.0        NaN
    S1                                                        Gr r >= 2%  0.3807  1.0945  3.01  5680    87  0.7397  1.9764  1475.0  8385.0        NaN
    S1                                                Gt signal <= 14:00  0.0873  0.0681  4.32  5734   719  0.0895  0.0254  1481.0  1391.0        NaN
    S1                                                Gt signal <= 13:00 -0.0327 -0.0538 -3.05  5109  1344 -0.1197  0.0711  1487.0  1402.0        NaN
    S1                                                  Ga adv20 >= 100K  0.1806  0.1943  1.97  5734   107  0.2561 -0.0143  1481.0  1400.0        NaN
    S1                                                  Ga adv20 >= 500K -0.0061  0.0011  0.04  4071  1770  0.0480 -0.0748  1475.0  1490.0        NaN
    S1                                               Gu prev close >= $5  0.4050  0.4144  1.66  5734     8  0.2606  0.6708  1481.0  1434.0        NaN
    S1                                Gc fill <= level x 1.006 (the cap)  0.0412  0.0409  1.87  5734  2133  0.0655  0.0003  1481.0  1155.0        NaN
    S1                                                    Gv rv in [1,5)  0.0030  0.0091  0.40  3622  2112  0.0021  0.0197  1460.0  1516.0        NaN
    S1                      Gk next printed bar is the next clock minute -0.0039  0.0075  0.23  4939   795  0.0387 -0.0404  1462.0  1580.0        NaN
    S2                                                       Gp pdr >= 8  0.0489  0.0384  3.34 10073  9301  0.0950 -0.0527  1842.0  2010.0        NaN
    S2                                                      Gp pdr >= 10  0.0492  0.0383  2.95  7345 12029  0.0933 -0.0492  1786.0  2001.0        NaN
    S2                                                      Gp pdr >= 12  0.0258  0.0145  0.97  5350 14024  0.0695 -0.0713  1718.0  1992.0        NaN
    S2                           Gf floor >= 5 (S1 only: the floor test)     NaN     NaN   NaN 10073     0     NaN     NaN     NaN     NaN degenerate
    S2                                                    Gx level >= $5     NaN     NaN   NaN 10073     0     NaN     NaN     NaN     NaN degenerate
    S2                                                   Gx level >= $10 -0.0090  0.0139  0.70  6463  3610  0.0560 -0.0506  1810.0  1893.0        NaN
    S2                                                   Gx level >= $20 -0.0153  0.0071  0.38  3804  6269  0.0513 -0.0570  1799.0  1868.0        NaN
    S2                                                        Gr r >= 1%  0.4452  1.9487  4.15 10073   165  1.5326  2.8128  1842.0 21100.0        NaN
    S2                                                        Gr r >= 2%  0.0552  0.6803  4.06  9728   510  0.5577  0.9010  1810.0  7630.0        NaN
    S2                                                Gt signal <= 14:00  0.0805  0.0501  3.64 10073  1176  0.0798 -0.0007  1842.0  1641.0        NaN
    S2                                                Gt signal <= 13:00 -0.0858 -0.1188 -7.51  9001  2248 -0.1877  0.0155  1860.0  1677.0        NaN
    S2                                                  Ga adv20 >= 100K  0.2040  0.2140  2.83 10073   195  0.2414  0.1395  1842.0  1770.0        NaN
    S2                                                  Ga adv20 >= 500K  0.0196  0.0313  1.55  6873  3395  0.0792 -0.0454  1798.0  1952.0        NaN
    S2                                               Gu prev close >= $5  0.1020  0.1055  0.37 10073    12 -0.0963  0.2970  1842.0  1724.0        NaN
    S2                                Gc fill <= level x 1.006 (the cap) -0.0350 -0.0410 -3.38 10073 14185 -0.0608 -0.0095  1842.0  1948.0        NaN
    S2                                                    Gv rv in [1,5) -0.0266 -0.0166 -0.87  5917  4156 -0.0298  0.0047  1763.0  1961.0        NaN
    S2                      Gk next printed bar is the next clock minute -0.0150  0.0054  0.21  8260  1813  0.0551 -0.0710  1784.0  2150.0        NaN
POOLED Gs first break clears the floor (S1 kept vs the extra S2 signals)  0.0135  0.0490  2.52  5734  4339     NaN     NaN  1481.0  2310.0        NaN
 TRAIN Gs first break clears the floor (S1 kept vs the extra S2 signals) -0.0222  0.0142  0.56  3581  2581     NaN     NaN  1471.0  2300.0        NaN
   VAL Gs first break clears the floor (S1 kept vs the extra S2 signals)  0.0654  0.0996  3.27  2153  1758     NaN     NaN  1498.0  2328.0        NaN

## STEPS 6/7 - the declared cells, ranked on % GREEN WEEKS (dollars at $100 risk)
### scan S1  split TRAIN
cell    n  tpw  grossR    netR     t   WR  green  redstreak   worst      tot      mdd  greenmo     ex1     ex5
  P1 1217 23.0  0.0902  0.0347  1.21 46.2   62.3          3 -1351.0   4223.0  -1606.0     50.0  0.0154 -0.0666
  L2 1122 21.2  0.1072  0.0544  1.81 47.5   60.4          4  -925.0   6100.0  -2159.0     83.3  0.0348 -0.0463
  R3 1058 20.0  0.0981  0.0578  1.98 47.4   58.5          4  -978.0   6116.0  -1805.0     66.7  0.0376 -0.0424
  B0 1125 21.2  0.1081  0.0543  1.81 47.0   58.5          3 -1046.0   6107.0  -2015.0     66.7  0.0353 -0.0454
  R2 1094 20.6  0.0952  0.0496  1.68 46.7   56.6          3 -1046.0   5431.0  -2015.0     66.7  0.0301 -0.0514
  P4  932 17.6  0.1190  0.0696  2.09 47.3   56.6          4  -944.0   6485.0  -1744.0     66.7  0.0510 -0.0309
 G1c 1014 19.1  0.1146  0.0664  2.15 46.7   56.6          3  -989.0   6732.0  -1589.0     75.0  0.0473 -0.0338
  A3 1175 22.2  0.0912  0.0366  1.23 46.3   56.6          5 -1046.0   4303.0  -2015.0     66.7  0.0166 -0.0649
  T2 1074 20.3  0.1056  0.0499  1.59 46.3   56.6          3 -1016.0   5356.0  -1954.0     66.7  0.0299 -0.0512
  X2  846 16.0  0.0947  0.0545  1.71 46.5   54.7          3  -917.0   4608.0  -1528.0     66.7  0.0361 -0.0449
  T4 1197 22.6  0.0977  0.0462  1.63 46.3   54.7          3 -1046.0   5532.0  -2052.0     66.7  0.0267 -0.0546
  L3 1173 22.1  0.0773  0.0235  0.82 46.0   52.8          4 -1080.0   2755.0  -2330.0     50.0  0.0033 -0.0787
  C1  746 14.1  0.0901  0.0512  1.49 47.3   52.8          4  -690.0   3816.0  -1204.0     58.3  0.0329 -0.0483
  P3 1033 19.5  0.1007  0.0494  1.57 46.6   52.8          4  -998.0   5107.0  -2063.0     66.7  0.0306 -0.0517
  T1  904 17.1  0.1223  0.0605  1.67 46.1   52.8          4 -1080.0   5470.0  -1795.0     66.7  0.0413 -0.0390
  C2  911 17.2  0.1011  0.0580  1.77 46.9   50.9          4  -944.0   5288.0  -1774.0     66.7  0.0389 -0.0432
  A2  934 17.6  0.0802  0.0347  1.11 45.7   50.9          6  -770.0   3244.0  -2132.0     58.3  0.0158 -0.0672
  F2  588 11.1  0.0509  0.0251  0.78 46.9   49.1          8  -414.0   1476.0  -1811.0     58.3  0.0049 -0.0753
  C6  766 14.5  0.0813  0.0409  1.19 46.6   49.1          3  -782.0   3131.0  -1487.0     83.3  0.0204 -0.0593
  C3  535 10.1  0.0497  0.0224  0.64 46.2   47.2          9  -447.0   1198.0  -1719.0     58.3  0.0039 -0.0808
  V1  839 15.8  0.0741  0.0304  0.92 46.0   47.2          3  -780.0   2546.0  -2157.0     83.3  0.0116 -0.0712
  K2 1700 32.1  0.0686  0.0226  0.99 46.2   47.2          5 -1347.0   3838.0  -2585.0     66.7  0.0028 -0.0792
  X3  585 11.0  0.0241 -0.0072 -0.20 45.3   45.3          4  -958.0   -419.0  -1500.0     58.3 -0.0277 -0.1090
  F3  411  7.8  0.0599  0.0424  1.17 46.5   43.4          5  -335.0   1744.0  -1031.0     58.3  0.0233 -0.0612
  C4 2415 45.6  0.0317 -0.0152 -0.86 45.2   43.4          5 -1857.0  -3666.0  -6345.0     58.3 -0.0351 -0.1185
  C5 3086 58.2  0.0265 -0.0439 -2.49 43.7   30.2          9 -1867.0 -13557.0 -13580.0     25.0 -0.0643 -0.1483
### scan S1  split VAL
cell    n  tpw  grossR    netR     t   WR  green  redstreak   worst    tot     mdd  greenmo     ex1     ex5
  A3  609 27.7  0.1155  0.0590  1.39 49.1   81.8          2 -1396.0 3594.0 -2437.0     80.0  0.0400 -0.0392
  T2  583 26.5  0.1143  0.0563  1.28 48.9   81.8          3 -1493.0 3282.0 -2767.0     80.0  0.0364 -0.0430
  B0  604 27.5  0.1076  0.0510  1.20 48.5   77.3          3 -1503.0 3083.0 -2838.0     80.0  0.0318 -0.0484
  T4  640 29.1  0.0992  0.0450  1.11 47.2   77.3          3 -1515.0 2877.0 -2805.0     80.0  0.0267 -0.0555
  K2 1014 46.1  0.0826  0.0365  1.20 47.0   72.7          3 -1764.0 3705.0 -2910.0     80.0  0.0173 -0.0649
  R2  593 27.0  0.0956  0.0447  1.05 48.2   72.7          3 -1556.0 2648.0 -2720.0     80.0  0.0250 -0.0570
  R3  574 26.1  0.0681  0.0231  0.55 47.2   68.2          2 -1154.0 1327.0 -2238.0     80.0  0.0025 -0.0798
  F3  284 12.9  0.0549  0.0358  0.83 48.6   68.2          3  -597.0 1017.0 -1435.0     60.0  0.0150 -0.0617
  F2  401 18.2  0.0964  0.0694  1.65 50.9   68.2          3  -844.0 2781.0  -984.0     60.0  0.0501 -0.0301
  L2  603 27.4  0.1385  0.0818  1.90 48.9   68.2          2 -1295.0 4932.0 -2549.0     80.0  0.0628 -0.0166
  C5 1341 61.0  0.0814  0.0156  0.57 46.1   68.2          3 -2268.0 2092.0 -4859.0     80.0 -0.0036 -0.0860
  C3  380 17.3  0.1015  0.0735  1.66 51.3   68.2          3  -844.0 2794.0  -919.0    100.0  0.0533 -0.0260
  L3  616 28.0  0.1116  0.0555  1.30 46.9   68.2          3 -1374.0 3416.0 -2098.0     80.0  0.0366 -0.0453
 G1c  567 25.8  0.0964  0.0441  1.01 48.0   68.2          2 -1157.0 2501.0 -1561.0     80.0  0.0235 -0.0553
  T1  505 23.0  0.1159  0.0526  1.06 48.7   68.2          3 -1497.0 2654.0 -2776.0     80.0  0.0334 -0.0465
  P1  625 28.4  0.1012  0.0414  0.99 48.3   63.6          4 -1486.0 2590.0 -2747.0     80.0  0.0227 -0.0583
  P4  544 24.7  0.0819  0.0303  0.68 46.7   63.6          4 -1134.0 1648.0 -1584.0     60.0  0.0123 -0.0703
  P3  584 26.5  0.1021  0.0481  1.11 47.9   63.6          3 -1096.0 2810.0 -2123.0    100.0  0.0281 -0.0517
  C2  536 24.4  0.0779  0.0311  0.70 46.6   63.6          4  -963.0 1667.0 -1451.0     80.0  0.0128 -0.0710
  C6  477 21.7  0.1028  0.0575  1.29 48.4   59.1          3 -1016.0 2743.0 -1126.0     80.0  0.0372 -0.0430
  C4 1149 52.2  0.0691  0.0205  0.76 47.6   59.1          5 -1639.0 2361.0 -2871.0     80.0  0.0017 -0.0799
  V1  502 22.8  0.0963  0.0479  1.09 47.8   54.5          3 -1078.0 2404.0 -1354.0     80.0  0.0286 -0.0518
  X2  518 23.5  0.0551  0.0132  0.31 47.7   50.0          4 -1066.0  686.0 -1944.0     80.0 -0.0058 -0.0891
  X3  409 18.6  0.0443  0.0118  0.27 47.4   50.0          4  -792.0  482.0 -1480.0     60.0 -0.0076 -0.0881
  A2  542 24.6  0.0659  0.0166  0.39 45.9   50.0          4 -1004.0  901.0 -2286.0     80.0 -0.0016 -0.0849
  C1  498 22.6  0.0212 -0.0193 -0.45 45.0   50.0          4 -1093.0 -960.0 -2950.0     40.0 -0.0395 -0.1236
### scan S2  split TRAIN
cell    n  tpw  grossR    netR     t   WR  green  redstreak   worst      tot      mdd  greenmo     ex1     ex5
  R3 1363 25.7  0.0458 -0.0064 -0.23 44.5   52.8          4 -1278.0   -876.0  -3863.0     41.7 -0.0270 -0.1093
  C3  951 17.9  0.0464  0.0043  0.14 46.5   50.9          5 -1262.0    406.0  -2001.0     66.7 -0.0167 -0.0999
  F3  735 13.9  0.0503  0.0219  0.68 45.2   49.1          5  -538.0   1608.0  -1206.0     66.7  0.0030 -0.0813
  F2 1025 19.3  0.0421  0.0017  0.06 47.1   47.2          8 -1262.0    172.0  -1952.0     50.0 -0.0178 -0.1010
 G1c 1428 26.9  0.0394 -0.0325 -1.15 42.8   47.2          6 -1995.0  -4638.0  -7354.0     33.3 -0.0523 -0.1361
  X3  916 17.3  0.0349 -0.0101 -0.31 45.5   45.3          6 -1393.0   -926.0  -3486.0     50.0 -0.0298 -0.1137
  R2 1500 28.3  0.0206 -0.0445 -1.62 42.4   45.3          6 -1557.0  -6677.0  -8537.0     58.3 -0.0649 -0.1494
  L3 1580 29.8  0.0248 -0.0536 -1.93 42.7   43.4          8 -1350.0  -8464.0 -11001.0     25.0 -0.0743 -0.1588
  L2 1597 30.1  0.0370 -0.0465 -1.65 44.0   43.4          4 -1596.0  -7429.0  -8261.0     41.7 -0.0673 -0.1521
  C1 1138 21.5  0.0274 -0.0283 -0.92 44.2   43.4          7 -1341.0  -3221.0  -6164.0     41.7 -0.0478 -0.1325
  C6 1112 21.0  0.0212 -0.0395 -1.30 43.2   41.5          7 -1509.0  -4396.0  -6363.0     41.7 -0.0596 -0.1449
  T4 1692 31.9  0.0261 -0.0526 -1.99 42.5   41.5          4 -1618.0  -8901.0  -9944.0     25.0 -0.0731 -0.1581
  T1 1314 24.8  0.0200 -0.0730 -2.24 41.5   41.5          4 -1476.0  -9597.0 -10722.0     25.0 -0.0934 -0.1797
  T2 1531 28.9  0.0240 -0.0608 -2.10 42.3   41.5          4 -1518.0  -9301.0 -10396.0     33.3 -0.0808 -0.1669
  X2 1265 23.9  0.0333 -0.0253 -0.87 44.5   41.5          7 -1053.0  -3203.0  -6482.0     41.7 -0.0460 -0.1286
  C2 1318 24.9 -0.0019 -0.0621 -2.11 42.4   39.6          8 -1526.0  -8180.0 -10246.0     41.7 -0.0823 -0.1683
  B0 1597 30.1  0.0269 -0.0553 -1.98 42.5   39.6          4 -1445.0  -8833.0  -9883.0     16.7 -0.0758 -0.1607
  P3 1494 28.2  0.0178 -0.0593 -2.07 42.3   39.6          7 -1701.0  -8853.0 -10417.0     25.0 -0.0799 -0.1654
  A2 1352 25.5  0.0216 -0.0474 -1.65 43.2   39.6          9 -1401.0  -6413.0  -7698.0     50.0 -0.0686 -0.1531
  A3 1656 31.2  0.0049 -0.0772 -2.82 41.3   37.7          6 -1359.0 -12786.0 -13103.0      8.3 -0.0984 -0.1838
  V1 1215 22.9  0.0206 -0.0450 -1.50 43.3   37.7          8 -1384.0  -5464.0  -6849.0     50.0 -0.0651 -0.1502
  P4 1385 26.1  0.0163 -0.0568 -1.92 42.5   35.8          8 -1526.0  -7867.0  -9980.0     50.0 -0.0775 -0.1621
  K2 2638 49.8  0.0259 -0.0445 -2.16 43.8   35.8          6 -2386.0 -11740.0 -13834.0     50.0 -0.0646 -0.1494
  P1 1630 30.8  0.0142 -0.0691 -2.54 41.8   34.0          7 -1631.0 -11265.0 -13144.0     25.0 -0.0893 -0.1755
  C4 3215 60.7 -0.0035 -0.0752 -4.30 42.6   32.1         10 -2169.0 -24173.0 -25113.0     16.7 -0.0957 -0.1810
  C5 3901 73.6  0.0166 -0.0858 -4.77 41.7   24.5         11 -2754.0 -33465.0 -33299.0      8.3 -0.1066 -0.1922
### scan S2  split VAL
cell    n  tpw  grossR    netR     t   WR  green  redstreak   worst      tot      mdd  greenmo     ex1     ex5
  F3  438 19.9  0.1102  0.0803  1.84 50.0   68.2          2  -563.0   3516.0   -595.0     60.0  0.0628 -0.0195
  F2  555 25.2  0.0679  0.0242  0.58 46.8   59.1          4 -1310.0   1344.0  -1903.0    100.0  0.0029 -0.0787
  C3  524 23.8  0.0625  0.0175  0.40 46.9   59.1          4 -1307.0    916.0  -1889.0     60.0 -0.0014 -0.0841
  P3  753 34.2 -0.0042 -0.0853 -2.02 43.3   54.5          3 -2064.0  -6423.0  -6685.0     20.0 -0.1074 -0.1936
  T1  664 30.2  0.0058 -0.0853 -1.84 42.8   54.5          3 -2397.0  -5666.0  -6616.0     20.0 -0.1072 -0.1915
  B0  762 34.6  0.0013 -0.0826 -1.98 43.0   54.5          3 -2684.0  -6295.0  -7314.0     20.0 -0.1044 -0.1890
 G1c  715 32.5  0.0227 -0.0572 -1.35 43.5   54.5          3 -2117.0  -4092.0  -5018.0     20.0 -0.0773 -0.1636
  T2  742 33.7 -0.0024 -0.0880 -2.06 43.0   50.0          3 -2587.0  -6529.0  -7553.0     20.0 -0.1076 -0.1947
  V1  646 29.4  0.0230 -0.0492 -1.15 43.3   50.0          4 -1410.0  -3175.0  -4274.0     20.0 -0.0680 -0.1531
  K2 1363 62.0  0.0147 -0.0577 -1.92 44.5   50.0          4 -3650.0  -7863.0  -9299.0     20.0 -0.0787 -0.1630
  T4  804 36.5 -0.0020 -0.0826 -2.08 42.7   50.0          3 -2637.0  -6640.0  -7606.0     20.0 -0.1032 -0.1887
  A3  760 34.5  0.0048 -0.0789 -1.90 43.3   50.0          5 -2473.0  -5999.0  -7064.0     20.0 -0.1007 -0.1854
  A2  702 31.9 -0.0030 -0.0798 -1.90 42.5   45.5          3 -2320.0  -5605.0  -6249.0      0.0 -0.1005 -0.1863
  R3  678 30.8  0.0034 -0.0577 -1.40 42.6   45.5          5 -2045.0  -3911.0  -5752.0     20.0 -0.0788 -0.1637
  P4  724 32.9 -0.0230 -0.1013 -2.37 42.1   45.5          4 -1762.0  -7334.0  -8295.0      0.0 -0.1216 -0.2089
  R2  718 32.6  0.0040 -0.0673 -1.63 42.9   45.5          6 -2398.0  -4834.0  -5888.0     20.0 -0.0874 -0.1736
  X2  677 30.8 -0.0089 -0.0743 -1.77 43.4   40.9          4 -2254.0  -5029.0  -5987.0     20.0 -0.0956 -0.1812
  L2  800 36.4 -0.0016 -0.0849 -2.09 42.1   40.9          5 -2128.0  -6794.0  -7367.0     40.0 -0.1057 -0.1918
  C2  686 31.2 -0.0025 -0.0690 -1.62 43.1   40.9          5 -1501.0  -4731.0  -5795.0     20.0 -0.0900 -0.1746
  C1  662 30.1 -0.0410 -0.1048 -2.47 41.4   40.9          4 -2368.0  -6935.0  -7792.0     20.0 -0.1269 -0.2126
  L3  761 34.6  0.0044 -0.0769 -1.86 42.2   40.9          4 -2112.0  -5856.0  -8178.0      0.0 -0.0987 -0.1834
  P1  765 34.8 -0.0013 -0.0875 -2.11 43.7   36.4          5 -1901.0  -6691.0  -7333.0     20.0 -0.1092 -0.1935
  X3  572 26.0 -0.0084 -0.0601 -1.37 44.2   36.4          7 -1328.0  -3436.0  -3969.0     40.0 -0.0816 -0.1675
  C6  620 28.2  0.0161 -0.0519 -1.21 43.5   36.4          4 -1410.0  -3216.0  -4056.0     20.0 -0.0716 -0.1570
  C4 1437 65.3  0.0057 -0.0694 -2.51 43.5   31.8          4 -2669.0  -9970.0 -12057.0      0.0 -0.0894 -0.1752
  C5 1610 73.2  0.0044 -0.0890 -3.25 41.9   27.3         10 -3662.0 -14335.0 -15559.0     20.0 -0.1096 -0.1947

## B0 secondary exits and cost variants
scan    exit cost split    n  grossR    netR     t  green      tot   worst      mdd
  S1      r2 meas TRAIN 1125  0.1081  0.0543  1.81   58.5   6107.0 -1046.0  -2015.0
  S1      r2 meas   VAL  604  0.1076  0.0510  1.20   77.3   3083.0 -1503.0  -2838.0
  S1      r2 band TRAIN 1125  0.1081  0.0775  2.59   60.4   8713.0  -995.0  -1899.0
  S1      r2 band   VAL  604  0.1076  0.0740  1.73   86.4   4472.0 -1388.0  -2667.0
  S1      r2 cons TRAIN 1125  0.1081 -0.0074 -0.25   43.4   -835.0 -1183.0  -2344.0
  S1      r2 cons   VAL  604  0.1076 -0.0129 -0.30   54.5   -782.0 -1746.0  -3546.0
  S1    hold meas TRAIN 1051  0.1250  0.0731  1.68   60.4   7687.0 -1260.0  -2046.0
  S1    hold meas   VAL  534  0.2426  0.1891  2.31   77.3  10099.0 -1449.0  -2608.0
  S1    hold band TRAIN 1051  0.1250  0.0956  2.20   60.4  10049.0 -1214.0  -1936.0
  S1    hold band   VAL  534  0.2426  0.2108  2.57   81.8  11258.0 -1406.0  -2463.0
  S1    hold cons TRAIN 1051  0.1250  0.0053  0.12   50.9    559.0 -1399.0  -3877.0
  S1    hold cons   VAL  534  0.2426  0.1165  1.44   68.2   6222.0 -1612.0  -3113.0
  S1 partial meas TRAIN 1062  0.1185  0.0643  1.85   58.5   6826.0 -1154.0  -2031.0
  S1 partial meas   VAL  544  0.1542  0.0976  1.73   77.3   5307.0 -1363.0  -2662.0
  S1 partial band TRAIN 1062  0.1185  0.0878  2.54   60.4   9329.0 -1102.0  -1915.0
  S1 partial band   VAL  544  0.1542  0.1207  2.14   77.3   6568.0 -1320.0  -2441.0
  S1 partial cons TRAIN 1062  0.1185 -0.0005 -0.01   49.1    -53.0 -1290.0  -3367.0
  S1 partial cons   VAL  544  0.1542  0.0292  0.52   50.0   1587.0 -1539.0  -3253.0
  S2      r2 meas TRAIN 1597  0.0269 -0.0553 -1.98   39.6  -8833.0 -1445.0  -9883.0
  S2      r2 meas   VAL  762  0.0013 -0.0826 -1.98   54.5  -6295.0 -2684.0  -7314.0
  S2      r2 band TRAIN 1597  0.0269 -0.0198 -0.71   49.1  -3161.0 -1338.0  -4901.0
  S2      r2 band   VAL  762  0.0013 -0.0479 -1.15   54.5  -3647.0 -2481.0  -4996.0
  S2      r2 cons TRAIN 1597  0.0269 -0.1387 -4.95   26.4 -22156.0 -1742.0 -22216.0
  S2      r2 cons   VAL  762  0.0013 -0.1681 -4.02   31.8 -12812.0 -3070.0 -13023.0
  S2    hold meas TRAIN 1411  0.0421 -0.0380 -0.87   45.3  -5360.0 -1969.0  -7095.0
  S2    hold meas   VAL  662  0.0548 -0.0273 -0.39   59.1  -1807.0 -2576.0  -4550.0
  S2    hold band TRAIN 1411  0.0421 -0.0027 -0.06   49.1   -380.0 -1790.0  -4568.0
  S2    hold band   VAL  662  0.0548  0.0067  0.10   59.1    444.0 -2392.0  -3723.0
  S2    hold cons TRAIN 1411  0.0421 -0.1324 -3.06   34.0 -18686.0 -2274.0 -19022.0
  S2    hold cons   VAL  662  0.0548 -0.1233 -1.76   45.5  -8161.0 -2951.0  -8481.0
  S2 partial meas TRAIN 1440  0.0308 -0.0531 -1.58   45.3  -7646.0 -1567.0  -9056.0
  S2 partial meas   VAL  678  0.0183 -0.0667 -1.29   54.5  -4525.0 -2349.0  -5468.0
  S2 partial band TRAIN 1440  0.0308 -0.0162 -0.48   50.9  -2328.0 -1457.0  -4367.0
  S2 partial band   VAL  678  0.0183 -0.0315 -0.61   54.5  -2134.0 -2162.0  -3825.0
  S2 partial cons TRAIN 1440  0.0308 -0.1425 -4.23   24.5 -20524.0 -1870.0 -20805.0
  S2 partial cons   VAL  678  0.0183 -0.1572 -3.04   40.9 -10655.0 -2730.0 -11051.0

## STEP 8 - week by week at the live $100 risk (VAL, 2026-01 -> 2026-05)
S1 B0: +33(3) -9(31) +299(24) +958(24) -1503(36) -1325(31) -9(31) +456(21) +1001(28) +400(34) +128(29) +404(27) -1259(29) +1161(21) +201(29) +955(28) +167(24) +95(30) +50(29) +71(37) +80(34) +723(24)
   green 17/22  total +3082  worst -1503
S1 C1: -57(1) +161(23) +419(20) +550(19) -1079(26) -673(28) -175(28) -223(21) +624(23) +594(32) +162(22) +113(24) -737(21) +1083(18) -883(20) +527(24) -175(18) -1093(22) -455(26) -558(33) +530(28) +384(21)
   green 11/22  total -959  worst -1093
S1 C4: +16(8) +276(54) +1221(45) +706(45) -1369(61) -1501(60) +368(58) +278(46) +1072(53) +10(68) +632(58) -689(53) -1638(53) +1882(43) +60(53) +1581(54) -107(42) -599(62) -156(55) -455(65) -196(61) +965(52)
   green 13/22  total +2360  worst -1638
S2 B0: +237(8) +127(35) +391(27) +232(28) -2684(48) -884(33) +728(37) +714(34) +232(37) +103(39) -1978(41) -270(33) -955(35) +500(30) -509(36) -93(36) -404(37) +119(37) -482(37) +407(44) -1857(40) +30(30)
   green 12/22  total -6294  worst -2684
S2 C1: -194(2) +144(34) -398(27) +247(26) -2367(38) -923(31) +78(32) +444(32) +447(30) +686(33) -1645(36) -144(28) -841(34) +903(19) -1408(26) -234(34) +426(30) -411(33) -1281(37) -366(40) -1000(36) +906(24)
   green 9/22  total -6934  worst -2367
S2 C4: -110(17) -747(73) +973(57) +741(51) -1747(76) -1915(66) -148(74) -216(64) +971(60) -571(75) -2669(72) -1796(67) -993(66) +1017(52) -1207(68) +219(65) -424(72) -780(78) -1047(72) +687(82) -1437(75) +1228(55)
   green 7/22  total -9970  worst -2669

## STEP 9 - count-matched permutation null (2,000 draws, per-week pick count fixed)
scan cell split  obs  null_mean   p5  p95 outside
  S1   B0 TRAIN 58.5       58.1 50.9 64.2  inside
  S1   B0   VAL 77.3       59.5 50.0 72.7   ABOVE
  S1   P3 TRAIN 52.8       56.7 50.9 64.2  inside
  S1   P3   VAL 63.6       58.7 50.0 68.2  inside
  S1   P4 TRAIN 56.6       59.4 52.8 66.0  inside
  S1   P4   VAL 63.6       55.0 45.5 63.6  inside
  S1   X2 TRAIN 54.7       57.4 50.9 64.2  inside
  S1   X2   VAL 50.0       51.7 40.9 63.6  inside
  S1   R2 TRAIN 56.6       57.4 50.9 64.2  inside
  S1   R2   VAL 72.7       58.3 50.0 68.2   ABOVE
  S1   C1 TRAIN 52.8       56.1 49.1 62.3  inside
  S1   C1   VAL 50.0       45.2 36.4 54.5  inside
  S1   C2 TRAIN 50.9       57.4 50.9 64.2  inside
  S1   C2   VAL 63.6       55.1 45.5 68.2  inside
  S1   C4 TRAIN 43.4       44.7 37.7 50.9  inside
  S1   C4   VAL 59.1       55.9 45.5 68.2  inside
  S2   B0 TRAIN 39.6       37.9 32.1 45.3  inside
  S2   B0   VAL 54.5       33.0 22.7 45.5   ABOVE
  S2   P3 TRAIN 39.6       37.4 30.2 45.3  inside
  S2   P3   VAL 54.5       32.9 22.7 45.5   ABOVE
  S2   P4 TRAIN 35.8       38.1 32.1 45.3  inside
  S2   P4   VAL 45.5       30.0 18.2 40.9   ABOVE
  S2   X2 TRAIN 41.5       43.6 37.7 50.9  inside
  S2   X2   VAL 40.9       34.8 22.7 45.5  inside
  S2   R2 TRAIN 45.3       39.7 34.0 47.2  inside
  S2   R2   VAL 45.5       35.4 27.3 45.5  inside
  S2   C1 TRAIN 43.4       43.4 35.8 50.9  inside
  S2   C1   VAL 40.9       29.4 18.2 40.9  inside
  S2   C2 TRAIN 39.6       37.1 30.2 43.4  inside
  S2   C2   VAL 40.9       36.1 27.3 45.5  inside
  S2   C4 TRAIN 32.1       27.5 20.8 34.0  inside
  S2   C4   VAL 31.8       29.1 18.2 40.9  inside

## STEP 10 - claim bar G1 (TRAIN net R > 0, t >= 2, >= 5 trades/wk) and G2 (VAL same sign, >= 55% green)
scan cell  TRAIN_netR  TRAIN_t  TRAIN_tpw  VAL_netR  VAL_green    G1    G2  PASS  TRAIN_tot  VAL_tot  TRAIN_green
  S1   B0      0.0543     1.81       21.2    0.0510       77.3 False  True False     6107.0   3083.0         58.5
  S1   P1      0.0347     1.21       23.0    0.0414       63.6 False  True False     4223.0   2590.0         62.3
  S1   P3      0.0494     1.57       19.5    0.0481       63.6 False  True False     5107.0   2810.0         52.8
  S1   P4      0.0696     2.09       17.6    0.0303       63.6  True  True  True     6485.0   1648.0         56.6
  S1   F2      0.0251     0.78       11.1    0.0694       68.2 False  True False     1476.0   2781.0         49.1
  S1   F3      0.0424     1.17        7.8    0.0358       68.2 False  True False     1744.0   1017.0         43.4
  S1   X2      0.0545     1.71       16.0    0.0132       50.0 False False False     4608.0    686.0         54.7
  S1   X3     -0.0072    -0.20       11.0    0.0118       50.0 False False False     -419.0    482.0         45.3
  S1   R2      0.0496     1.68       20.6    0.0447       72.7 False  True False     5431.0   2648.0         56.6
  S1   R3      0.0578     1.98       20.0    0.0231       68.2 False  True False     6116.0   1327.0         58.5
  S1   T1      0.0605     1.67       17.1    0.0526       68.2 False  True False     5470.0   2654.0         52.8
  S1   T2      0.0499     1.59       20.3    0.0563       81.8 False  True False     5356.0   3282.0         56.6
  S1   T4      0.0462     1.63       22.6    0.0450       77.3 False  True False     5532.0   2877.0         54.7
  S1   A2      0.0347     1.11       17.6    0.0166       50.0 False False False     3244.0    901.0         50.9
  S1   A3      0.0366     1.23       22.2    0.0590       81.8 False  True False     4303.0   3594.0         56.6
  S1   L2      0.0544     1.81       21.2    0.0818       68.2 False  True False     6100.0   4932.0         60.4
  S1   L3      0.0235     0.82       22.1    0.0555       68.2 False  True False     2755.0   3416.0         52.8
  S1   K2      0.0226     0.99       32.1    0.0365       72.7 False  True False     3838.0   3705.0         47.2
  S1   V1      0.0304     0.92       15.8    0.0479       54.5 False False False     2546.0   2404.0         47.2
  S1  G1c      0.0664     2.15       19.1    0.0441       68.2  True  True  True     6732.0   2501.0         56.6
  S1   C1      0.0512     1.49       14.1   -0.0193       50.0 False False False     3816.0   -960.0         52.8
  S1   C2      0.0580     1.77       17.2    0.0311       63.6 False  True False     5288.0   1667.0         50.9
  S1   C3      0.0224     0.64       10.1    0.0735       68.2 False  True False     1198.0   2794.0         47.2
  S1   C6      0.0409     1.19       14.5    0.0575       59.1 False  True False     3131.0   2743.0         49.1
  S1   C4     -0.0152    -0.86       45.6    0.0205       59.1 False  True False    -3666.0   2361.0         43.4
  S1   C5     -0.0439    -2.49       58.2    0.0156       68.2 False  True False   -13557.0   2092.0         30.2
  S2   B0     -0.0553    -1.98       30.1   -0.0826       54.5 False False False    -8833.0  -6295.0         39.6
  S2   P1     -0.0691    -2.54       30.8   -0.0875       36.4 False False False   -11265.0  -6691.0         34.0
  S2   P3     -0.0593    -2.07       28.2   -0.0853       54.5 False False False    -8853.0  -6423.0         39.6
  S2   P4     -0.0568    -1.92       26.1   -0.1013       45.5 False False False    -7867.0  -7334.0         35.8
  S2   F2      0.0017     0.06       19.3    0.0242       59.1 False  True False      172.0   1344.0         47.2
  S2   F3      0.0219     0.68       13.9    0.0803       68.2 False  True False     1608.0   3516.0         49.1
  S2   X2     -0.0253    -0.87       23.9   -0.0743       40.9 False False False    -3203.0  -5029.0         41.5
  S2   X3     -0.0101    -0.31       17.3   -0.0601       36.4 False False False     -926.0  -3436.0         45.3
  S2   R2     -0.0445    -1.62       28.3   -0.0673       45.5 False False False    -6677.0  -4834.0         45.3
  S2   R3     -0.0064    -0.23       25.7   -0.0577       45.5 False False False     -876.0  -3911.0         52.8
  S2   T1     -0.0730    -2.24       24.8   -0.0853       54.5 False False False    -9597.0  -5666.0         41.5
  S2   T2     -0.0608    -2.10       28.9   -0.0880       50.0 False False False    -9301.0  -6529.0         41.5
  S2   T4     -0.0526    -1.99       31.9   -0.0826       50.0 False False False    -8901.0  -6640.0         41.5
  S2   A2     -0.0474    -1.65       25.5   -0.0798       45.5 False False False    -6413.0  -5605.0         39.6
  S2   A3     -0.0772    -2.82       31.2   -0.0789       50.0 False False False   -12786.0  -5999.0         37.7
  S2   L2     -0.0465    -1.65       30.1   -0.0849       40.9 False False False    -7429.0  -6794.0         43.4
  S2   L3     -0.0536    -1.93       29.8   -0.0769       40.9 False False False    -8464.0  -5856.0         43.4
  S2   K2     -0.0445    -2.16       49.8   -0.0577       50.0 False False False   -11740.0  -7863.0         35.8
  S2   V1     -0.0450    -1.50       22.9   -0.0492       50.0 False False False    -5464.0  -3175.0         37.7
  S2  G1c     -0.0325    -1.15       26.9   -0.0572       54.5 False False False    -4638.0  -4092.0         47.2
  S2   C1     -0.0283    -0.92       21.5   -0.1048       40.9 False False False    -3221.0  -6935.0         43.4
  S2   C2     -0.0621    -2.11       24.9   -0.0690       40.9 False False False    -8180.0  -4731.0         39.6
  S2   C3      0.0043     0.14       17.9    0.0175       59.1 False  True False      406.0    916.0         50.9
  S2   C6     -0.0395    -1.30       21.0   -0.0519       36.4 False False False    -4396.0  -3216.0         41.5
  S2   C4     -0.0752    -4.30       60.7   -0.0694       31.8 False False False   -24173.0  -9970.0         32.1
  S2   C5     -0.0858    -4.77       73.6   -0.0890       27.3 False False False   -33465.0 -14335.0         24.5

G1 passes: 2 of 52   BOTH: 2
best TRAIN t: 2.15 (G1c)

MDE, per trade (80%% power) and on the green-week share:
  S1 TRAIN: n=1125  MDE/trade=0.084 R   green-week MDE = +-19.2 pp over 53 weeks
  S1 VAL: n=604  MDE/trade=0.119 R   green-week MDE = +-29.8 pp over 22 weeks
  S2 TRAIN: n=1597  MDE/trade=0.078 R   green-week MDE = +-19.2 pp over 53 weeks
  S2 VAL: n=762  MDE/trade=0.117 R   green-week MDE = +-29.8 pp over 22 weeks
