[14:32:26] loading panel parquet (float32 cast)...
[14:32:44] panel loaded: 21,912,940 rows, 15,789 symbols, 2016-01-04..2026-09-29
[14:32:44] loading 1700c_assets.csv for name-based exclusions...
[14:32:44] name-based exclusion set: 11,964 symbols
[14:32:44] computing per-symbol features (shift/rolling)...
[14:32:55] computing within-symbol rolling vol (252d) and ADV20...
[14:33:19] master calendar (SPY) has 2,700 trading days, 2016-01-04..2026-09-29
[14:33:19] 509 rebalance dates generated (2017-01-03..2026-09-28)
[14:34:34] after name/pattern exclusions: 11,470,236 rows, 6,638 symbols remain
[14:34:41] building per-symbol price arrays for valuation...
[14:34:54] 6,638 symbol price series built
[14:35:03] ...100/509 rebalances processed
[14:35:09] ...200/509 rebalances processed
[14:35:15] ...300/509 rebalances processed
[14:35:23] ...400/509 rebalances processed
[14:35:31] ...500/509 rebalances processed
[14:35:31] rebalances with a priced week: 503; rebalances with a valid 20-name universe: 504; write-off events: 3
[14:35:32] wrote research/momentum_weekly/recon/B_eqw_weekly.csv (503 rows)
[14:35:32] wrote research/momentum_weekly/recon/B_eqw_by_year.csv (10 rows)
[14:35:32] wrote research/momentum_weekly/recon/B_eqw.md
[14:35:32] DONE
