2026-09-26 13:04:21,014 [INFO] load_fills: 9911 status==fill rows from /home/ec2-user/onemil/research/hod_entry/causal_arming_causal.csv
2026-09-26 13:04:38,042 [INFO] load_bars_from_store: 4464470 rows loaded from bars_fills_1478.db
2026-09-26 13:05:21,012 [INFO] load_bars_from_store: 9911 (symbol,day) groups
2026-09-26 13:05:25,479 [INFO] bar features: 2000/9911 fills done (65s elapsed)
2026-09-26 13:05:29,582 [INFO] bar features: 4000/9911 fills done (69s elapsed)
2026-09-26 13:05:33,529 [INFO] bar features: 6000/9911 fills done (73s elapsed)
2026-09-26 13:05:38,182 [INFO] bar features: 8000/9911 fills done (77s elapsed)
2026-09-26 13:05:42,314 [INFO] bar features: 0/9911 fills had NO RTH bar before fill_min in bars_fills_1478.db (all bar-derived columns NaN for those -- none)
2026-09-26 13:05:44,156 [INFO] rv_j: adv20 join coverage 100.0%
2026-09-26 13:05:52,270 [INFO] instrument id resolved for 9911/9911 fills
[13:06:05] attach_daily_ext: instrument id resolved for 9911/9911 fills
[13:06:09] corrected_cost: 6523 nbbo-src rows, 0 fell back to fill_instant formula (0.0% of nbbo-src)
2026-09-26 13:06:13,882 [INFO] batched_bar_counts[bars]: day 1/230 (2025-07-01)
2026-09-26 13:06:16,530 [INFO] batched_bar_counts[bars]: day 51/230 (2025-09-11)
2026-09-26 13:06:22,391 [INFO] batched_bar_counts[bars]: day 101/230 (2025-11-20)
2026-09-26 13:06:27,791 [INFO] batched_bar_counts[bars]: day 151/230 (2026-02-04)
2026-09-26 13:06:33,973 [INFO] batched_bar_counts[bars]: day 201/230 (2026-04-17)
2026-09-26 13:06:36,867 [INFO] batched_bar_counts[bars]: day 230/230 (2026-05-29)
2026-09-26 13:06:36,898 [INFO] batched_bar_counts[intraday_bars_1min]: day 1/230 (2025-07-01)
2026-09-26 13:06:39,270 [INFO] batched_bar_counts[intraday_bars_1min]: day 51/230 (2025-09-11)
2026-09-26 13:06:43,173 [INFO] batched_bar_counts[intraday_bars_1min]: day 101/230 (2025-11-20)
2026-09-26 13:06:46,404 [INFO] batched_bar_counts[intraday_bars_1min]: day 151/230 (2026-02-04)
2026-09-26 13:06:50,375 [INFO] batched_bar_counts[intraday_bars_1min]: day 201/230 (2026-04-17)
2026-09-26 13:06:52,361 [INFO] batched_bar_counts[intraday_bars_1min]: day 230/230 (2026-05-29)
2026-09-26 13:06:52,374 [INFO] decoy: store_served_1438 mean 0.195 (share of fills whose (symbol,day) has ZERO rows in bars_sip.db)
2026-09-26 13:06:52,986 [INFO] WROTE /home/ec2-user/onemil/research/hod_entry/features_1478_A.csv: 9911 rows, 41 feature columns
2026-09-26 13:06:52,992 [INFO] coverage per feature:
2026-09-26 13:06:52,992 [INFO]   R_pct: 100.0%
2026-09-26 13:06:52,992 [INFO]   adv20: 100.0%
2026-09-26 13:06:52,993 [INFO]   arm_index: 100.0%
2026-09-26 13:06:52,993 [INFO]   arm_m: 100.0%
2026-09-26 13:06:52,993 [INFO]   ask_distance_proxy_pct: 100.0%
2026-09-26 13:06:52,993 [INFO]   atr14_pct: 98.7%
2026-09-26 13:06:52,993 [INFO]   bar_density_j: 100.0%
2026-09-26 13:06:52,993 [INFO]   close_j: 100.0%
2026-09-26 13:06:52,993 [INFO]   consol_vol_ratio: 100.0%
2026-09-26 13:06:52,993 [INFO]   consol_vol_slope: 100.0%
2026-09-26 13:06:52,993 [INFO]   cum_volume_j: 100.0%
2026-09-26 13:06:52,993 [INFO]   dist_from_open_pct: 100.0%
2026-09-26 13:06:52,993 [INFO]   dollar_vol_to_j: 100.0%
2026-09-26 13:06:52,993 [INFO]   dow: 100.0%
2026-09-26 13:06:52,994 [INFO]   float_shares: 50.9%
2026-09-26 13:06:52,994 [INFO]   gap_vs_prior_close_pct: 100.0%
2026-09-26 13:06:52,994 [INFO]   half_entry: 100.0%
2026-09-26 13:06:52,994 [INFO]   halt_proxy: 100.0%
2026-09-26 13:06:52,994 [INFO]   high20: 98.0%
2026-09-26 13:06:52,994 [INFO]   higher_lows_count: 100.0%
2026-09-26 13:06:52,994 [INFO]   level_touches: 100.0%
2026-09-26 13:06:52,994 [INFO]   level_vs_high20_pct: 98.0%
2026-09-26 13:06:52,994 [INFO]   level_vs_prior_high_pct: 100.0%
2026-09-26 13:06:52,994 [INFO]   n_bars_j: 100.0%
2026-09-26 13:06:52,994 [INFO]   pm_dollar_vol: 100.0%
2026-09-26 13:06:52,994 [INFO]   prev_close: 100.0%
2026-09-26 13:06:52,994 [INFO]   prev_day_rvol: 97.9%
2026-09-26 13:06:52,994 [INFO]   prev_day_volume: 100.0%
2026-09-26 13:06:52,994 [INFO]   prev_high: 100.0%
2026-09-26 13:06:52,994 [INFO]   prior_range_pct: 100.0%
2026-09-26 13:06:52,995 [INFO]   pullback_depth_pct: 100.0%
2026-09-26 13:06:52,995 [INFO]   range_to_j_pct: 100.0%
2026-09-26 13:06:52,995 [INFO]   rth_bar_count_1438: 100.0%
2026-09-26 13:06:52,995 [INFO]   rv_j: 100.0%
2026-09-26 13:06:52,995 [INFO]   spread_frac_at_fill: 100.0%
2026-09-26 13:06:52,995 [INFO]   store_served_1438: 100.0%
2026-09-26 13:06:52,995 [INFO]   symbol_persistence: 99.4%
2026-09-26 13:06:52,995 [INFO]   tick_window_has_bar_j: 100.0%
2026-09-26 13:06:52,995 [INFO]   time_of_day_min: 100.0%
2026-09-26 13:06:52,995 [INFO]   vwap_dist_pct: 100.0%
2026-09-26 13:06:52,995 [INFO]   vwap_slope: 100.0%
2026-09-26 13:06:52,995 [INFO] TOTAL elapsed 152s
